04-07 12:46:20.724  1407  2741 V NetworkPolicy: mCarrierConfigReceiver() - subId: 1, slotId: 0
04-07 12:46:20.738  1407  2480 D CompatibilityChangeReporter: Compat change id reported: 168419799; UID 1001; state: DISABLED
04-07 12:46:20.740  1407  2469 W Looper  : Slow dispatch took 101ms android.ui h=com.android.server.am.ActivityManagerService$UiHandler c=null m=68
04-07 12:46:20.742  1407  2481 W ActivityManager: Slow operation: 82ms so far, now at startProcess: done updating battery stats
04-07 12:46:20.742  1407  2481 W ActivityManager: Slow operation: 83ms so far, now at startProcess: building log message
04-07 12:46:20.742  1407  2481 I ActivityManager: Start proc 8919:com.google.android.webview:sandboxed_process0:org.chromium.content.app.SandboxedProcessService0:0/u0ai9000 for  {com.adguard.android/org.chromium.content.app.SandboxedProcessService0:0}
04-07 12:46:20.742  1407  2481 I DynamicHiddenApp_BGProtectManager: check webview name : com.google.android.webview:sandboxed_process0:org.chromium.content.app.SandboxedProcessService0:0check hostingname webview : {com.adguard.android/org.chromium.content.app.SandboxedProcessService0:0}
04-07 12:46:20.742  1407  2481 W ActivityManager: Slow operation: 83ms so far, now at startProcess: starting to update pids map
04-07 12:46:20.743  1407  2481 W ActivityManager: Slow operation: 83ms so far, now at startProcess: done updating pids map
04-07 12:46:20.745  1407  2599 I ActivityManager: DSS OFF for com.adguard.android
04-07 12:46:20.748  1407  2599 I ActivityManager: Changes in 99000 20 to 4, 0 to 14
04-07 12:46:20.748  1407  2599 I AppOps  : updateUidProcState uid: 99000 procState: 4 capability:14
04-07 12:46:20.748  1407  2599 I AppOps  : commitUidPendingStateLocked() :: UID - 99000, 700 > 400, 0 > 14
04-07 12:46:20.752  1407  8912 I Telecom:SamsungTelecomServiceImpl: getDefaultDialerPackage - callingPid : 4295 / processName : sts
04-07 12:46:20.761  1407  5539 D CompatibilityChangeReporter: Compat change id reported: 168419799; UID 10249; state: DISABLED
04-07 12:46:20.761  1407  5539 I ActivityManager: DSS OFF for com.android.carrierconfig
04-07 12:46:20.764  1407  2468 W Looper  : Slow dispatch took 248ms android.fg h=android.os.Handler c=<recycled PooledLambda@6a928c7> m=0
04-07 12:46:20.776  1407  8912 W ActivityThread: Failed to find provider info for call_log (user not unlocked)
04-07 12:46:20.779  1407  1407 I Telecom:SamsungCloudPlatformManagement: register - errorCode : SamsungCloudPlatformErrorCode { Code : 20000000 / Message :  / Cause : No Error
04-07 12:46:20.779  1407  1407 I Telecom:SamsungCloudPlatformManagement: initialize - errorCode : SamsungCloudPlatformErrorCode { Code : 20000000 / Message :  / Cause : No Error
04-07 12:46:20.780  1407  3661 I Telecom:SamsungOpenCommunicationPlatformPolicyTrackHandler: handleMessage : 2
04-07 12:46:20.780  1407  3661 I Telecom:SamsungCloudPlatformManagement: isAvailable : true
04-07 12:46:20.791  1407  1407 W LoadedApk: Slow system_server main thread handled for android.intent.action.BOOT_COMPLETED took 115 ms, Receiver = com.android.server.telecom.TelecomSystem$4@1cf4d59
04-07 12:46:20.791  1407  1407 W Looper  : Slow dispatch took 116ms main h=android.app.ActivityThread$H c=android.app.LoadedApk$ReceiverDispatcher$Args$$ExternalSyntheticLambda0@666b3de m=0
04-07 12:46:20.792  1407  1407 I Telecom:SamsungTelecomServiceImpl: getSimCallManagerForUser - user : 0 / callingPid : 1407 / processName : sts
04-07 12:46:20.794  1407  3661 I Telecom:SamsungCloudPlatformManagement: getDataInternal - result : 2 / errorCode : SamsungCloudPlatformErrorCode { Code : 90000000 / Message : configuration is not downloaded. please wait next schedule. / Cause : Internal Client Error
04-07 12:46:20.794  1407  3661 I Telecom:SamsungCloudPlatformManagement: FAIL - Update fails.
04-07 12:46:20.794  1407  3661 I Telecom:SamsungCloudPlatformHelper: readLines - pfd is null
04-07 12:46:20.796  1407  3661 I Telecom:SamsungOpenCommunicationPlatformPolicyVersionManager: updateVersions : UNKNOWN / []
04-07 12:46:20.797  1407  3661 I Telecom:SamsungOpenCommunicationPlatformPolicyManager: handlePolicyUpdated - allowedPhoneAccount : [SamsungJsonPhoneAccount { RawData : {"package_name":"com.google.android.apps.tachyon","component_name":"","sales_code_option":"exclude","sales_codes":["CDR","DOR","UFN","UFU","SAM","CHC","TCE","GCF"],"model_names":[],"orders":{"default":200,"SKC":900,"KTC":900,"LUC":900}} / PackageName : com.google.android.apps.tachyon / ComponentName :  / SalesCodeOption : exclude / SalesCodes : [CDR, DOR, UFN, UFU, SAM, CHC, TCE, GCF] / ModelNameOption : null / ModelNames : [] / Orders : {default=200, SKC=900, KTC=900, LUC=900} / Order : 200, SamsungJsonPhoneAccount { RawData : {"package_name":"com.skt.prod.together","component_name":"","sales_code_option":"include","sales_codes":["SKC","KOO"],"model_names":[],"orders":{"SKC":100}} / PackageName : com.skt.prod.together / ComponentName :  / SalesCodeOption : include / SalesCodes : [SKC, KOO] / ModelNameOption : null / ModelNames : [] / Orders : {SKC=100} / Order : 1000]
04-07 12:46:20.798  1407  3661 I Telecom:SamsungOpenCommunicationPlatformPolicyBroadcaster: sendBroadcastAsUser - origin : REGISTER_DEFAULT
04-07 12:46:20.802  1407  3661 I Telecom:SamsungOpenCommunicationPlatformPolicyManager: isWritableLatestType : false
04-07 12:46:20.802  1407  3661 I Telecom:SamsungOpenCommunicationPlatformPolicyManager: type : SCPM / hasValidData : true / hasType : true / hasData : true
04-07 12:46:20.802  1407  3661 I Telecom:SamsungOpenCommunicationPlatformPolicyManager: type : LOCAL / hasValidData : false / hasType : true / hasData : false
04-07 12:46:20.802  1407  3661 I Telecom:SamsungOpenCommunicationPlatformPolicyManager: isWritable : false / isWritableLatestType : false / hasWritableData : true
04-07 12:46:20.802  1407  3661 I Telecom:SamsungOpenCommunicationPlatformPolicyTrackHandler: handleMessage : 1
04-07 12:46:20.803  1407  3661 I Telecom:SamsungCipherCoder: validEncodedAllBytes - matches : true
04-07 12:46:20.803  1407  3661 I Telecom:SamsungCipherCoder: decoded : true
04-07 12:46:20.803  1407  3661 I Telecom:SamsungOpenCommunicationPlatformPolicyVersionManager: updateVersions : UNKNOWN / []
04-07 12:46:20.804  1407  3661 I Telecom:SamsungOpenCommunicationPlatformPolicyManager: handlePolicyUpdated - allowedPhoneAccount : [SamsungJsonPhoneAccount { RawData : {"package_name":"com.google.android.apps.tachyon","component_name":"","sales_code_option":"exclude","sales_codes":["CDR","DOR","UFN","UFU","SAM","CHC","TCE","GCF"],"model_names":[],"orders":{"default":200,"SKC":900,"KTC":900,"LUC":900}} / PackageName : com.google.android.apps.tachyon / ComponentName :  / SalesCodeOption : exclude / SalesCodes : [CDR, DOR, UFN, UFU, SAM, CHC, TCE, GCF] / ModelNameOption : null / ModelNames : [] / Orders : {default=200, SKC=900, KTC=900, LUC=900} / Order : 200, SamsungJsonPhoneAccount { RawData : {"package_name":"com.skt.prod.together","component_name":"","sales_code_option":"include","sales_codes":["SKC","KOO"],"model_names":[],"orders":{"SKC":100}} / PackageName : com.skt.prod.together / ComponentName :  / SalesCodeOption : include / SalesCodes : [SKC, KOO] / ModelNameOption : null / ModelNames : [] / Orders : {SKC=100} / Order : 1000]
04-07 12:46:20.805  1407  3661 I Telecom:SamsungOpenCommunicationPlatformPolicyBroadcaster: sendBroadcastAsUser - origin : BOOT_DEFAULT
04-07 12:46:20.805  1407  1407 I Telecom : PhoneAccountRegistrar: getSimCallManager: SimCallManager for subId 1 queried, returning: null: TSI.gSCMFU@AK8
04-07 12:46:20.805  1407  1407 I Telecom:SamsungTelecomServiceImpl: getSimCallManagerForUser - user : 150 / callingPid : 1407 / processName : sts
04-07 12:46:20.807  1407  3661 I Telecom:SamsungOpenCommunicationPlatformPolicyManager: isWritableLatestType : false
04-07 12:46:20.807  1407  3661 I Telecom:SamsungOpenCommunicationPlatformPolicyManager: type : SCPM / hasValidData : false / hasType : false / hasData : true
04-07 12:46:20.807  1407  3661 I Telecom:SamsungOpenCommunicationPlatformPolicyManager: type : LOCAL / hasValidData : false / hasType : true / hasData : false
04-07 12:46:20.807  1407  3661 I Telecom:SamsungOpenCommunicationPlatformPolicyManager: isWritable : false / isWritableLatestType : false / hasWritableData : true
04-07 12:46:20.807  1407  1407 I Telecom : PhoneAccountRegistrar: getSimCallManager: SimCallManager for subId 1 queried, returning: null: TSI.gSCMFU@ALA
04-07 12:46:20.831  1407  6568 I VaultKeeperService: sensitiveBox
04-07 12:46:20.831  1407  6568 I VaultKeeperService: Get service instance by (6201/10074)
04-07 12:46:20.834  1407  6568 I VaultKeeperService: Client info : com.samsung.android.kgclient
04-07 12:46:20.860  1407  1407 I Telecom:SamsungMissedCallNotifierImpl: getCursorCount : 0 / UserHandle : UserHandle{0}
04-07 12:46:20.861  1407  1407 I Telecom:MissedCallNotifierImpl: shouldManageNotificationThroughDefaultDialer - size : 1 / package : com.samsung.android.dialer
04-07 12:46:20.861  1407  1407 I Telecom:SamsungMissedCallNotifierImpl: queryManageNotificationThroughOemSystemDialer - shouldManageNotificationThroughDefaultDialer : true
04-07 12:46:20.864  1407  1407 I engmode_service: BootCompleted
04-07 12:46:20.865  1407  1407 D CompatibilityChangeReporter: Compat change id reported: 319212206; UID 1000; state: DISABLED
04-07 12:46:20.866  1407  1407 D CompatibilityChangeReporter: Compat change id reported: 319212206; UID 1000; state: ENABLED
04-07 12:46:20.874  1407  5539 D CompatibilityChangeReporter: Compat change id reported: 135634846; UID 10224; state: DISABLED
04-07 12:46:20.874  1407  5539 D CompatibilityChangeReporter: Compat change id reported: 177438394; UID 10224; state: DISABLED
04-07 12:46:20.874  1407  5539 D CompatibilityChangeReporter: Compat change id reported: 135772972; UID 10224; state: DISABLED
04-07 12:46:20.874  1407  5539 D CompatibilityChangeReporter: Compat change id reported: 135754954; UID 10224; state: ENABLED
04-07 12:46:20.875  1407  2481 D CompatibilityChangeReporter: Compat change id reported: 143937733; UID 10224; state: ENABLED
04-07 12:46:20.882  1407  2785 I engmode_service: Network is available
04-07 12:46:20.913  1407  2481 I ActivityManager: Start proc 8963:com.google.android.apps.carrier.carrierwifi/u0a224 for broadcast {com.google.android.apps.carrier.carrierwifi/com.google.android.apps.carrier.carrierwifi.CarrierWifiReceiver}
04-07 12:46:20.927  1407  2468 W Looper  : Slow dispatch took 163ms android.fg h=android.os.Handler c=<recycled PooledLambda@43bbf69> m=0
04-07 12:46:20.935  1407  2481 D CompatibilityChangeReporter: Compat change id reported: 143937733; UID 10232; state: ENABLED
04-07 12:46:20.947  1407  2481 I ActivityManager: Start proc 8970:com.google.android.webview:webview_service/u0a232 for service {com.google.android.webview/org.chromium.android_webview.services.ComponentsProviderService}
04-07 12:46:20.983  1407  2596 I Telecom:SamsungTelecomServiceImpl: getDefaultDialerPackageForUser - userId : 0 / callingPid : 2907 / processName : sts
04-07 12:46:20.984   714   714 D io_stats: !@   8,0 r 140211 6576956 w 13988 191252 d 5270 1347500 f 0 0 iot 24428 0 th 0 0 0 pt 0 inp 0 1 68.848
04-07 12:46:21.014  1407  5582 I Telecom:SamsungTelecomServiceImpl: getDefaultDialerPackage - callingPid : 2907 / processName : sts
04-07 12:46:21.016  1407  5582 I Telecom:SamsungTelecomServiceImpl: getDefaultDialerPackage - callingPid : 2907 / processName : sts
04-07 12:46:21.018  1407  5582 I Telecom:SamsungTelecomServiceImpl: getSystemDialerPackage - callingPid : 2907 / processName : sts
04-07 12:46:21.023  1407  5582 I Telecom:SamsungTelecomServiceImpl: getDefaultDialerPackage - callingPid : 2907 / processName : sts
04-07 12:46:21.047  1407  2599 D CompatibilityChangeReporter: Compat change id reported: 168419799; UID 10224; state: DISABLED
04-07 12:46:21.048  1407  2599 I ActivityManager: DSS OFF for com.google.android.apps.carrier.carrierwifi
04-07 12:46:21.050   742   742 I keystore2: keystore2::security_level: In create_operation. Success to create IKeystoreOperation. 5009, None
04-07 12:46:21.069  1407  5582 D CompatibilityChangeReporter: Compat change id reported: 168419799; UID 10232; state: DISABLED
04-07 12:46:21.069  1407  5582 I ActivityManager: DSS OFF for com.google.android.webview
04-07 12:46:21.078  1407  2599 W ContextImpl: Calling a method in the system process without a qualified user: android.app.ContextImpl.sendBroadcastMultiplePermissions:1285 com.android.server.TelephonyRegistry.broadcastServiceStateChanged:3130 com.android.server.TelephonyRegistry.notifyServiceStateForPhoneId:1630 com.android.internal.telephony.ITelephonyRegistry$Stub.onTransact:499 android.os.Binder.execTransactInternal:1321 
04-07 12:46:21.078  1407  5582 I ActivityManager: Changes in 10232 19 to 4, 0 to 14
04-07 12:46:21.079  1407  5582 I AppOps  : updateUidProcState uid: 10232 procState: 4 capability:14
04-07 12:46:21.079  1407  5582 I AppOps  : commitUidPendingStateLocked() :: UID - 10232, 700 > 400, 0 > 14
04-07 12:46:21.107  1407  2599 W ContextImpl: Calling a method in the system process without a qualified user: android.app.ContextImpl.sendBroadcastMultiplePermissions:1335 android.content.Context.sendBroadcastMultiplePermissions:2285 com.android.server.TelephonyRegistry.broadcastServiceStateChanged:3134 com.android.server.TelephonyRegistry.notifyServiceStateForPhoneId:1630 com.android.internal.telephony.ITelephonyRegistry$Stub.onTransact:499 
04-07 12:46:21.116  1407  2468 W Looper  : Slow dispatch took 189ms android.fg h=android.os.Handler c=<recycled PooledLambda@aea699d> m=0
04-07 12:46:21.161  1407  3576 D SecContentProvider: called from com.samsung.android.app.contacts
04-07 12:46:21.172  1407  3001 I VaultKeeperService: sensitiveBox
04-07 12:46:21.172  1407  3001 I VaultKeeperService: Get service instance by (6201/10074)
04-07 12:46:21.177  1407  3001 I VaultKeeperService: Client info : com.samsung.android.kgclient
04-07 12:46:21.178  1407  6593 I ActivityManager: Changes in 10576 4 to 10, 8 to 0
04-07 12:46:21.179  1407  2599 W ContextImpl: Calling a method in the system process without a qualified user: android.app.ContextImpl.sendBroadcastMultiplePermissions:1335 android.content.Context.sendBroadcastMultiplePermissions:2285 com.android.server.TelephonyRegistry.broadcastServiceStateChanged:3141 com.android.server.TelephonyRegistry.notifyServiceStateForPhoneId:1630 com.android.internal.telephony.ITelephonyRegistry$Stub.onTransact:499 
04-07 12:46:21.180  1407  6593 I ActivityManager: Changes in 99000 4 to 10, 14 to 0
04-07 12:46:21.180  1407  6593 I ActivityManager: Changes in 10232 4 to 10, 14 to 0
04-07 12:46:21.188  1407  2599 W ContextImpl: Calling a method in the system process without a qualified user: android.app.ContextImpl.sendBroadcastMultiplePermissions:1335 android.content.Context.sendBroadcastMultiplePermissions:2285 com.android.server.TelephonyRegistry.broadcastServiceStateChanged:3145 com.android.server.TelephonyRegistry.notifyServiceStateForPhoneId:1630 com.android.internal.telephony.ITelephonyRegistry$Stub.onTransact:499 
04-07 12:46:21.196  1407  2596 W BroadcastQueue: Appop Denial: receiving Intent { act=android.intent.action.SERVICE_STATE flg=0x1000010 (has extras) } to ProcessRecord{3050c99 1407:system/1000} (pid=1407, uid=1000) excludes appop android:read_phone_state due to sender android (uid 1001)
04-07 12:46:21.197  1407  6593 D SecContentProvider: called from com.samsung.android.app.contacts
04-07 12:46:21.197  1407  2596 W BroadcastQueue: Appop Denial: receiving Intent { act=android.intent.action.SERVICE_STATE flg=0x1000010 (has extras) } to ProcessRecord{3d9e26b 2923:com.android.systemui/u0a40} (pid=2923, uid=10040) excludes appop android:read_phone_state due to sender android (uid 1001)
04-07 12:46:21.198  1407  2596 W BroadcastQueue: Appop Denial: receiving Intent { act=android.intent.action.SERVICE_STATE flg=0x1000010 (has extras) } to ProcessRecord{a878105 2907:com.android.phone/1001} (pid=2907, uid=1001) excludes appop android:read_phone_state due to sender android (uid 1001)
04-07 12:46:21.200  1407  2596 W BroadcastQueue: Appop Denial: receiving Intent { act=android.intent.action.SERVICE_STATE flg=0x1000010 (has extras) } to ProcessRecord{a878105 2907:com.android.phone/1001} (pid=2907, uid=1001) excludes appop android:read_phone_state due to sender android (uid 1001)
04-07 12:46:21.201  1407  2596 W BroadcastQueue: Appop Denial: receiving Intent { act=android.intent.action.SERVICE_STATE flg=0x1000010 (has extras) } to ProcessRecord{a878105 2907:com.android.phone/1001} (pid=2907, uid=1001) excludes appop android:read_phone_state due to sender android (uid 1001)
04-07 12:46:21.202  1407  2596 W BroadcastQueue: Appop Denial: receiving Intent { act=android.intent.action.SERVICE_STATE flg=0x1000010 (has extras) } to ProcessRecord{3050c99 1407:system/1000} (pid=1407, uid=1000) excludes appop android:read_phone_state due to sender android (uid 1001)
04-07 12:46:21.202  1407  2596 W BroadcastQueue: Appop Denial: receiving Intent { act=android.intent.action.SERVICE_STATE flg=0x1000010 (has extras) } to ProcessRecord{3050c99 1407:system/1000} (pid=1407, uid=1000) excludes appop android:fine_location due to sender android (uid 1001)
04-07 12:46:21.203  1407  2596 W BroadcastQueue: Appop Denial: receiving Intent { act=android.intent.action.SERVICE_STATE flg=0x1000010 (has extras) } to ProcessRecord{3d9e26b 2923:com.android.systemui/u0a40} (pid=2923, uid=10040) excludes appop android:fine_location due to sender android (uid 1001)
04-07 12:46:21.204  1407  2596 W BroadcastQueue: Appop Denial: receiving Intent { act=android.intent.action.SERVICE_STATE flg=0x1000010 (has extras) } to ProcessRecord{a878105 2907:com.android.phone/1001} (pid=2907, uid=1001) excludes appop android:fine_location due to sender android (uid 1001)
04-07 12:46:21.206  1407  2596 W BroadcastQueue: Appop Denial: receiving Intent { act=android.intent.action.SERVICE_STATE flg=0x1000010 (has extras) } to ProcessRecord{a878105 2907:com.android.phone/1001} (pid=2907, uid=1001) excludes appop android:fine_location due to sender android (uid 1001)
04-07 12:46:21.208  1407  2596 W BroadcastQueue: Appop Denial: receiving Intent { act=android.intent.action.SERVICE_STATE flg=0x1000010 (has extras) } to ProcessRecord{a878105 2907:com.android.phone/1001} (pid=2907, uid=1001) excludes appop android:fine_location due to sender android (uid 1001)
04-07 12:46:21.209  1407  2596 W BroadcastQueue: Appop Denial: receiving Intent { act=android.intent.action.SERVICE_STATE flg=0x1000010 (has extras) } to ProcessRecord{3050c99 1407:system/1000} (pid=1407, uid=1000) excludes appop android:fine_location due to sender android (uid 1001)
04-07 12:46:21.209  1407  2596 W BroadcastQueue: Appop Denial: receiving Intent { act=android.intent.action.SERVICE_STATE flg=0x1000010 (has extras) } to ProcessRecord{3050c99 1407:system/1000} (pid=1407, uid=1000) excludes appop android:read_phone_state due to sender android (uid 1001)
04-07 12:46:21.211  1407  2596 W BroadcastQueue: Appop Denial: receiving Intent { act=android.intent.action.SERVICE_STATE flg=0x1000010 (has extras) } to ProcessRecord{3d9e26b 2923:com.android.systemui/u0a40} (pid=2923, uid=10040) excludes appop android:read_phone_state due to sender android (uid 1001)
04-07 12:46:21.212  1407  2596 W BroadcastQueue: Appop Denial: receiving Intent { act=android.intent.action.SERVICE_STATE flg=0x1000010 (has extras) } to ProcessRecord{a878105 2907:com.android.phone/1001} (pid=2907, uid=1001) excludes appop android:read_phone_state due to sender android (uid 1001)
04-07 12:46:21.212  1407  6593 I Telecom:SamsungTelecomServiceImpl: getPhoneAccount - PhoneAccountHandle : ComponentInfo{com.android.phone/com.android.services.telephony.TelephonyConnectionService}, 1, UserHandle{0} / callingPid : 3857 / processName : sts
04-07 12:46:21.212  1407  6593 D CompatibilityChangeReporter: Compat change id reported: 183407956; UID 1001; state: ENABLED
04-07 12:46:21.213  1407  6568 D SecContentProvider: called from com.samsung.android.app.contacts
04-07 12:46:21.214  1407  6593 I Telecom : PhoneAccountRegistrar: getSimCallManager: SimCallManager for subId 1 queried, returning: null
04-07 12:46:21.216  1407  2596 W BroadcastQueue: Appop Denial: receiving Intent { act=android.intent.action.SERVICE_STATE flg=0x1000010 (has extras) } to ProcessRecord{a878105 2907:com.android.phone/1001} (pid=2907, uid=1001) excludes appop android:read_phone_state due to sender android (uid 1001)
04-07 12:46:21.219  1407  2596 W BroadcastQueue: Appop Denial: receiving Intent { act=android.intent.action.SERVICE_STATE flg=0x1000010 (has extras) } to ProcessRecord{a878105 2907:com.android.phone/1001} (pid=2907, uid=1001) excludes appop android:read_phone_state due to sender android (uid 1001)
04-07 12:46:21.219  1407  2596 W BroadcastQueue: Appop Denial: receiving Intent { act=android.intent.action.SERVICE_STATE flg=0x1000010 (has extras) } to ProcessRecord{3050c99 1407:system/1000} (pid=1407, uid=1000) excludes appop android:read_phone_state due to sender android (uid 1001)
04-07 12:46:21.220  1407  2596 W BroadcastQueue: Permission Denial: receiving Intent { act=android.os.storage.action.VOLUME_STATE_CHANGED flg=0x5000010 (has extras) } to com.sec.android.app.sbrowser/.download.DownloadBroadcastReceiver requires android.permission.WRITE_MEDIA_STORAGE due to sender android (uid 1000)
04-07 12:46:21.228  1407  2480 D CompatibilityChangeReporter: Compat change id reported: 174042980; UID 10059; state: DISABLED
04-07 12:46:21.228  1407  2480 D CompatibilityChangeReporter: Compat change id reported: 174042980; UID 10111; state: DISABLED
04-07 12:46:21.228  1407  2480 D CompatibilityChangeReporter: Compat change id reported: 174042980; UID 10103; state: DISABLED
04-07 12:46:21.228  1407  2480 D CompatibilityChangeReporter: Compat change id reported: 174042980; UID 10283; state: DISABLED
04-07 12:46:21.230  1407  8962 I engmode_service_time: no token, exit
04-07 12:46:21.244  1407  6568 I Telecom:SamsungTelecomServiceImpl: getPhoneAccount - PhoneAccountHandle : ComponentInfo{com.android.phone/com.android.services.telephony.TelephonyConnectionService}, 1, UserHandle{0} / callingPid : 3857 / processName : sts
04-07 12:46:21.246  1407  6568 I Telecom : PhoneAccountRegistrar: getSimCallManager: SimCallManager for subId 1 queried, returning: null
04-07 12:46:21.247  1407  1407 I Telecom:SamsungTelecomServiceImpl: getSimCallManagerForUser - user : 0 / callingPid : 1407 / processName : sts
04-07 12:46:21.248  1407  1407 I Telecom : PhoneAccountRegistrar: getSimCallManager: SimCallManager for subId 1 queried, returning: null: TSI.gSCMFU@ALk
04-07 12:46:21.248  1407  1407 I Telecom:SamsungTelecomServiceImpl: getSimCallManagerForUser - user : 150 / callingPid : 1407 / processName : sts
04-07 12:46:21.251  1407  1407 I Telecom : PhoneAccountRegistrar: getSimCallManager: SimCallManager for subId 1 queried, returning: null: TSI.gSCMFU@ALo
04-07 12:46:21.259  1407  6568 I Telecom:SamsungTelecomServiceImpl: getPhoneAccount - PhoneAccountHandle : ComponentInfo{com.android.phone/com.android.services.telephony.TelephonyConnectionService}, 1, UserHandle{0} / callingPid : 3857 / processName : sts
04-07 12:46:21.261  1407  6568 I Telecom : PhoneAccountRegistrar: getSimCallManager: SimCallManager for subId 1 queried, returning: null
04-07 12:46:21.263  1407  3531 I Telecom:SamsungTelecomServiceImpl: getPhoneAccount - PhoneAccountHandle : ComponentInfo{com.android.phone/com.android.services.telephony.TelephonyConnectionService}, 1, UserHandle{0} / callingPid : 3857 / processName : sts
04-07 12:46:21.269  1407  3531 I Telecom : PhoneAccountRegistrar: getSimCallManager: SimCallManager for subId 1 queried, returning: null
04-07 12:46:21.270  1407  2596 I ActivityManager: Killing 6284:com.google.android.apps.maps/u0a242 (adj 955): empty #37
04-07 12:46:21.290  1407  2596 I ActivityManager: Killing 5622:com.android.keychain/1000 (adj 999): empty #37
04-07 12:46:21.292  1407  2468 W Looper  : Slow dispatch took 176ms android.fg h=android.os.Handler c=<recycled PooledLambda@f0b1246> m=0
04-07 12:46:21.292  1407  2596 I ActivityManager: Killing 7448:com.samsung.android.bluelightfilter/u0a46 (adj 999): empty #38
04-07 12:46:21.299  1407  2656 I UMR     : B|Compact com.google.android.webview:sandboxed_process0:org.chromium.content.app.SandboxedProcessService0:0(8919)
04-07 12:46:21.312  1407  2596 D CompatibilityChangeReporter: Compat change id reported: 135634846; UID 10465; state: DISABLED
04-07 12:46:21.312  1407  2596 D CompatibilityChangeReporter: Compat change id reported: 177438394; UID 10465; state: DISABLED
04-07 12:46:21.312  1407  2596 D CompatibilityChangeReporter: Compat change id reported: 135772972; UID 10465; state: DISABLED
04-07 12:46:21.312  1407  2596 D CompatibilityChangeReporter: Compat change id reported: 135754954; UID 10465; state: ENABLED
04-07 12:46:21.314  1407  2481 D CompatibilityChangeReporter: Compat change id reported: 143937733; UID 10465; state: ENABLED
04-07 12:46:21.315  1407  2596 I ActivityManager: Killing 7044:com.samsung.android.game.gos/u0a65 (adj 999): empty #37
04-07 12:46:21.320  1407  2599 I GenerationRegistry: mBackingStore.isClosed() : false
04-07 12:46:21.321  1407  2481 I ActivityManager: Start proc 9011:com.roznamaaa/u0a465 for broadcast {com.roznamaaa/me.carda.awesome_notifications.DartRefreshSchedulesReceiver}
04-07 12:46:21.322  1407  2596 D ActivityManager: Allow to move it other display without killing the process for DeX. :com.google.android.cellbroadcastreceiver
04-07 12:46:21.324  1407  2596 D CompatibilityChangeReporter: Compat change id reported: 135634846; UID 10257; state: DISABLED
04-07 12:46:21.324  1407  2596 D CompatibilityChangeReporter: Compat change id reported: 177438394; UID 10257; state: DISABLED
04-07 12:46:21.324  1407  2596 D CompatibilityChangeReporter: Compat change id reported: 135772972; UID 10257; state: DISABLED
04-07 12:46:21.324  1407  2596 D CompatibilityChangeReporter: Compat change id reported: 135754954; UID 10257; state: ENABLED
04-07 12:46:21.324  1407  2481 D CompatibilityChangeReporter: Compat change id reported: 143937733; UID 10257; state: ENABLED
04-07 12:46:21.335  1407  2596 I ActivityManager: Killing 7358:com.android.printspooler/u0a170 (adj 999): empty #37
04-07 12:46:21.351  1407  2481 I ActivityManager: Start proc 9012:com.google.android.cellbroadcastreceiver/u0a257 for broadcast {com.google.android.cellbroadcastreceiver/com.android.cellbroadcastreceiver.CellBroadcastReceiver}
04-07 12:46:21.396  1407  5532 I ActivityManager: Killing 8360:com.samsung.android.app.smartcapture/u0a151 (adj 955): empty #37
04-07 12:46:21.433  1407  5532 I ActivityManager: DSS OFF for com.google.android.cellbroadcastreceiver
04-07 12:46:21.442  1407  2656 I UMR     : E|Compact d_rss=-31372KB
04-07 12:46:21.446  1407  1407 I Telecom:SamsungTelecomServiceImpl: isInManagedCall - callingPackage : android
04-07 12:46:21.446  1407  1407 I NotificationService: Cannot find enqueued record for key: 0|com.adguard.android|2705|null|10576
04-07 12:46:21.517  1407  3001 I VaultKeeperService: verifyCertificate
04-07 12:46:21.517  1407  3001 I VaultKeeperService: Get service instance by (6201/10074)
04-07 12:46:21.518  1407  3001 I VaultKeeperService: Client info : com.samsung.android.kgclient
04-07 12:46:21.567  1407  2596 I ActivityManager: com.samsung.android.applock is exempt from freezer
04-07 12:46:21.568  1407  2596 D CompatibilityChangeReporter: Compat change id reported: 135634846; UID 1000; state: DISABLED
04-07 12:46:21.568  1407  2596 D CompatibilityChangeReporter: Compat change id reported: 177438394; UID 1000; state: DISABLED
04-07 12:46:21.568  1407  2596 D CompatibilityChangeReporter: Compat change id reported: 135772972; UID 1000; state: DISABLED
04-07 12:46:21.568  1407  2596 D CompatibilityChangeReporter: Compat change id reported: 135754954; UID 1000; state: ENABLED
04-07 12:46:21.576  1407  2481 I ActivityManager: Start proc 9035:com.samsung.android.applock/1000 for broadcast {com.samsung.android.applock/com.samsung.android.applock.settings.MemoryCardActionReceiver}
04-07 12:46:21.625  1407  2596 I GenerationRegistry: mBackingStore.isClosed() : false
04-07 12:46:21.640  1407  1407 I Pageboost: package null
04-07 12:46:21.644  1407  2596 I ActivityManager: Killing 6054:com.google.android.apps.youtube.music/u0a630 (adj 955): empty #37
04-07 12:46:21.676  1407  5539 I ActivityManager: DSS OFF for com.samsung.android.applock
04-07 12:46:21.686  1407  6593 D CompatibilityChangeReporter: Compat change id reported: 168419799; UID 10224; state: DISABLED
04-07 12:46:21.744  1407  2468 W Looper  : Slow dispatch took 403ms android.fg h=android.os.Handler c=<recycled PooledLambda@e878e6a> m=0
04-07 12:46:21.747  1407  2596 D CompatibilityChangeReporter: Compat change id reported: 194532703; UID 10224; state: ENABLED
04-07 12:46:21.748  1407  6593 I VaultKeeperService: read
04-07 12:46:21.748  1407  6593 I VaultKeeperService: Get service instance by (6201/10074)
04-07 12:46:21.750  1407  6593 I VaultKeeperService: Client info : com.samsung.android.kgclient
04-07 12:46:21.762  1407  2596 I ActivityManager: Changes in 10224 19 to 8, 0 to 8
04-07 12:46:21.809  1407  3034 I GenerationRegistry: mBackingStore.isClosed() : false
04-07 12:46:22.004  1407  5539 D CompatibilityChangeReporter: Compat change id reported: 319212206; UID 5013; state: DISABLED
04-07 12:46:22.041  1407  2908 I Pageboost: Launcher Page Up
04-07 12:46:22.043  1407  3034 D CompatibilityChangeReporter: Compat change id reported: 161145287; UID 10224; state: DISABLED
04-07 12:46:22.046  1407  2468 W Looper  : Slow dispatch took 303ms android.fg h=android.os.Handler c=<recycled PooledLambda@a8233dd> m=0
04-07 12:46:22.050  1407  2596 D SemContextConnectionList: client packageName : android
04-07 12:46:22.086  1407  3043 I GenerationRegistry: mBackingStore.isClosed() : false
04-07 12:46:22.086  1407  5539 D CompatibilityChangeReporter: Compat change id reported: 168419799; UID 10465; state: DISABLED
04-07 12:46:22.087  1407  5539 I ActivityManager: DSS OFF for com.roznamaaa
04-07 12:46:22.096  1407  2599 D CompatibilityChangeReporter: Compat change id reported: 168419799; UID 5004; state: DISABLED
04-07 12:46:22.104  1407  6093 D CompatibilityChangeReporter: Compat change id reported: 135634846; UID 10145; state: DISABLED
04-07 12:46:22.104  1407  6093 D CompatibilityChangeReporter: Compat change id reported: 177438394; UID 10145; state: DISABLED
04-07 12:46:22.104  1407  6093 D CompatibilityChangeReporter: Compat change id reported: 135772972; UID 10145; state: DISABLED
04-07 12:46:22.104  1407  6093 D CompatibilityChangeReporter: Compat change id reported: 135754954; UID 10145; state: ENABLED
04-07 12:46:22.106  1407  2481 D CompatibilityChangeReporter: Compat change id reported: 143937733; UID 10145; state: ENABLED
04-07 12:46:22.126  1407  2481 I ActivityManager: Start proc 9091:com.sec.android.app.DataCreate/u0a145 for broadcast {com.sec.android.app.DataCreate/com.sec.android.app.DataCreate.Receiver}
04-07 12:46:22.136  1407  6093 I ActivityManager: Changes in 10224 8 to 10, 8 to 0
04-07 12:46:22.143  1407  2596 I ActivityManager: Killing 3184:com.samsung.android.cidmanager/1001 (adj 999): empty #37
04-07 12:46:22.156  1407  2596 D ApplicationPolicy: getAppInstallationMode() :  userID :   0  != AdminUserID  150
04-07 12:46:22.186  1407  6093 I ActivityManager: Changes in 10224 19 to 8, 0 to 8
04-07 12:46:22.225  1407  2596 I ActivityManager: Changes in 10224 8 to 10, 8 to 0
04-07 12:46:22.229  1407  2468 W Looper  : Drained
04-07 12:46:22.269  1407  5539 D CompatibilityChangeReporter: Compat change id reported: 168419799; UID 10145; state: DISABLED
04-07 12:46:22.269  1407  5539 I ActivityManager: DSS OFF for com.sec.android.app.DataCreate
04-07 12:46:22.437  1407  5578 D CompatibilityChangeReporter: Compat change id reported: 168419799; UID 10103; state: DISABLED
04-07 12:46:22.475  1407  5578 D CompatibilityChangeReporter: Compat change id reported: 135634846; UID 10275; state: DISABLED
04-07 12:46:22.476  1407  5578 D CompatibilityChangeReporter: Compat change id reported: 177438394; UID 10275; state: DISABLED
04-07 12:46:22.476  1407  5578 D CompatibilityChangeReporter: Compat change id reported: 135772972; UID 10275; state: DISABLED
04-07 12:46:22.480  1407  2596 D CompatibilityChangeReporter: Compat change id reported: 194532703; UID 10576; state: ENABLED
04-07 12:46:22.481  1407  5578 D CompatibilityChangeReporter: Compat change id reported: 135754954; UID 10275; state: ENABLED
04-07 12:46:22.487  1407  2481 D CompatibilityChangeReporter: Compat change id reported: 143937733; UID 10275; state: ENABLED
04-07 12:46:22.496  1407  3576 D CompatibilityChangeReporter: Compat change id reported: 135634846; UID 10043; state: DISABLED
04-07 12:46:22.496  1407  3576 D CompatibilityChangeReporter: Compat change id reported: 177438394; UID 10043; state: DISABLED
04-07 12:46:22.496  1407  3576 D CompatibilityChangeReporter: Compat change id reported: 135772972; UID 10043; state: DISABLED
04-07 12:46:22.496  1407  3576 D CompatibilityChangeReporter: Compat change id reported: 135754954; UID 10043; state: ENABLED
04-07 12:46:22.498  1407  6218 I VaultKeeperService: destroy
04-07 12:46:22.498  1407  6218 I VaultKeeperService: Get service instance by (6201/10074)
04-07 12:46:22.500  1407  2481 I ActivityManager: Start proc 9113:com.google.android.apps.photos/u0a275 for broadcast {com.google.android.apps.photos/com.google.android.apps.photos.sdcard.envcache.ExternalStorageStateChangeBroadcastReceiver}
04-07 12:46:22.500  1407  2481 D CompatibilityChangeReporter: Compat change id reported: 143937733; UID 10043; state: ENABLED
04-07 12:46:22.501  1407  6218 I VaultKeeperService: Client info : com.samsung.android.kgclient
04-07 12:46:22.506  1407  2481 I ActivityManager: Start proc 9114:com.sec.android.provider.badge/u0a43 for content provider {com.sec.android.provider.badge/com.sec.android.provider.badge.BadgeProvider}
04-07 12:46:22.511  1407  5539 W JobScheduler: Job didn't exist in JobStore: 3cd1e2e #u0a102/876543 com.samsung.android.mobileservice/.social.buddy.account.presentation.service.ContactObserverService
04-07 12:46:22.542  1407  5566 I ActivityManager: Killing 4300:com.sec.android.app.safetyassurance/5003 (adj 999): empty #37
04-07 12:46:22.564  1407  3521 D CompatibilityChangeReporter: Compat change id reported: 168419799; UID 10043; state: DISABLED
04-07 12:46:22.565  1407  3521 I ActivityManager: DSS OFF for com.sec.android.provider.badge
04-07 12:46:22.568  1407  3521 I ActivityManager: Changes in 10043 19 to 3, 0 to 8
04-07 12:46:22.607  1407  3521 I GenerationRegistry: mBackingStore.isClosed() : false
04-07 12:46:22.627  3501  3704 W ActivityThread: Failed to find provider info for com.sec.badge (user not unlocked)
04-07 12:46:22.653  1407  3576 I ActivityManager: com.samsung.android.forest is exempt from freezer
04-07 12:46:22.653  1407  3576 D CompatibilityChangeReporter: Compat change id reported: 135634846; UID 1000; state: DISABLED
04-07 12:46:22.653  1407  3576 D CompatibilityChangeReporter: Compat change id reported: 177438394; UID 1000; state: DISABLED
04-07 12:46:22.653  1407  3576 D CompatibilityChangeReporter: Compat change id reported: 135772972; UID 1000; state: DISABLED
04-07 12:46:22.653  1407  3576 D CompatibilityChangeReporter: Compat change id reported: 135754954; UID 1000; state: ENABLED
04-07 12:46:22.664  1407  2481 I ActivityManager: Start proc 9129:com.samsung.android.forest/1000 for content provider {com.samsung.android.forest/com.samsung.android.forest.common.database.provider.DwbContentProvider}
04-07 12:46:22.730  1407  5541 D CompatibilityChangeReporter: Compat change id reported: 168419799; UID 1000; state: DISABLED
04-07 12:46:22.731  1407  5541 I ActivityManager: DSS OFF for com.samsung.android.forest
04-07 12:46:22.768  1407  5541 D CompatibilityChangeReporter: Compat change id reported: 161145287; UID 10465; state: DISABLED
04-07 12:46:22.776   742   742 I keystore2: keystore2::security_level: In create_operation. Success to create IKeystoreOperation. 10102, None
04-07 12:46:22.786  1407  5541 I GenerationRegistry: mBackingStore.isClosed() : false
04-07 12:46:22.786   742   742 I keystore2: keystore2::security_level: In create_operation. Success to create IKeystoreOperation. 10102, None
04-07 12:46:22.794  1407  5541 D RestrictionPolicy: isHomeKeyEnabled :true
04-07 12:46:22.795  1407  1407 D RestrictionPolicy: isHomeKeyEnabled :true
04-07 12:46:22.800  1407  5566 I VaultKeeperService: read
04-07 12:46:22.800  1407  5566 I VaultKeeperService: Get service instance by (6201/10074)
04-07 12:46:22.801  1407  5566 I VaultKeeperService: Client info : com.samsung.android.kgclient
04-07 12:46:22.824  1407  5541 I GenerationRegistry: mBackingStore.isClosed() : false
04-07 12:46:22.842  1407  6218 D CompatibilityChangeReporter: Compat change id reported: 135634846; UID 10268; state: DISABLED
04-07 12:46:22.842  1407  6218 D CompatibilityChangeReporter: Compat change id reported: 177438394; UID 10268; state: DISABLED
04-07 12:46:22.842  1407  6218 D CompatibilityChangeReporter: Compat change id reported: 135772972; UID 10268; state: DISABLED
04-07 12:46:22.842  1407  6218 D CompatibilityChangeReporter: Compat change id reported: 135754954; UID 10268; state: ENABLED
04-07 12:46:22.842  1407  2481 D CompatibilityChangeReporter: Compat change id reported: 143937733; UID 10268; state: ENABLED
04-07 12:46:22.856  1407  2481 I ActivityManager: Start proc 9164:com.smartpack.kernelmanager/u0a268 for broadcast {com.smartpack.kernelmanager/com.smartpack.kernelmanager.services.boot.OnBootReceiver}
04-07 12:46:22.890   742   742 I keystore2: keystore2::security_level: In create_operation. Success to create IKeystoreOperation. 10102, None
04-07 12:46:22.930  1407  5539 D CompatibilityChangeReporter: Compat change id reported: 168419799; UID 10268; state: DISABLED
04-07 12:46:22.931  1407  5539 I ActivityManager: DSS OFF for com.smartpack.kernelmanager
04-07 12:46:22.982  1407  5539 I VaultKeeperService: read
04-07 12:46:22.982  1407  5539 I VaultKeeperService: Get service instance by (6201/10074)
04-07 12:46:22.983  1407  5539 I VaultKeeperService: Client info : com.samsung.android.kgclient
04-07 12:46:22.985   714   714 D io_stats: !@   8,0 r 148543 6711016 w 16154 238088 d 5276 1347532 f 0 0 iot 25624 0 th 0 0 0 pt 0 inp 0 0 70.848
04-07 12:46:23.058   742   742 I keystore2: keystore2::security_level: In create_operation. Success to create IKeystoreOperation. 10102, None
04-07 12:46:23.116  1407  2596 I VaultKeeperService: read
04-07 12:46:23.116  1407  2596 I VaultKeeperService: Get service instance by (6201/10074)
04-07 12:46:23.118  1407  2596 I VaultKeeperService: Client info : com.samsung.android.kgclient
04-07 12:46:23.119  1407  5578 I ActivityManager: Background started FGS: Allowed [callingPackage: com.smartpack.kernelmanager; callingUid: 10268; uidState: RCVR; intent: Intent { cmp=com.smartpack.kernelmanager/.services.boot.ApplyOnBootService }; code:BOOT_COMPLETED; tempAllowListReason:<broadcast:1000:android.intent.action.BOOT_COMPLETED,reason:,reasonCode:BOOT_COMPLETED,duration:20000,callingUid:1000>; targetSdkVersion:33; callerTargetSdkVersion:33; startForegroundCount:0; bindFromPackage:null]
04-07 12:46:23.121  1407  5578 I ActivityManager: Changes in 10268 11 to 4, 0 to 8
04-07 12:46:23.132  1407  6218 D CompatibilityChangeReporter: Compat change id reported: 168419799; UID 1000; state: DISABLED
04-07 12:46:23.138  1407  5566 W ActivityManager: Foreground service started from background can not have location/camera/microphone access: service com.smartpack.kernelmanager/.services.boot.ApplyOnBootService
04-07 12:46:23.147  1407  1407 D CompatibilityChangeReporter: Compat change id reported: 168419799; UID 1027; state: DISABLED
04-07 12:46:23.222  1407  5541 I ActivityManager: com.android.settings is exempt from freezer
04-07 12:46:23.222  1407  5541 D CompatibilityChangeReporter: Compat change id reported: 135634846; UID 1000; state: DISABLED
04-07 12:46:23.222  1407  5541 D CompatibilityChangeReporter: Compat change id reported: 177438394; UID 1000; state: DISABLED
04-07 12:46:23.222  1407  5541 D CompatibilityChangeReporter: Compat change id reported: 135772972; UID 1000; state: DISABLED
04-07 12:46:23.222  1407  5541 D CompatibilityChangeReporter: Compat change id reported: 135754954; UID 1000; state: ENABLED
04-07 12:46:23.232  1407  2481 I ActivityManager: Start proc 9216:com.android.settings/1000 for broadcast {com.android.settings/com.samsung.android.settings.datetime.DateTimeSettingsReceiver}
04-07 12:46:23.307  1407  5539 I ActivityManager: DSS OFF for com.android.settings
04-07 12:46:23.361  1407  5539 D CompatibilityChangeReporter: Compat change id reported: 168419799; UID 10275; state: DISABLED
04-07 12:46:23.361  1407  5539 I ActivityManager: DSS OFF for com.google.android.apps.photos
04-07 12:46:23.414  5425  6175 I SDHMS:D : SIOP:: AP:478 BAT:297 USB:258 CHG:464 CP:398 WIFI:381 CF:347 BLK:0 SUBBAT:0 SKIN:380 SKINF:362 SKINB:380 LRP:380 LRF:362 LRB:380 BLRF:362 BLRB:379 APT:356 APR:374 
04-07 12:46:23.460  1407  5541 W ActivityManager: Unable to start service Intent { act=com.google.android.gms.ads.identifier.service.START pkg=com.google.android.gms } U=0: not found
04-07 12:46:23.480  1407  6218 I ActivityManager: Changes in 10268 4 to 10, 8 to 0
04-07 12:46:23.587  1407  2596 D CompatibilityChangeReporter: Compat change id reported: 135634846; UID 10398; state: DISABLED
04-07 12:46:23.587  1407  2596 D CompatibilityChangeReporter: Compat change id reported: 177438394; UID 10398; state: DISABLED
04-07 12:46:23.587  1407  2596 D CompatibilityChangeReporter: Compat change id reported: 135772972; UID 10398; state: DISABLED
04-07 12:46:23.587  1407  2596 D CompatibilityChangeReporter: Compat change id reported: 135754954; UID 10398; state: ENABLED
04-07 12:46:23.588  1407  2481 D CompatibilityChangeReporter: Compat change id reported: 143937733; UID 10398; state: ENABLED
04-07 12:46:23.593  1407  2481 I ActivityManager: Start proc 9279:dqlurkqi.fvjab/u0a398 for content provider {dqlurkqi.fvjab/l.Q.UbD.O}
04-07 12:46:23.599  1407  6218 I ActivityManager: Killing 7119:com.google.android.partnersetup/u0a213 (adj 955): empty #37
04-07 12:46:23.631  1407  6218 D CompatibilityChangeReporter: Compat change id reported: 168419799; UID 10398; state: DISABLED
04-07 12:46:23.632  1407  6218 I ActivityManager: DSS OFF for dqlurkqi.fvjab
04-07 12:46:23.641  1407  5541 I VaultKeeperService: read
04-07 12:46:23.641  1407  5541 I VaultKeeperService: Get service instance by (6201/10074)
04-07 12:46:23.642  1407  5541 I VaultKeeperService: Client info : com.samsung.android.kgclient
04-07 12:46:23.678  9279  9292 W ResourcesOffloading: An exception occurred : 
04-07 12:46:23.678  9279  9292 W ResourcesOffloading: android.content.res.Resources$NotFoundException: Resource ID #0x7f08008e
04-07 12:46:23.678  9279  9292 W ResourcesOffloading: 	at android.content.res.ResourcesImpl.getValueForDensity(ResourcesImpl.java:251)
04-07 12:46:23.678  9279  9292 W ResourcesOffloading: 	at android.content.res.Resources.offloadDrawable(Resources.java:2916)
04-07 12:46:23.678  9279  9292 W ResourcesOffloading: 	at android.app.ResourcesOffloading$ResourcesOffloadingRunnable.run(ResourcesOffloading.java:94)
04-07 12:46:23.678  9279  9292 W ResourcesOffloading: 	at java.lang.Thread.run(Thread.java:1012)
04-07 12:46:23.702  1407  5539 E PackageDexUsage: Unsupported context?
04-07 12:46:23.715  1407  5539 I VaultKeeperService: read
04-07 12:46:23.715  1407  5539 I VaultKeeperService: Get service instance by (6201/10074)
04-07 12:46:23.717  1407  5539 I VaultKeeperService: Client info : com.samsung.android.kgclient
04-07 12:46:23.754   742   742 I keystore2: keystore2::security_level: In create_operation. Success to create IKeystoreOperation. 10102, None
04-07 12:46:23.758  1407  6093 I GenerationRegistry: mBackingStore.isClosed() : false
04-07 12:46:23.793  1407  3043 D CompatibilityChangeReporter: Compat change id reported: 161145287; UID 1000; state: DISABLED
04-07 12:46:23.808   742   742 I keystore2: keystore2::security_level: In create_operation. Success to create IKeystoreOperation. 10102, None
04-07 12:46:23.810  1407  2514 D PowerManagerService: UserActivityStateListenerState: 0
04-07 12:46:23.835   742   742 I keystore2: keystore2::security_level: In create_operation. Success to create IKeystoreOperation. 10102, None
04-07 12:46:23.842  1407  6093 I VaultKeeperService: read
04-07 12:46:23.842  1407  6093 I VaultKeeperService: Get service instance by (6201/10074)
04-07 12:46:23.845  1407  6093 I VaultKeeperService: Client info : com.samsung.android.kgclient
04-07 12:46:23.860   742   742 I keystore2: keystore2::security_level: In create_operation. Success to create IKeystoreOperation. 10102, None
04-07 12:46:23.908   742   742 I keystore2: keystore2::security_level: In create_operation. Success to create IKeystoreOperation. 10102, None
04-07 12:46:23.925  1407  3043 I GenerationRegistry: mBackingStore.isClosed() : false
04-07 12:46:23.928  1407  3043 D SettingsProvider: isChangeAllowed() : name = shown_max_brightness_dialog
04-07 12:46:23.941   742   742 I keystore2: keystore2::security_level: In create_operation. Success to create IKeystoreOperation. 10102, None
04-07 12:46:23.955  1407  3001 I VaultKeeperService: read
04-07 12:46:23.955  1407  3001 I VaultKeeperService: Get service instance by (6201/10074)
04-07 12:46:23.955  1407  3043 D CompatibilityChangeReporter: Compat change id reported: 161145287; UID 10398; state: DISABLED
04-07 12:46:23.955  1407  3001 I VaultKeeperService: Client info : com.samsung.android.kgclient
04-07 12:46:23.961   742   742 I keystore2: keystore2::security_level: In create_operation. Success to create IKeystoreOperation. 10102, None
04-07 12:46:23.963  1407  6218 D CompatibilityChangeReporter: Compat change id reported: 319212206; UID 10398; state: ENABLED
04-07 12:46:23.968  1407  6093 I ActivityManager: Killing 8539:com.sec.android.app.SecSetupWizard/1000 (adj 999): empty #37
04-07 12:46:23.979  1407  5539 I GenerationRegistry: mBackingStore.isClosed() : false
04-07 12:46:23.995  1407  6093 I GenerationRegistry: mBackingStore.isClosed() : false
04-07 12:46:24.002  1407  6093 W ContextImpl: Calling a method in the system process without a qualified user: android.app.ContextImpl.sendBroadcast:1252 com.android.server.notification.sec.DisplayToast.sendIntentForToastDumpLog:156 com.android.server.notification.sec.DisplayToast.outFile:106 com.android.server.notification.sec.DisplayToast.out:62 com.android.server.notification.NotificationManagerService$12.enqueueToastForDex:3989 
04-07 12:46:24.027  9216  9216 W ContextImpl: Calling a method in the system process without a qualified user: android.app.ContextImpl.startService:1926 android.content.ContextWrapper.startService:834 android.content.ContextWrapper.startService:834 com.samsung.android.settings.applications.cachedb.AppListCacheInitialize.onReceive:23 android.app.ActivityThread.handleReceiver:4894 
04-07 12:46:24.031  1407  2596 I GenerationRegistry: mBackingStore.isClosed() : false
04-07 12:46:24.038  1407  2596 D CoreBackPreview: Window{420a3a8 u0 Toast}: Setting back callback OnBackInvokedCallbackInfo{mCallback=android.window.IOnBackInvokedCallback$Stub$Proxy@9dc62f2, mPriority=0}
04-07 12:46:24.050  1407  6093 D RestrictionPolicy: isScreenCaptureEnabled : ret=true userId=0
04-07 12:46:24.050   742   742 I keystore2: keystore2::security_level: In create_operation. Success to create IKeystoreOperation. 10102, None
04-07 12:46:24.052  1407  6093 D WindowManager: makeSurface duration=2 name=Toast$_2923
04-07 12:46:24.054  1407  5539 I ActivityManager: Killing 7669:com.samsung.android.dialer/u0a100 (adj 965): empty #37
04-07 12:46:24.068  1407  5539 I ActivityManager: com.android.shell is exempt from freezer
04-07 12:46:24.069  1407  5539 D CompatibilityChangeReporter: Compat change id reported: 135634846; UID 2000; state: DISABLED
04-07 12:46:24.069  1407  5539 D CompatibilityChangeReporter: Compat change id reported: 177438394; UID 2000; state: DISABLED
04-07 12:46:24.069  1407  5539 D CompatibilityChangeReporter: Compat change id reported: 135772972; UID 2000; state: DISABLED
04-07 12:46:24.069  1407  5539 D CompatibilityChangeReporter: Compat change id reported: 135754954; UID 2000; state: ENABLED
04-07 12:46:24.073  1407  6093 I ActivityManager: Killing 8057:com.samsung.android.themestore/u0a125 (adj 955): empty #37
04-07 12:46:24.079  1407  2481 I ActivityManager: Start proc 9328:com.android.shell/2000 for broadcast {com.android.shell/com.android.shell.HeapDumpReceiver}
04-07 12:46:24.080  1407  5539 D WindowManager: finishDrawingWindow: Window{420a3a8 u0 Toast} mDrawState=DRAW_PENDING seqId=0
04-07 12:46:24.084  1407  2472 I WindowManager: Reparenting to leash, surface=Surface(name=420a3a8 Toast)/@0x61d0825, leashParent=Surface(name=WindowToken{ccd2c78 type=2005 android.os.Binder@3f459db})/@0x475edfa
04-07 12:46:24.085  1407  2472 D WindowManager: makeSurface duration=1 leash=Surface(name=Surface(name=420a3a8 Toast)/@0x61d0825 - animation-leash of window_animation)/@0xc3b01a1
04-07 12:46:24.086  1407  2472 V WindowManager: performShowLocked: mDrawState=HAS_DRAWN in Window{420a3a8 u0 Toast}
04-07 12:46:24.090  1407  2472 D PowerManagerService: [api] acquire WakeLock SCREEN_BRIGHT_WAKE_LOCK        'WindowManager' ON_AFTER_RELEASE (uid=1000 pid=1407 ws=WorkSource{10040} displayId=-1 lock=2902253)
04-07 12:46:24.104  1407  3043 I VaultKeeperService: read
04-07 12:46:24.104  1407  3043 I VaultKeeperService: Get service instance by (6201/10074)
04-07 12:46:24.113  1407  3043 I VaultKeeperService: Client info : com.samsung.android.kgclient
