04-07 12:46:34.646  1407  2471 W AccessibilityWindowsPopulator: Windows change within in 2 frames continuously over 500 ms and notify windows changed immediately
04-07 12:46:34.651  6605  6605 I MtpService: already registered guid
04-07 12:46:34.652  4275  6376 I NetworkScheduler.Stats: (REDACTED) Task %s/%s started execution. cause:%s exec_start_elapsed_seconds: %s
04-07 12:46:34.670  1407  2472 I WindowManager: Reparenting to original parent: Surface(name=WindowToken{c0df16b type=2005 android.os.Binder@ae81eba})/@0xc2aabe9, destroy=true, surface=Surface(name=4b334e0 Toast)/@0xe7d5c70
04-07 12:46:34.679  1407  2472 I WindowManager: Destroying surface Surface(name=Toast$_2923)/@0x925bf09 called by com.android.server.wm.WindowStateAnimator.destroySurface:942 com.android.server.wm.WindowStateAnimator.destroySurfaceLocked:536 com.android.server.wm.WindowState.removeImmediately:2969 com.android.server.wm.WindowState.handleCompleteDeferredRemoval:6016 com.android.server.wm.WindowContainer.handleCompleteDeferredRemoval:1377 com.android.server.wm.WindowContainer.handleCompleteDeferredRemoval:1377 com.android.server.wm.WindowContainer.handleCompleteDeferredRemoval:1377 com.android.server.wm.WindowContainer.handleCompleteDeferredRemoval:1377 
04-07 12:46:34.680  1261  1261 D SurfaceFlinger: Display 4630947232161729153 HWC layers:
04-07 12:46:34.680  1261  1261 D SurfaceFlinger:      DEVICE | 0xb400006ff58702c0 | 0100 | RGBA_8888    |    0.0    0.0 1080.0 2400.0 |    0    0 1080 2400 | com.github.capntrips.kernelflasher/c[...]ernelflasher.MainActivity$_10653#185
04-07 12:46:34.680  1261  1261 D SurfaceFlinger:      DEVICE | 0xb400006ff586d000 | 0100 | RGBA_8888    |    0.0    0.0 1080.0   88.0 |    0    0 1080   88 | StatusBar$_2923#92
04-07 12:46:34.680  1261  1261 D SurfaceFlinger:      DEVICE | 0xb400006ff586d8c0 | 0100 | RGBA_8888    |    0.0    0.0 1080.0  144.0 |    0 2256 1080 2400 | NavigationBar0$_2923#87
04-07 12:46:34.680  1261  1261 D SurfaceFlinger:      DEVICE | 0xb400006ff586d690 | 0140 | RGBA_8888    |    0.0    0.0 1080.0  112.0 |    0    0 1080  112 | ScreenDecorOverlay$_2923#97
04-07 12:46:34.680  1261  1261 D SurfaceFlinger:      DEVICE | 0xb400006ff586d230 | 0140 | RGBA_8888    |    0.0    0.0 1080.0  112.0 |    0 2288 1080 2400 | ScreenDecorOverlayBottom$_2923#98
04-07 12:46:34.680  1261  1261 D SurfaceFlinger: 
04-07 12:46:34.681  1407  2472 D PowerManagerService: [api] release WakeLock SCREEN_BRIGHT_WAKE_LOCK        'WindowManager' ON_AFTER_RELEASE ACQ=-2s809ms (uid=1000 pid=1407 ws=WorkSource{10040} displayId=-1 lock=2902253)
04-07 12:46:34.681  1407  2472 D EdgeLightingManager: hideForWakeLock packageName=android
04-07 12:46:34.681  1407  2472 D EdgeLightingManager: hideForWakeLock is no more used
04-07 12:46:34.681  1407  2472 D PowerManagerService: [api] applyWakeLockFlagsOnReleaseLocked : userActivityNoUpdateLocked is called : SCREEN_BRIGHT_WAKE_LOCK        'WindowManager' ON_AFTER_RELEASE DISABLED (uid=1000 pid=1407 ws=WorkSource{10040} displayId=-1 lock=2902253)
04-07 12:46:34.685  4275 10134 I NetworkScheduler.Stats: (REDACTED) Task %s/%s started execution. cause:%s exec_start_elapsed_seconds: %s
04-07 12:46:34.687  1261  1261 I Layer   : id=189 removedFromDrawingState 4b334e0 Toast#189 (118)
04-07 12:46:34.687  1261  1261 I Layer   : id=190 removedFromDrawingState Toast$_2923#190 (118)
04-07 12:46:34.687  1261  1261 I Layer   : id=198 removedFromDrawingState Surface(name=4b334e0 Toast)/@0xe7d5c70 - animation-leash of window_animation#198 (118)
04-07 12:46:34.687  1261  1261 I Layer   : Layer [Toast$_2923#190] hidden!! flag(1)
04-07 12:46:34.687  1261  1261 I Layer   : id=190 removedFromDrawingState Toast$_2923#190 (118)
04-07 12:46:34.687  1261  1261 I Layer   : id=188 removedFromDrawingState WindowToken{c0df16b type=2005 android.os.Binder@ae81eba}#188 (118)
04-07 12:46:34.687  1261  1261 I SurfaceFlinger: id=189 Removed 4b334e0 Toast#189 (118)
04-07 12:46:34.687  1261  1261 I SurfaceFlinger: id=198 Removed Surface(name=4b334e0 Toast)/@0xe7d5c70 - animation-leash of window_animation#198 (118)
04-07 12:46:34.687  1261  1261 I SurfaceFlinger: id=190 Removed Toast$_2923#190 (118)
04-07 12:46:34.687  1261  1261 I SurfaceFlinger: id=188 Removed WindowToken{c0df16b type=2005 android.os.Binder@ae81eba}#188 (118)
04-07 12:46:34.687  1261  1261 I Layer   : id=188 Destroyed WindowToken{c0df16b type=2005 android.os.Binder@ae81eba}#188
04-07 12:46:34.687  1261  1261 I Layer   : id=198 Destroyed Surface(name=4b334e0 Toast)/@0xe7d5c70 - animation-leash of window_animation#198
04-07 12:46:34.687  1261  1261 I Layer   : id=189 Destroyed 4b334e0 Toast#189
04-07 12:46:34.687  1261  1261 I Layer   : id=190 Destroyed Toast$_2923#190
04-07 12:46:34.694  6605  6605 D MtpService: allowPopup : false
04-07 12:46:34.696  6605  6605 D MtpService: launchMTP
04-07 12:46:34.697  1407  6593 I GenerationRegistry: mBackingStore.isClosed() : false
04-07 12:46:34.698  6605  6605 I MtpService: GUID is valid : {dd44f9d7-5c8f-11ee-8a9e-782b46443f0d}
04-07 12:46:34.698  4275  6376 I NetworkScheduler.Stats: (REDACTED) Task %s/%s finished executing. cause:%s result: %s elapsed_millis: %s uptime_millis: %s exec_start_elapsed_seconds: %s
04-07 12:46:34.700  1150  3809 I vendor.qti.bluetooth@1.0-ibs_handler: DeviceSleep: TX Awake, Sending SLEEP_IND
04-07 12:46:34.700  1407  6593 D SecContentProvider2: query(), uri = 14 selection = getSealedUsbMassStorageState
04-07 12:46:34.700  1150  3809 D vendor.qti.bluetooth@1.0-ibs_handler: SerialClockVote: vote for UART CLK OFF
04-07 12:46:34.703  1407  6593 D SecContentProvider: query(), uri = 18 selection = isUsbMediaPlayerAvailable
04-07 12:46:34.704  1407  6593 D SecContentProvider: called from android.media:10052
04-07 12:46:34.704  1407  6593 D RestrictionPolicy: isUsbMediaPlayerAvailable : true
04-07 12:46:34.705  6605  6605 I MtpService: already registered guid
04-07 12:46:34.705  6605  6605 W MtpService: opensession is not come
04-07 12:46:34.705  4275  6376 I NetworkScheduler.Stats: (REDACTED) Task %s/%s finished executing. cause:%s result: %s elapsed_millis: %s uptime_millis: %s exec_start_elapsed_seconds: %s
04-07 12:46:34.711  7352  8470 W SyncDataSource: [C] @2131887550
04-07 12:46:34.711  7352  8470 W SyncDataSource: [C] @2131886280
04-07 12:46:34.732  7352  8470 W SyncDataSource: [C] @2131886184
04-07 12:46:34.733  7352  8470 W SyncDataSource: [C] @2131886301
04-07 12:46:34.734  7352  8470 W SyncDataSource: [C] @2131886445
04-07 12:46:34.735  7352  8470 W SyncDataSource: [C] @2131886709
04-07 12:46:34.736  7352  8470 W SyncDataSource: [C] @2131886783
04-07 12:46:34.737  6605 11170 D d.process.media: Log level = 0xFFFFFF00 [0]
04-07 12:46:34.747  1069  1069 I Zygote  : Process 7534 exited due to signal 9 (Killed)
04-07 12:46:34.748  4275  6376 I NetworkScheduler.Stats: (REDACTED) Task %s/%s started execution. cause:%s exec_start_elapsed_seconds: %s
04-07 12:46:34.748  6605  6605 I MtpService: opensssion has come
04-07 12:46:34.748  6605  6605 D MtpService: launchMTP
04-07 12:46:34.748  6605  6605 I MtpService: GUID is valid : {dd44f9d7-5c8f-11ee-8a9e-782b46443f0d}
04-07 12:46:34.750  1407  2165 D SecContentProvider2: query(), uri = 14 selection = getSealedUsbMassStorageState
04-07 12:46:34.753  1407  2166 D SecContentProvider: query(), uri = 18 selection = isUsbMediaPlayerAvailable
04-07 12:46:34.754  1407  2166 D SecContentProvider: called from android.media:10052
04-07 12:46:34.754  1407  2166 D RestrictionPolicy: isUsbMediaPlayerAvailable : true
04-07 12:46:34.754  4900  4949 D BinderSender: onProcessDied: pid=7534, uid=10576
04-07 12:46:34.754  4900  5646 D BinderSender: onUidIdle: uid=10576, disabled=false
04-07 12:46:34.754  4900  5646 V BinderSender: Uid 10576 already starts
04-07 12:46:34.754  4900  5646 D BinderSender: onUidGone: uid=10576, disabled=false
04-07 12:46:34.754  4900  5646 V BinderSender: Uid 10576 dead
04-07 12:46:34.754  1407  3531 W Thanox-Core: AMS onProcessRemovedInternal: ProcessRecord{packageName='com.adguard.android', processName='com.adguard.android', pid=0, uid=10576}
04-07 12:46:34.755  1407  2506 W Thanox-Core: onProcessRemovedInternal, currentFrontPkg: Pkg{pkgName='com.sec.android.app.launcher', userId=0}, processPkgName: com.adguard.android
04-07 12:46:34.757  1407  2506 W Thanox-Core: AMS onPackageStopRunningInternal: Pkg{pkgName='com.adguard.android', userId=0}, uid: 10576
04-07 12:46:34.757  1407  2506 W Thanox-Core: onPkgKilledInternal: Pkg{pkgName='com.adguard.android', userId=0}
04-07 12:46:34.760  1407  2479 I ActivityManager: Changes in 5009 5 to 15, 8 to 0
04-07 12:46:34.761  6605  6605 I MtpService: already registered guid
04-07 12:46:34.762  6605  6605 V MtpService: Adding MTP storage:/storage/emulated/0
04-07 12:46:34.762  4900  4949 D BinderSender: onUidCachedChanged: uid=5009, cached=true
04-07 12:46:34.766  4275 10134 I NetworkScheduler.Stats: (REDACTED) Task %s/%s started execution. cause:%s exec_start_elapsed_seconds: %s
04-07 12:46:34.768  1407  4838 D SemWifiUsabilityStatsMonitor: onWifiUsabilityStats - seqNum 13, isSameBssidAndFreq true
04-07 12:46:34.769  1407  2809 I SemWifiLinkQualityMonitor: Link Qos Query: 0.070 ms / 114.535 Mbps (144 / 0.003 / 1.198)
04-07 12:46:34.770  7352  8470 W SyncDataSource: [C] @2131887230
04-07 12:46:34.771  7352  8470 W SyncDataSource: [C] @2131886952
04-07 12:46:34.771  6605 11172 E d.process.media: start waitControls: Success
04-07 12:46:34.771  6605 11172 E d.process.media: Mtp ctrlreq read data :g: Success
04-07 12:46:34.772  6605 11172 E d.process.media: Mtp ctrlreq read data :g: Success
04-07 12:46:34.780  4275  4493 I NetworkScheduler.Stats: (REDACTED) Task %s/%s finished executing. cause:%s result: %s elapsed_millis: %s uptime_millis: %s exec_start_elapsed_seconds: %s
04-07 12:46:34.788  7352  8470 I AccountTypeLoader: [C]  > added: accountType : com.google, dataSet : null
04-07 12:46:34.788  7352  8470 I ExternalAccountType: [C] loadContactsXml : org.telegram.messenger
04-07 12:46:34.790  7352  8470 I ExternalAccountType: [C] Metadata loaded from: org.telegram.messenger, org.telegram.messenger.ContactsSyncAdapterService, android.provider.CONTACTS_STRUCTURE
04-07 12:46:34.790  7352  8470 I AccountTypeLoader: [C]  > added: resource packageName : org.telegram.messenger, sync adapter packageName : org.telegram.messenger, isExtension : false
04-07 12:46:34.790  7352  8470 I ExternalAccountType: [C] loadContactsXml : com.google.android.apps.tachyon
04-07 12:46:34.791  7352  8470 I ExternalAccountType: [C] Metadata loaded from: com.google.android.apps.tachyon, com.google.android.apps.tachyon.contacts.sync.SyncService, android.provider.CONTACTS_STRUCTURE
04-07 12:46:34.791  7352  8470 I AccountTypeLoader: [C]  > added: resource packageName : com.google.android.apps.tachyon, sync adapter packageName : com.google.android.apps.tachyon, isExtension : false
04-07 12:46:34.791  7352  8470 I ExternalAccountType: [C] loadContactsXml : com.whatsapp
04-07 12:46:34.793  7352  8470 I ExternalAccountType: [C] Metadata loaded from: com.whatsapp, com.whatsapp.contact.ui.sync.ContactsSyncAdapterService, android.provider.CONTACTS_STRUCTURE
04-07 12:46:34.793  7352  8470 I AccountTypeLoader: [C]  > added: resource packageName : com.whatsapp, sync adapter packageName : com.whatsapp, isExtension : false
04-07 12:46:34.794  7352  8470 I AccountTypeLoader: [C]  > added: accountType : com.osp.app.signin, dataSet : null
04-07 12:46:34.795  7352  8470 I AccountTypeLoader: [C]  > added: accountType : com.samsung.android.coreapps, dataSet : null
04-07 12:46:34.795  7352  8470 I ExternalAccountType: [C] loadContactsXml : com.google.android.apps.plus
04-07 12:46:34.795  7352  8470 E ExternalAccountType: [C] Package was found, but that doesn't contain the CONTACTS_STRUCTURE metadata
04-07 12:46:34.795  7352  8470 I AccountTypeLoader: [C] add syncable accounts (restrict:false, table:false, UIM:false, Samsung:false)
04-07 12:46:34.797  7352  8470 I AccountTypeLoader: [C]  > added account: com.google
04-07 12:46:34.800  7352  8470 I AccountTypeLoader: [C]  > added account: com.google.android.apps.tachyon
04-07 12:46:34.802  7352  8470 I AccountTypeLoader: [C]  > added account: com.osp.app.signin
04-07 12:46:34.808  4275  6376 I NetworkScheduler.Stats: (REDACTED) Task %s/%s started execution. cause:%s exec_start_elapsed_seconds: %s
04-07 12:46:34.809  7352  8470 I AccountTypeLoader: [C]  > added account: org.telegram.messenger
04-07 12:46:34.816  4275  4493 I NetworkScheduler.Stats: (REDACTED) Task %s/%s finished executing. cause:%s result: %s elapsed_millis: %s uptime_millis: %s exec_start_elapsed_seconds: %s
04-07 12:46:34.820  4275  4493 I NetworkScheduler.Stats: (REDACTED) Task %s/%s finished executing. cause:%s result: %s elapsed_millis: %s uptime_millis: %s exec_start_elapsed_seconds: %s
04-07 12:46:34.828  7352  8470 I AccountTypeModel: [C] Accounts change = false, types change = true
04-07 12:46:34.829  7352  8470 I AccountTypeModel: [C] account reload finish: 3
04-07 12:46:34.836 11150 11150 I [ND]SurveyProvider: main | onCreate
04-07 12:46:34.843  1156  1156 I android.hardware.health@2.1-service-samsung: updateLrpSysfs: write: 386
04-07 12:46:34.843  1407  2895 D BatteryService: Sending ACTION_BATTERY_CHANGED: level:98, status:2, health:2, ac:false, usb:true, wireless:false, pogo:false, misc:0x10000, charge_type:1, charger_type:0, voltage:4211, temperature:307, online:19, current_avg:-283, ps:false, hvc:false, capacity:280000, current_event:0x10000, current_now:-424, mcc:0, mcv:0, cc:4013736, present:true, scale:100, technology:Li-ion
04-07 12:46:34.845  1407  2696 D MotionRecognitionService: [SAR]  onReceive : ACTION_BATTERY_CHANGED, Plugged: 2
04-07 12:46:34.846  1407  1407 E PocketModeEvent: PocketModeSetting is off 
04-07 12:46:34.846  1407  1407 D PhoneWindowManagerExt: ACTION_BATTERY_CHANGED - Level=98, status=2
04-07 12:46:34.846  1407  2843 I DeviceBatteryInfoService: action: android.intent.action.BATTERY_CHANGED
04-07 12:46:34.846  1407  2843 I DeviceBatteryInfoService: phone battery level: 98
04-07 12:46:34.846  1407  2843 I DeviceBatteryInfoService: phone battery status: 2
04-07 12:46:34.846  1407  1407 D AdaptiveBrightnessLongtermModelBuilder: Received android.intent.action.BATTERY_CHANGED
04-07 12:46:34.847  1407  1407 D SemWifiApBroadcastReceiver: Received : android.intent.action.BATTERY_CHANGED
04-07 12:46:34.847  2923  2923 D SamsungBatteryMeterDrawable: onBatteryLevelChanged isSomethingChanged: false
04-07 12:46:34.847  2923  2923 D SamsungBatteryMeterDrawable: onBatteryLevelChanged isSomethingChanged: false
04-07 12:46:34.848  2907  2907 D SemBigDataInfoController: Intent: android.intent.action.BATTERY_CHANGED
04-07 12:46:34.848  2923  2923 D SamsungBatteryMeterDrawable: onBatteryLevelChanged isSomethingChanged: false
04-07 12:46:34.848  2907  2907 D SemBigDataInfoController: Intent: android.intent.action.BATTERY_CHANGED
04-07 12:46:34.848  2923  2923 D SamsungBatteryMeterDrawable: onBatteryLevelChanged isSomethingChanged: false
04-07 12:46:34.848  2923  2923 D KeyguardUpdateMonitor: received broadcast android.intent.action.BATTERY_CHANGED
04-07 12:46:34.848  2923  2923 I PowerUI : mBootCompleted = true |  mFullyConnected = true
04-07 12:46:34.848  2923  2923 I PowerUI : BATTERY_HEALTH_CHECK extraHealth=2 mBatteryMiscEvent=65536
04-07 12:46:34.848  2923  2923 W PowerUI : Plug reason
04-07 12:46:34.848  2923  2923 W PowerUI : Skip charging animation - by plug status
04-07 12:46:34.848  2923  2923 D PowerUI : priorPlugType = 2 mPlugType = 2 priorBatteryStatus = 2 mBatteryStatus = 2
04-07 12:46:34.848  2923  2923 W PowerUI : Plug reason
04-07 12:46:34.848  2923  2923 W PowerUI : Skip charging sound - by plug status
04-07 12:46:34.848  2923  2923 I PowerUI : oldMisalign : false, curMisalign : false
04-07 12:46:34.849  2923  2923 D SecPowerUI.Notification: showChargingNotice oldChargingType : 11 / currentChargingType : 11, oldChargingTime : 158000 / mChargingTime : 158000
04-07 12:46:34.849  2923  2923 D SecPowerUI.Notification: There is no change about charging status, so return!
04-07 12:46:34.849  2923  2923 D PowerUI : Battery swelling mode - priorBatterySwellingMode = 0 mBatterySwellingMode = 0 mBatteryStatus = 2
04-07 12:46:34.849  2923  2923 I PowerUI : mBatteryMiscEvent = 65536
04-07 12:46:34.849  2923  2923 D KeyguardUpdateMonitor: handleBatteryUpdate
04-07 12:46:34.849  2923  2923 I AODBatteryManager: updateBatteryData: ACTION_BATTERY_CHANGED
04-07 12:46:34.850  5669  5669 I [SCPMV2][SystemMonitorReceiver]: onReceive: android.intent.action.BATTERY_CHANGED
04-07 12:46:34.850  2923  2923 I AODBatteryManager: saveBatteryData : AOD BatteryData [mBatteryLevel=98, mBatteryStatus=CHARGING, mBatteryPlugType=USB, mBatteryPlugged=true, mRemainingChargeTime=158000, mBatteryChargingType=1, mBatteryChargerType=NORMAL, mBatteryOnline=NOT_DEFINED, mBatterySwellingMode=NONE, mBatteryProtectMode=false]
04-07 12:46:34.850  1150  3657 D vendor.qti.bluetooth@1.0-wake_lock: Release wakelock is released 
04-07 12:46:34.856  2923 11191 D SecPowerUI.Notification: dismissing low battery warning: level=98
04-07 12:46:34.856  2923 11191 D SecPowerUI.Notification: updateNotification mWarning=false mPlaySound=false
04-07 12:46:34.856  2923 11191 D SecPowerUI.Notification: SecBatteryStatsSnapshot{batteryLevel=98, currentBatteryMode=0, chargingTime=158000, chargingType=11, batteryHealth=2, automaticTestMode=false, isHiccupState=false}
04-07 12:46:34.856  2923 11191 D SecPowerUI.Notification: 1. restoreScreenTimeOut - saved_value : :
04-07 12:46:34.856  2923 11191 E SecPowerUI.Notification: no saved value, so we do nothing !!
04-07 12:46:34.859  4275  4493 I NetworkScheduler.Stats: (REDACTED) Task %s/%s started execution. cause:%s exec_start_elapsed_seconds: %s
04-07 12:46:34.862 11150 11150 I [ND]NetworkDiagnosticApplication: main | onCreate
04-07 12:46:34.875  1159  8240 I sensors-hal: handle_sns_client_event:541, [0][1050] accel_sample [ 0.206,  0.012,  9.936] 82709742643
04-07 12:46:34.876  1407  3531 I GenerationRegistry: mBackingStore.isClosed() : false
04-07 12:46:34.878  4275  4493 I PlatformStatsUtil: canLog says can't log [CONTEXT service_id=254 ]
04-07 12:46:34.879 11150 11150 W DIAGMON_SDK[605026]: DiagMonAgent isn't found: com.sec.android.diagmonagent
04-07 12:46:34.880 11150 11150 W DIAGMON_SDK[605026]: DiagMonAgent isn't found: com.sec.android.diagmonagent
04-07 12:46:34.881 11150 11150 W DIAGMON_SDK[605026]: DiagMonAgent isn't found: com.sec.android.diagmonagent
04-07 12:46:34.881 11150 11150 I DIAGMON_SDK[605026]: SetConfiguration
04-07 12:46:34.882 11150 11150 W DIAGMON_SDK[605026]: DiagMonAgent isn't found: com.sec.android.diagmonagent
04-07 12:46:34.885 11150 11150 W DIAGMON_SDK[605026]: DiagMonAgent isn't found: com.sec.android.diagmonagent
04-07 12:46:34.885  4275  4493 I NetworkScheduler.Stats: (REDACTED) Task %s/%s started execution. cause:%s exec_start_elapsed_seconds: %s
04-07 12:46:34.886 11150 11150 W DIAGMON_SDK[605026]: DiagMonAgent isn't found: com.sec.android.diagmonagent
04-07 12:46:34.887 11150 11150 W DIAGMON_SDK[605026]: DiagMonAgent isn't found: com.sec.android.diagmonagent
04-07 12:46:34.887 11150 11150 I DIAGMON_SDK[605026]: generated SR object
04-07 12:46:34.888 11150 11150 W DIAGMON_SDK[605026]: DiagMonAgent isn't found: com.sec.android.diagmonagent
04-07 12:46:34.888 11150 11150 W DIAGMON_SDK[605026]: DiagMonAgent isn't found: com.sec.android.diagmonagent
04-07 12:46:34.905  4275  4493 I NetworkScheduler.Stats: (REDACTED) Task %s/%s finished executing. cause:%s result: %s elapsed_millis: %s uptime_millis: %s exec_start_elapsed_seconds: %s
04-07 12:46:34.908  1407  2165 D PackageManager: setEnabledSetting : userId = 0 packageName = com.samsung.android.networkdiagnostic cmp = androidx.work.impl.background.systemjob.SystemJobService newState = 1 callingPackage = 5023/com.samsung.android.networkdiagnostic
04-07 12:46:34.909  4275  4493 I NetworkScheduler.Stats: (REDACTED) Task %s/%s finished executing. cause:%s result: %s elapsed_millis: %s uptime_millis: %s exec_start_elapsed_seconds: %s
04-07 12:46:34.909  1407  2165 D ApplicationPolicy: getApplicationStateEnabled : pkg = com.samsung.android.networkdiagnostic userId : 0
04-07 12:46:34.909  1407  2165 D ApplicationPolicy: getApplicationComponentState : pkg = com.samsung.android.networkdiagnostic userId : 0
04-07 12:46:34.910 11150 11198 W DIAGMON_SDK[605026]: DiagMonAgent isn't found: com.sec.android.diagmonagent
04-07 12:46:34.910 11150 11198 W DIAGMON_SDK[605026]: Not installed DMA
04-07 12:46:34.910 11150 11198 W DIAGMON_SDK[605026]: SetConfiguration is aborted
04-07 12:46:34.923 11150 11150 I [ND]NetworkDiagnosticReceiver: main | onReceive: android.intent.action.BOOT_COMPLETED
04-07 12:46:34.923 11150 11150 I [ND]NetworkDiagnosticReceiver: main | onReceive: Bundle[mParcelledData.dataSize=84]
04-07 12:46:34.929  1407  6593 I GenerationRegistry: mBackingStore.isClosed() : false
04-07 12:46:34.933 11150 11150 I [ND]NetworkDiagnosticManager: main | startUserAgreementMonitoring
04-07 12:46:34.934 11150 11150 I [ND]JobScheduleUtil: main | schedule
04-07 12:46:34.934 11150 11150 I [ND]StartBackgroundServices: main | scheduleWork: 11
04-07 12:46:34.936  5425  5618 I R0      : limitGPUFreq:: freq = 490
04-07 12:46:34.936  5425  5618 I SemDvfsHyPerManager: acquire hyper - SIOP_GPU_FREQ_MAX/5425@4, type = 536875010
04-07 12:46:34.936  5425  5618 I R0      : limitCPUFreq:: freq = 2745600
04-07 12:46:34.936  5425  5618 I SemDvfsHyPerManager: acquire hyper - SIOP_ARM_MAX/5425@2, type = 301993986
04-07 12:46:34.936  1407  6593 D CompatibilityChangeReporter: Compat change id reported: 194532703; UID 5023; state: ENABLED
04-07 12:46:34.936  1162  1186 I HYPER-HAL: [RequestManager.cpp]acquire(): Acquired ID : 14739739  [5425 / 4]    HINT :      list : [GPUMaxFreq / 490] 
04-07 12:46:34.937  1162  1186 I HYPER-HAL: [RequestManager.cpp]acquire(): Acquired ID : 14728880  [5425 / 2]    HINT :      list : [CPUMaxFreq / 2745600] 
04-07 12:46:34.937  1162  1186 I HYPER-HAL: [ResourceManager.cpp]updateResource(): [CPUMaxFreq] UpdateResource Request ID : 14728880    Value : 2745600
04-07 12:46:34.940 11150 11150 I [ND]NetworkDiagnosticManager: main | startLocationAgreementMonitoring
04-07 12:46:34.940 11150 11150 I [ND]JobScheduleUtil: main | schedule
04-07 12:46:34.941 11150 11150 I [ND]StartBackgroundServices: main | scheduleWork: 12
04-07 12:46:34.944 11150 11150 I [ND]NetworkDiagnosticManager: main | stopMeasurements
04-07 12:46:34.950  1162 10652 I HYPER-HAL: [ResourceManager.cpp]removeResource(): [CPUMaxFreq] RemoveResource Request ID : 14794094
04-07 12:46:34.950  1162 10652 I HYPER-HAL: [RequestManager.cpp]releaseLocked(): Released ID : 14794094
04-07 12:46:34.980  4275  4493 I NetworkScheduler.Stats: (REDACTED) Task %s/%s started execution. cause:%s exec_start_elapsed_seconds: %s
04-07 12:46:34.985 11111 11111 I System.out: Update settings xposed
04-07 12:46:34.993 11111 11111 V GraphicsEnvironment: ANGLE Developer option for 'com.android.externalstorage' set to: 'default'
04-07 12:46:34.994 11111 11111 V GraphicsEnvironment: ANGLE GameManagerService for com.android.externalstorage: false
04-07 12:46:34.995  1407  6593 I ActivityManager: com.samsung.android.provider.filterprovider is exempt from freezer
04-07 12:46:34.995  1407  6593 D CompatibilityChangeReporter: Compat change id reported: 135634846; UID 1000; state: DISABLED
04-07 12:46:34.995  1407  6593 D CompatibilityChangeReporter: Compat change id reported: 177438394; UID 1000; state: DISABLED
04-07 12:46:34.996  1407  6593 D CompatibilityChangeReporter: Compat change id reported: 135772972; UID 1000; state: DISABLED
04-07 12:46:34.996  1407  6593 D CompatibilityChangeReporter: Compat change id reported: 135754954; UID 1000; state: ENABLED
04-07 12:46:34.998  1407  6593 I ActivityManager: Killing 8906:com.android.carrierconfig/u0a249 (adj 999): empty #37
04-07 12:46:34.999  4900  4949 D BinderSender: onUidCachedChanged: uid=5023, cached=true
04-07 12:46:35.003  1069  1069 D Zygote  : Forked child process 11208
04-07 12:46:35.005  1407  2482 I libprocessgroup: Successfully killed process cgroup uid 10249 pid 8906 in 5ms
04-07 12:46:35.006  4275  4459 W MobStoreFlagStore: Failed to register flag update listener on flag read for: com.google.android.gms.auth_account_auto#com.google.android.gms which may lead to stale flags.
04-07 12:46:35.006  4275  4459 W MobStoreFlagStore: java.util.concurrent.ExecutionException: expk: 17: 17: API: Phenotype.API is not available on this device. Connection failed with: ConnectionResult{statusCode=API_UNAVAILABLE, resolution=null, message=null}
04-07 12:46:35.006  4275  4459 W MobStoreFlagStore: 	at frzl.j(:com.google.android.gms@251134029@25.11.34 (190400-740024306):21)
04-07 12:46:35.006  4275  4459 W MobStoreFlagStore: 	at frzu.u(:com.google.android.gms@251134029@25.11.34 (190400-740024306):23)
04-07 12:46:35.006  4275  4459 W MobStoreFlagStore: 	at frzl.get(:com.google.android.gms@251134029@25.11.34 (190400-740024306):1)
04-07 12:46:35.006  4275  4459 W MobStoreFlagStore: 	at fsdz.a(:com.google.android.gms@251134029@25.11.34 (190400-740024306):2)
04-07 12:46:35.006  4275  4459 W MobStoreFlagStore: 	at fscp.r(:com.google.android.gms@251134029@25.11.34 (190400-740024306):10)
04-07 12:46:35.006  4275  4459 W MobStoreFlagStore: 	at exso.run(:com.google.android.gms@251134029@25.11.34 (190400-740024306):3)
04-07 12:46:35.006  4275  4459 W MobStoreFlagStore: 	at java.util.concurrent.Executors$RunnableAdapter.call(Executors.java:487)
04-07 12:46:35.006  4275  4459 W MobStoreFlagStore: 	at java.util.concurrent.FutureTask.run(FutureTask.java:264)
04-07 12:46:35.006  4275  4459 W MobStoreFlagStore: 	at java.util.concurrent.ScheduledThreadPoolExecutor$ScheduledFutureTask.run(ScheduledThreadPoolExecutor.java:307)
04-07 12:46:35.006  4275  4459 W MobStoreFlagStore: 	at java.util.concurrent.ThreadPoolExecutor.runWorker(ThreadPoolExecutor.java:1145)
04-07 12:46:35.006  4275  4459 W MobStoreFlagStore: 	at java.util.concurrent.ThreadPoolExecutor$Worker.run(ThreadPoolExecutor.java:644)
04-07 12:46:35.006  4275  4459 W MobStoreFlagStore: 	at athk.run(:com.google.android.gms@251134029@25.11.34 (190400-740024306):10)
04-07 12:46:35.006  4275  4459 W MobStoreFlagStore: 	at java.lang.Thread.run(Thread.java:1012)
04-07 12:46:35.006  4275  4459 W MobStoreFlagStore: Caused by: expk: 17: 17: API: Phenotype.API is not available on this device. Connection failed with: ConnectionResult{statusCode=API_UNAVAILABLE, resolution=null, message=null}
04-07 12:46:35.006  4275  4459 W MobStoreFlagStore: 	at expm.a(:com.google.android.gms@251134029@25.11.34 (190400-740024306):13)
04-07 12:46:35.006  4275  4459 W MobStoreFlagStore: 	at frzb.d(:com.google.android.gms@251134029@25.11.34 (190400-740024306):3)
04-07 12:46:35.006  4275  4459 W MobStoreFlagStore: 	at frzd.run(:com.google.android.gms@251134029@25.11.34 (190400-740024306):130)
04-07 12:46:35.006  4275  4459 W MobStoreFlagStore: 	at fsbk.execute(:com.google.android.gms@251134029@25.11.34 (190400-740024306):1)
04-07 12:46:35.006  4275  4459 W MobStoreFlagStore: 	at frzl.f(:com.google.android.gms@251134029@25.11.34 (190400-740024306):1)
04-07 12:46:35.006  4275  4459 W MobStoreFlagStore: 	at frzl.m(:com.google.android.gms@251134029@25.11.34 (190400-740024306):99)
04-07 12:46:35.006  4275  4459 W MobStoreFlagStore: 	at frzl.r(:com.google.android.gms@251134029@25.11.34 (190400-740024306):17)
04-07 12:46:35.006  4275  4459 W MobStoreFlagStore: 	at eqdu.hE(:com.google.android.gms@251134029@25.11.34 (190400-740024306):35)
04-07 12:46:35.006  4275  4459 W MobStoreFlagStore: 	at eeku.run(:com.google.android.gms@251134029@25.11.34 (190400-740024306):12)
04-07 12:46:35.006  4275  4459 W MobStoreFlagStore: 	at fsbk.execute(:com.google.android.gms@251134029@25.11.34 (190400-740024306):1)
04-07 12:46:35.006  4275  4459 W MobStoreFlagStore: 	at eekv.b(:com.google.android.gms@251134029@25.11.34 (190400-740024306):18)
04-07 12:46:35.006  4275  4459 W MobStoreFlagStore: 	at eelk.b(:com.google.android.gms@251134029@25.11.34 (190400-740024306):36)
04-07 12:46:35.006  4275  4459 W MobStoreFlagStore: 	at eelm.d(:com.google.android.gms@251134029@25.11.34 (190400-740024306):25)
04-07 12:46:35.006  4275  4459 W MobStoreFlagStore: 	at atbb.c(:com.google.android.gms@251134029@25.11.34 (190400-740024306):8)
04-07 12:46:35.006  4275  4459 W MobStoreFlagStore: 	at atdu.q(:com.google.android.gms@251134029@25.11.34 (190400-740024306):48)
04-07 12:46:35.006  4275  4459 W MobStoreFlagStore: 	at atdu.d(:com.google.android.gms@251134029@25.11.34 (190400-740024306):10)
04-07 12:46:35.006  4275  4459 W MobStoreFlagStore: 	at atdu.g(:com.google.android.gms@251134029@25.11.34 (190400-740024306):185)
04-07 12:46:35.006  4275  4459 W MobStoreFlagStore: 	at atdu.onConnectionFailed(:com.google.android.gms@251134029@25.11.34 (190400-740024306):2)
04-07 12:46:35.006  4275  4459 W MobStoreFlagStore: 	at atdw.run(:com.google.android.gms@251134029@25.11.34 (190400-740024306):80)
04-07 12:46:35.006  4275  4459 W MobStoreFlagStore: 	at android.os.Handler.handleCallback(Handler.java:942)
04-07 12:46:35.006  4275  4459 W MobStoreFlagStore: 	at android.os.Handler.dispatchMessage(Handler.java:99)
04-07 12:46:35.006  4275  4459 W MobStoreFlagStore: 	at cbog.ms(:com.google.android.gms@251134029@25.11.34 (190400-740024306):1)
04-07 12:46:35.006  4275  4459 W MobStoreFlagStore: 	at cbog.dispatchMessage(:com.google.android.gms@251134029@25.11.34 (190400-740024306):5)
04-07 12:46:35.006  4275  4459 W MobStoreFlagStore: 	at android.os.Looper.loopOnce(Looper.java:226)
04-07 12:46:35.006  4275  4459 W MobStoreFlagStore: 	at android.os.Looper.loop(Looper.java:313)
04-07 12:46:35.006  4275  4459 W MobStoreFlagStore: 	at android.os.HandlerThread.run(HandlerThread.java:67)
04-07 12:46:35.006  4275  4459 W MobStoreFlagStore: Caused by: aszt: 17: API: Phenotype.API is not available on this device. Connection failed with: ConnectionResult{statusCode=API_UNAVAILABLE, resolution=null, message=null}
04-07 12:46:35.006  4275  4459 W MobStoreFlagStore: 	at atbb.c(:com.google.android.gms@251134029@25.11.34 (190400-740024306):3)
04-07 12:46:35.006  4275  4459 W MobStoreFlagStore: 	... 12 more
04-07 12:46:35.013 11111 11111 D NetworkSecurityConfig: No Network Security Config specified, using platform default
04-07 12:46:35.015  1407  2479 I ActivityManager: Changes in 10043 5 to 15, 8 to 0
04-07 12:46:35.016  4900  4949 D BinderSender: onUidCachedChanged: uid=10043, cached=true
04-07 12:46:35.019 11111 11111 D NetworkSecurityConfig: No Network Security Config specified, using platform default
04-07 12:46:35.020  1407  2481 I ActivityManager: Start proc 11208:com.samsung.android.provider.filterprovider/1000 for broadcast {com.samsung.android.provider.filterprovider/com.samsung.android.provider.filterprovider.BootCompleteReceiver}
04-07 12:46:35.031  4497  4746 I CryptauthV2: [EnrollCryptauthFramework] SyncKeysRequest successfully completed
04-07 12:46:35.038  1159  1159 I sensors-hal: set_config:67, sample_period_ns is adjusted to 20000000 based on min/max delay_ns
04-07 12:46:35.038  1159  1159 I sensors-hal: batch:363, android.sensor.rotation_vector/111, period=20000000, max_latency=0 request completed
04-07 12:46:35.038  1159  1159 I sensors-hal: activate:279, android.sensor.rotation_vector/111 en=1
04-07 12:46:35.039  1159  1159 I sensors-hal: get_qmi_debug_flag:241, support_qmi_debug : false
04-07 12:46:35.040 11208 11208 I .filterprovider: Using CollectorTypeCC GC.
04-07 12:46:35.042 11208 11208 E .filterprovider: Not starting debugger since process cannot load the jdwp agent.
04-07 12:46:35.042  1159  1159 I sensors-hal: activate:297, android.sensor.rotation_vector/111 en=1 completed
04-07 12:46:35.042 10178 10801 D SensorManager: registerListener :: 111, Rotation Vector  Non-wakeup, 20000, 0, 
04-07 12:46:35.043   714   714 D io_stats: !@   8,0 r 183464 7565404 w 24019 357104 d 8709 1501044 f 0 0 iot 32000 0 th 0 0 0 pt 0 inp 0 0 82.907
04-07 12:46:35.048  6237 11061 E Routine@Core[4.2.01.2]: XmlParser[configuration]: Unrecognized TAG. It is skipped =parameter
04-07 12:46:35.048  6237 11061 E Routine@Core[4.2.01.2]: XmlParser[configuration]: Unrecognized Xml end tag skipped = parameter
04-07 12:46:35.048  6237 11061 E Routine@Core[4.2.01.2]: XmlParser[configuration]: Unrecognized TAG. It is skipped =parameter
04-07 12:46:35.048  6237 11061 E Routine@Core[4.2.01.2]: XmlParser[configuration]: Unrecognized Xml end tag skipped = parameter
04-07 12:46:35.048  6237 11061 E Routine@Core[4.2.01.2]: XmlParser[configuration]: Unrecognized TAG. It is skipped =parameter
04-07 12:46:35.048  6237 11061 E Routine@Core[4.2.01.2]: XmlParser[configuration]: Unrecognized Xml end tag skipped = parameter
04-07 12:46:35.049  6237 11061 E Routine@Core[4.2.01.2]: XmlParser[configuration]: Unrecognized TAG. It is skipped =parameter
04-07 12:46:35.049  6237 11061 E Routine@Core[4.2.01.2]: XmlParser[configuration]: Unrecognized Xml end tag skipped = parameter
04-07 12:46:35.049  6237 11061 E Routine@Core[4.2.01.2]: XmlParser[configuration]: Unrecognized TAG. It is skipped =parameter
04-07 12:46:35.049  6237 11061 E Routine@Core[4.2.01.2]: XmlParser[configuration]: Unrecognized Xml end tag skipped = parameter
04-07 12:46:35.053  6237 11061 E Routine@Core[4.2.01.2]: XmlParser[configuration]: Unrecognized TAG. It is skipped =parameter
04-07 12:46:35.055  1407  3531 I GenerationRegistry: mBackingStore.isClosed() : false
04-07 12:46:35.056  6237 11061 E Routine@Core[4.2.01.2]: XmlParser[configuration]: Unrecognized Xml end tag skipped = parameter
04-07 12:46:35.056  1407  2161 I system_server: Background young concurrent copying GC freed 23MB AllocSpace bytes, 5(100KB) LOS objects, 15% free, 104MB/123MB, paused 1.989ms,279us total 130.805ms
04-07 12:46:35.057 11208 11208 D nativeloader: Load libframework-connectivity-tiramisu-jni.so using APEX ns com_android_tethering for caller /apex/com.android.tethering/javalib/framework-connectivity-t.jar: ok
04-07 12:46:35.057 11111 11111 D ExternalStorage: After updating volumes, found 1 active roots
04-07 12:46:35.058 11208 11208 D ActivityThread: setConscryptValidator
04-07 12:46:35.058 11208 11208 D ActivityThread: setConscryptValidator - put
04-07 12:46:35.067  4275  4493 I NetworkScheduler.Stats: (REDACTED) Task %s/%s started execution. cause:%s exec_start_elapsed_seconds: %s
04-07 12:46:35.070  1407  5541 I ActivityManager: DSS OFF for com.samsung.android.provider.filterprovider
04-07 12:46:35.072  4497  4658 I MdiSyncModule: (REDACTED) Dispatching task '%s'...
04-07 12:46:35.072  4497  4658 I MdiSyncModule: (REDACTED) Running singleton-scoped task '%s'...
04-07 12:46:35.080   745   745 W keymaster_tee: [WRN]start nwd_generate_key
04-07 12:46:35.083   745   745 D keymaster_swd: keymaster_swd [ERR] (tz_check_oem:74) Device is compromized: fuse loc=5,status=0,sw_fuse_blown=1
04-07 12:46:35.083   745   745 D keymaster_swd: keymaster_swd [WRN] (swd_run_cb:257) swd_generate_key() returns 0
04-07 12:46:35.083   745   745 W keymaster_tee: [WRN]ret OK PARAMS: A3 AT3 P2 D4 TO10 S256 2025.04.07,12:46:35.080 
04-07 12:46:35.084   745   745 W keymaster_tee: [WRN]start nwd_attest_key
04-07 12:46:35.086 11208 11208 D CompatibilityChangeReporter: Compat change id reported: 171979766; UID 1000; state: ENABLED
04-07 12:46:35.088 10178 10801 W libc    : Access denied finding property "persist.adb.tls_server.enable"
04-07 12:46:35.090   745   745 D keymaster_swd: keymaster_swd [ERR] (tz_check_oem:74) Device is compromized: fuse loc=5,status=0,sw_fuse_blown=1
04-07 12:46:35.090   745   745 D keymaster_swd: keymaster_swd [WRN] (swd_run_cb:257) swd_key_attest() returns 0
04-07 12:46:35.090   745   745 E keymaster_tee: [[31mERR[0m]Unexpected title ignore.. title: TEE
04-07 12:46:35.090   745   745 W keymaster_tee: [WRN]nwd_attest_key GAK ret 0
04-07 12:46:35.091   745   745 D keymaster_swd: keymaster_swd [WRN] (swd_run_cb:257) swd_abort() returns 0
04-07 12:46:35.091   742  2904 I keystore2: keystore2::security_level: In generate_key. 10226, Some("leC9GX4QrK36w60QTOPSc_q3FVKt4mJxJKGJuTSpVAE")
04-07 12:46:35.092   742  2904 E DEVROOT#CIF:  VFI_appendVndFile start
04-07 12:46:35.092  9216  9329 I [CmdL-2.0.3]CommandProvider: call() version : 2.0.3, caller : com.samsung.android.app.routines, package : com.android.settings, method : method_CREATE, id : null
04-07 12:46:35.100  1200  1200 I DEVROOT#VND:  communicate start cmd:0xCD29, length:176
04-07 12:46:35.100  1200  1200 I DEVROOT#VND:  cmd [CD29] start...
04-07 12:46:35.100  1200  1200 I DEVROOT#VND:  cmd [CD29] end...[0]
04-07 12:46:35.101  1407  2807 D SemNscXgbMsL1: Probability - Cloud gaming: [0.018750558]
04-07 12:46:35.101  1200  1200 I DEVROOT#VND:  communicate end 0 / length : 0
04-07 12:46:35.101  1407  2807 D SemNscXgbMsL1: Probability - Real time: [0.17415123]
04-07 12:46:35.101  1407  2807 D SemNscXgbMsL1: Probability - Non real time: [0.9958734]
04-07 12:46:35.101  1407  2807 D SemNscXgbMsL1: 1 sample inference time: 0.140312 msecs
04-07 12:46:35.101  1407  2807 D SemNscXgbL2Rt: L2 RT 1 sample inference time: 0.343073 msecs
04-07 12:46:35.102  1407  2807 D SemNscXgbL2Nrt: L2 NRT 1 sample inference time: 0.354896 msecs
04-07 12:46:35.108   742  2904 E DEVROOT#CIF:  VFI_appendVndFile end (0)
04-07 12:46:35.110   742  2904 I keystore2: keystore2::database: In store_new_key "leC9GX4QrK36w60QTOPSc_q3FVKt4mJxJKGJuTSpVAE", uid=10226, cert=true, cert_chain=true rebound=false
04-07 12:46:35.112  9216  9329 D ActionsIndexer: Actions already indexed - returning.
04-07 12:46:35.113  1700  3012 I TrickyStore: hack key for u10226 leC9GX4QrK36w60QTOPSc_q3FVKt4mJxJKGJuTSpVAE
04-07 12:46:35.113  1159 11214 I sensors-hal: handle_indication_realtime:466,  SCHED_FIFO(10) for qmi_cbk
04-07 12:46:35.118 11111 11111 D ExternalStorage: After updating volumes, found 1 active roots
04-07 12:46:35.123  1407  3531 D CompatibilityChangeReporter: Compat change id reported: 135634846; UID 10111; state: DISABLED
04-07 12:46:35.123  1407  3531 D CompatibilityChangeReporter: Compat change id reported: 177438394; UID 10111; state: DISABLED
04-07 12:46:35.123  1407  3531 D CompatibilityChangeReporter: Compat change id reported: 135772972; UID 10111; state: DISABLED
04-07 12:46:35.123  1407  3531 D CompatibilityChangeReporter: Compat change id reported: 135754954; UID 10111; state: ENABLED
04-07 12:46:35.124  1407  2481 D CompatibilityChangeReporter: Compat change id reported: 143937733; UID 10111; state: ENABLED
04-07 12:46:35.126  4900  4949 D BinderSender: onUidCachedChanged: uid=10059, cached=true
04-07 12:46:35.131  1069  1069 D Zygote  : Forked child process 11230
04-07 12:46:35.132  1407  2481 I ActivityManager: Start proc 11230:com.sec.android.app.myfiles/u0a111 for broadcast {com.sec.android.app.myfiles/com.sec.android.app.myfiles.external.receiver.MyFilesReceiver}
04-07 12:46:35.132  1700  1842 I TrickyStore: return hacked cert of uid=10226 a=leC9GX4QrK36w60QTOPSc_q3FVKt4mJxJKGJuTSpVAE
04-07 12:46:35.132  1407  2165 D SensorService: Calling activate off 111
04-07 12:46:35.132  1159  1159 I sensors-hal: activate:279, android.sensor.rotation_vector/111 en=0
04-07 12:46:35.133  1159  1159 I sensors-hal: deactivate:371, disconnect qmi to disable sensor
04-07 12:46:35.133  1159  1159 I sensors-hal: activate:297, android.sensor.rotation_vector/111 en=0 completed
04-07 12:46:35.134  1700  1842 I TrickyStore: return hacked cert of uid=10226 a=leC9GX4QrK36w60QTOPSc_q3FVKt4mJxJKGJuTSpVAE
04-07 12:46:35.134  4275 10001 W GmsUrlRequestImpl: Content-Type header is overwritten.
04-07 12:46:35.134 10178 10801 D SensorManager: unregisterListener
04-07 12:46:35.136  1700  1842 I TrickyStore: return hacked cert of uid=10226 a=leC9GX4QrK36w60QTOPSc_q3FVKt4mJxJKGJuTSpVAE
04-07 12:46:35.136  4497  4746 I CryptauthV2: [EnrollCryptauthFramework] Performing EnrollKeysRequest for 1 keys.
04-07 12:46:35.165 11230 11230 I oid.app.myfiles: Using CollectorTypeCC GC.
04-07 12:46:35.168 11230 11230 E oid.app.myfiles: Not starting debugger since process cannot load the jdwp agent.
04-07 12:46:35.176 11230 11230 D nativeloader: Load libframework-connectivity-tiramisu-jni.so using APEX ns com_android_tethering for caller /apex/com.android.tethering/javalib/framework-connectivity-t.jar: ok
04-07 12:46:35.177 11230 11230 D ActivityThread: setConscryptValidator
04-07 12:46:35.177 11230 11230 D ActivityThread: setConscryptValidator - put
04-07 12:46:35.180  1407  3531 D CompatibilityChangeReporter: Compat change id reported: 168419799; UID 10111; state: DISABLED
04-07 12:46:35.182  1407  3531 I ActivityManager: DSS OFF for com.sec.android.app.myfiles
04-07 12:46:35.186  4900  4949 D BinderSender: onUidIdle: uid=10111, disabled=false
04-07 12:46:35.186  4900  4949 V BinderSender: Uid 10111 starts
04-07 12:46:35.187  4900  4949 D BinderSender: sendBinder to uid 10111: packages=com.sec.android.app.myfiles
04-07 12:46:35.187  4900  4949 D BinderSender: onUidCachedChanged: uid=10111, cached=false
04-07 12:46:35.187  4900  4949 V BinderSender: Uid 10111 already starts
04-07 12:46:35.192  1407  2468 W Looper  : Drained
04-07 12:46:35.195  4497  4658 I MdiSyncModule: (REDACTED) Singleton-scoped task '%s' finished with result '%d'!
04-07 12:46:35.196  4497  4658 I GmsCoreXrpcWrapper: (REDACTED) Returning a channel provider with trafficStatsTag=%d trafficStatsUid=%d
04-07 12:46:35.196 11230 11230 D CompatibilityChangeReporter: Compat change id reported: 171979766; UID 10111; state: ENABLED
04-07 12:46:35.198  9216  9329 I [CmdL-2.0.3]CommandProvider: call() took time : 107
04-07 12:46:35.200  4497  4658 I MdiSyncModule: (REDACTED) Running account-scoped task '%s'...
04-07 12:46:35.204  9216  9329 I [CmdL-2.0.3]CommandProvider: call() version : 2.0.3, caller : com.samsung.android.app.routines, package : com.android.settings, method : method_LOAD, id : command://com.android.settings.command/bluetooth_settings
04-07 12:46:35.204  9216  9329 D ActionsIndexer: Actions already indexed - returning.
04-07 12:46:35.224  9216  9329 D LocalBluetoothManager: LocalBluetoothManager :: sInstance == null
04-07 12:46:35.225  4497 10944 I AppLinksAsyncVerifierV2: (REDACTED) Verification result: checking for a statement with source %s, relation delegate_permission/common.handle_all_urls, and target %s --> %b.
04-07 12:46:35.225  4497  9924 I AppLinksHostsVerifierV2: (REDACTED) Verification %s complete. Successful hosts: %s. Failed hosts: %s. Error hosts: %s.
04-07 12:46:35.231  4497  9924 I AppLinksUtilsV1: Legacy cross-profile verification enabled [CONTEXT service_id=244 ]
04-07 12:46:35.231  1407  2712 D BluetoothManagerService: mDisableBleCallbacks count 12
04-07 12:46:35.231  9216  9329 I BluetoothAdapter: BluetoothAdapter() : com.android.settings
04-07 12:46:35.232  9216  9329 D LocalBluetoothManager: LocalBluetoothManager :: constructor
04-07 12:46:35.232  9216  9329 D BluetoothEventManager: BluetoothEventManager Constructor :: 
04-07 12:46:35.238  1407  2165 D CompatibilityChangeReporter: Compat change id reported: 161145287; UID 1000; state: DISABLED
04-07 12:46:35.243 11208 11208 I FILP/FilterProvider: versionName : 6.0.16, DB version : 101
04-07 12:46:35.245 11208 11208 I FILP/e  : CscFeature : 
04-07 12:46:35.246  9216  9329 D BluetoothPan: Binding service...
04-07 12:46:35.246 11208 11208 I FILP/e  : existTBFilters : false
04-07 12:46:35.247 11208 11208 I FILP/e  : Preload Filter Version : 5
04-07 12:46:35.247 11208 11208 I FILP/e  : One UI version : 50100
04-07 12:46:35.250 11208 11208 I FILP/d  : storeThirdPartyExternalFilters
04-07 12:46:35.250  9216  9329 D LocalBluetoothProfileManager: updateLocalProfiles :: 
04-07 12:46:35.250 11208 11208 I FILP/FilterProvider: query: X
04-07 12:46:35.252  9216  9216 D BluetoothPan: Proxy object connected
04-07 12:46:35.252  1407  2479 W Thanox-Core: reportOnActivityResumed: Intent { cmp=com.github.capntrips.kernelflasher/.MainActivity }, user: 0
04-07 12:46:35.254  1407  2741 V NetworkPolicy: getFirewallRuleWifi UID:10624 policy:0
04-07 12:46:35.255  9216  9329 D BluetoothA2dp: Binding service...
04-07 12:46:35.258  1407  3521 I GenerationRegistry: mBackingStore.isClosed() : false
04-07 12:46:35.258  9216  9216 D BluetoothA2dp: Proxy object connected
04-07 12:46:35.259  9216  9329 D BluetoothHeadset: BTStateChangeCB is registed by 9216 @ com.android.settings
04-07 12:46:35.260  9216  9329 D BluetoothMap: Create BluetoothMap proxy object
04-07 12:46:35.260  9216  9329 D BluetoothMap: Binding service...
04-07 12:46:35.261  4275  6376 I NetworkScheduler.Stats: (REDACTED) Task %s/%s finished executing. cause:%s result: %s elapsed_millis: %s uptime_millis: %s exec_start_elapsed_seconds: %s
04-07 12:46:35.266  9216  9216 D BluetoothMap: Proxy object connected
04-07 12:46:35.266  9216  9216 D BluetoothMap: getConnectedDevices()
04-07 12:46:35.269  9216  9329 D BluetoothHearingAid: Binding service...
04-07 12:46:35.273 11208 11208 I FILP/FilterProvider: query: E
04-07 12:46:35.275  9216  9216 D BluetoothHearingAid: Proxy object connected
04-07 12:46:35.275  4497  4658 I MdiSyncModule: (REDACTED) Task '%s' finished with result '%d'!
04-07 12:46:35.276 11208 11208 I FILP/d  : installFilters
04-07 12:46:35.276 11208 11208 I FILP/FilterProvider: query: X
04-07 12:46:35.276  9216  9329 D BluetoothHidHost: Binding service...
04-07 12:46:35.278 11208 11208 I FILP/FilterProvider: query: E
04-07 12:46:35.278 11208 11208 I FILP/d  : loadExternalFilter count : 12
04-07 12:46:35.280  9216  9329 D BluetoothPbap: Binding service...
04-07 12:46:35.280  9216  9216 D BluetoothHidHost: Proxy object connected
04-07 12:46:35.281 11208 11208 I FILP/FilterProvider: query: X
04-07 12:46:35.284 11208 11208 I FILP/FilterProvider: query: E
04-07 12:46:35.285  9216  9216 D BluetoothPbap: Proxy object connected
04-07 12:46:35.285  9216  9329 D BluetoothSap: Create BluetoothSap proxy object
04-07 12:46:35.286  9216  9329 D BluetoothSap: Binding service...
04-07 12:46:35.290  9216  9329 D LocalBluetoothProfileManager: Adding local Spp profile
04-07 12:46:35.290  9216  9216 D BluetoothSap: Proxy object connected
04-07 12:46:35.290  9216  9216 D BluetoothSap: getConnectedDevices()
04-07 12:46:35.291  3250  3258 V SapService: getConnectedDevices()
04-07 12:46:35.291  9216  9329 W LocalBluetoothProfileManager: Warning: SAP profile was previously added.
04-07 12:46:35.291  9216  9329 D LocalBluetoothProfileManager: updateLocalProfiles :: 
04-07 12:46:35.292  9216  9329 W LocalBluetoothProfileManager: updateLocalProfiles :: Spp profile was created already 
04-07 12:46:35.293  3250  3260 D BluetoothAdapterService: getBondedDevices, remove custom devices: 
04-07 12:46:35.295 11208 11208 I FILP/c  : getFileCount : file count = 5
04-07 12:46:35.295 11208 11208 I FILP/c  : isDBExists : count = 5, return.
04-07 12:46:35.299  1069  1069 I Zygote  : Process 8906 exited due to signal 9 (Killed)
04-07 12:46:35.300  1407  5541 W Thanox-Core: AMS onProcessRemovedInternal: ProcessRecord{packageName='com.android.carrierconfig', processName='com.android.carrierconfig', pid=0, uid=10249}
04-07 12:46:35.301  1407  2506 W Thanox-Core: onProcessRemovedInternal, currentFrontPkg: Pkg{pkgName='com.github.capntrips.kernelflasher', userId=0}, processPkgName: com.android.carrierconfig
04-07 12:46:35.302  4900  4949 D BinderSender: onProcessDied: pid=8906, uid=10249
04-07 12:46:35.302  4900  5646 D BinderSender: onUidIdle: uid=10249, disabled=false
04-07 12:46:35.302  4900  5646 V BinderSender: Uid 10249 already starts
04-07 12:46:35.302  4900  5646 D BinderSender: onUidGone: uid=10249, disabled=false
04-07 12:46:35.302  4900  5646 V BinderSender: Uid 10249 dead
04-07 12:46:35.303  1407  2506 W Thanox-Core: AMS onPackageStopRunningInternal: Pkg{pkgName='com.android.carrierconfig', userId=0}, uid: 10249
04-07 12:46:35.303  1407  2506 W Thanox-Core: onPkgKilledInternal: Pkg{pkgName='com.android.carrierconfig', userId=0}
04-07 12:46:35.315 11208 11208 I FILP/BootCompleteReceiver: onReceive registerBroadcastReceiver version : 140100
04-07 12:46:35.316  9216  9329 D EmergencyMode: [EmergencyManager] android createPackageContext successful: com.android.settings
04-07 12:46:35.317  9216  9329 D CachedBluetoothDevice: getBtClassDrawable :: (N) Hyundai Motors, BluetoothClass = 240408, Appearance = 0
04-07 12:46:35.317  4497 10944 I AppLinksAsyncVerifierV2: (REDACTED) Verification result: checking for a statement with source %s, relation delegate_permission/common.handle_all_urls, and target %s --> %b.
04-07 12:46:35.321  9216  9329 D BluetoothAdapter: getActiveDevices(profile= A2DP)
04-07 12:46:35.321  1407  2479 E AppWidgetXmlUtil: Label is empty in ComponentInfo{com.sec.android.app.shealth/com.samsung.android.app.shealth.tracker.pedometer.service.StepsComplicationWidgetReceiver}
04-07 12:46:35.323  3250  3258 I BluetoothAdapterService: getActiveDevices: A2dp device: null
04-07 12:46:35.324  9216  9329 D BluetoothAdapter: getActiveDevices(profile= HEADSET)
04-07 12:46:35.325  4275 10134 I NetworkScheduler.Stats: (REDACTED) Task %s/%s finished executing. cause:%s result: %s elapsed_millis: %s uptime_millis: %s exec_start_elapsed_seconds: %s
04-07 12:46:35.326  3250  3258 I BluetoothAdapterService: getActiveDevices: Headset device: null
04-07 12:46:35.326  9216  9329 D BluetoothAdapter: getActiveDevices(profile= HEARING_AID)
04-07 12:46:35.327  3250  3258 D HearingAidService: getActiveDevices
04-07 12:46:35.327  3250  3258 I BluetoothAdapterService: getActiveDevices: Hearing Aid devices: Left[null] - Right[null]
04-07 12:46:35.329 11208 11208 I SEP_UNION_SemUnionManager: initializeManagerMapData(1000) context = android.app.ContextImpl@efce463 
04-07 12:46:35.331 11208 11208 I SEP_UNION_SemUnionManager: getUnionService(semeventdelegator) 
04-07 12:46:35.332 11208 11208 I SEP_UNION_SemUnionManager: getSemSystemService : semeventdelegator 
