04-07 12:46:35.333  1407  5541 D SEP_UNION_SemUnionMainServiceImpl: getSemSystemService - semeventdelegator 
04-07 12:46:35.336 11208 11208 I SEP_UNION_SemUnionManager: getUnionService(semeventdelegator) 
04-07 12:46:35.336  4275  6376 I NetworkScheduler.Stats: (REDACTED) Task %s/%s started execution. cause:%s exec_start_elapsed_seconds: %s
04-07 12:46:35.337  1407  2165 D SEP_UNION_SemDeviceInfoManagerService: registerPendingIntentInternal() action = android.intent.action.PACKAGE_ADDED, callingPackage = com.samsung.android.provider.filterprovider, userId = 0, flag = 0, conditions = null 
04-07 12:46:35.337  1407  2165 D SEP_UNION_SemDeviceInfoManagerService: PendingIntentWithConditions added f=0 
04-07 12:46:35.337  1407  2165 D SEP_UNION_SemDeviceInfoManagerService: registerPendingIntentInternal() action = android.intent.action.PACKAGE_REMOVED, callingPackage = com.samsung.android.provider.filterprovider, userId = 0, flag = 0, conditions = null 
04-07 12:46:35.337  1407  2165 D SEP_UNION_SemDeviceInfoManagerService: PendingIntentWithConditions added f=0 
04-07 12:46:35.339  1407  3521 I ActivityManager: Killing 9035:com.samsung.android.applock/1000 (adj 999): empty #37
04-07 12:46:35.342  1407  3521 I ActivityManager: com.samsung.android.scloud is exempt from freezer
04-07 12:46:35.342  1407  3521 D CompatibilityChangeReporter: Compat change id reported: 135634846; UID 5009; state: DISABLED
04-07 12:46:35.342  1407  3521 D CompatibilityChangeReporter: Compat change id reported: 177438394; UID 5009; state: DISABLED
04-07 12:46:35.342  1407  3521 D CompatibilityChangeReporter: Compat change id reported: 135772972; UID 5009; state: DISABLED
04-07 12:46:35.342  1407  3521 D CompatibilityChangeReporter: Compat change id reported: 135754954; UID 5009; state: ENABLED
04-07 12:46:35.345  1407  2482 I libprocessgroup: Successfully killed process cgroup uid 1000 pid 9035 in 5ms
04-07 12:46:35.348  1069  1069 D Zygote  : Forked child process 11253
04-07 12:46:35.348  1407  2481 I ActivityManager: Start proc 11253:com.samsung.android.scloud/5009 for broadcast {com.samsung.android.scloud/com.samsung.android.scloud.app.manifest.SCloudSystemIntentReceiver}
04-07 12:46:35.350  9216  9329 I CachedBluetoothDevice: MF is NULL
04-07 12:46:35.354  9216  9329 D BluetoothUtils: isGalaxyWatchDevice: uuids = [Landroid.os.ParcelUuid;@3afe934
04-07 12:46:35.355  4497 10968 I DynamiteModule: Considering local module com.google.android.gms.googlecertificates:7 and remote module com.google.android.gms.googlecertificates:7
04-07 12:46:35.355  4497 10968 I DynamiteModule: Selected local version of com.google.android.gms.googlecertificates
04-07 12:46:35.360  1407  2712 I BluetoothManagerService: addProxy from com.android.settings (11)
04-07 12:46:35.361  9216  9236 D BluetoothHeadset: Proxy object connected
04-07 12:46:35.363  4497 10968 I PlayGamesServices[GamesSyncAdapter]: Starting sync for 6eb1c2a4
04-07 12:46:35.363  9216  9329 D CachedBluetoothDevice: fillData :: [ECAB3E_3], [12], [false], [240408], [0], [1]
04-07 12:46:35.364  9216  9329 I BluetoothAdapter: STATE_ON
04-07 12:46:35.371  1407  3531 I GenerationRegistry: mBackingStore.isClosed() : false
04-07 12:46:35.383 11230 11230 I MyFiles : [0001/PackageCheckUtils   ] getVersionName : com.sec.android.app.myfiles 14.5.02.3
04-07 12:46:35.393 11230 11230 I CapsuleProvider_1.0.29: onCreate
04-07 12:46:35.396 11253 11253 I .android.scloud: Using CollectorTypeCC GC.
04-07 12:46:35.400  1407  2711 D InputReader: Btn_touch(10): value=1 when=83.263327
04-07 12:46:35.401 11253 11253 E .android.scloud: Not starting debugger since process cannot load the jdwp agent.
04-07 12:46:35.401  1407  2711 I InputReader: Touch event's action is 0x0 (id=3, t=0) [pCnt=1, s=0.53 ] when=83.263327
04-07 12:46:35.401  1407  1407 D PowerManagerService: [api] userActivity : event: 0 flags: 0 (uid: 1000 pid: 1407) <- handleMotionEvent() in com.android.server.accessibility.AccessibilityInputFilter:481 eventTime = 83263 displayId = 0
04-07 12:46:35.401  1407  1407 D InputDispatcher: Inject motion (0/0): action=0x0, time=83263327000, f=0x0, d=0 dsdx=1.000000 dtdx=0.000000
04-07 12:46:35.402  1407  2710 I InputDispatcher: Delivering touch to (2923): action: 0x4, f=0x800, d=0, '4b985b7', t=1 
04-07 12:46:35.402  1407  2710 I InputDispatcher: Delivering touch to (10653): action: 0x0, f=0x800, d=0, '2e101ec', t=1 
04-07 12:46:35.402  1407  2710 D PowerManagerService: [api] userActivityFromNative :  (event: 2 flags: 0 displayId: 0) eventTime = 83263
04-07 12:46:35.402  1407  2469 I GestureDetector: obtain mCurrentDownEvent. id: 380125418 caller: com.android.server.wm.SystemGesturesPointerEventListener.onPointerEvent:203 com.android.server.wm.PointerEventDispatcher.onInputEvent:53 android.view.InputEventReceiver.dispatchInputEvent:285 
04-07 12:46:35.402 10653 10653 I ViewRootImpl@5f33d08[MainActivity]: ViewPostIme pointer 0
04-07 12:46:35.402  1407  2469 I GestureDetector: obtain mCurrentDownEvent. id: 380125418 caller: com.android.server.wm.SystemPerformancePointerEventListener.onPointerEvent:89 com.android.server.wm.PointerEventDispatcher.onInputEvent:53 android.view.InputEventReceiver.dispatchInputEvent:285 
04-07 12:46:35.402  3501  3501 I TouchInteractionService: onInputEvent, inputConsumer = com.android.quickstep.l2@81c67f3
04-07 12:46:35.403  1407  2710 D PowerManagerService: UserActivityStateListenerState: 1
04-07 12:46:35.408  5425  5425 I SemDvfsHyPerManager: acquire hyper - TABoost/5425@17, type = 1090523139
04-07 12:46:35.408 11253 11253 D nativeloader: Load libframework-connectivity-tiramisu-jni.so using APEX ns com_android_tethering for caller /apex/com.android.tethering/javalib/framework-connectivity-t.jar: ok
04-07 12:46:35.409  1069  1069 I Zygote  : Process 9035 exited due to signal 9 (Killed)
04-07 12:46:35.409  1162  1186 I HYPER-HAL: [RequestManager.cpp]acquire(): Acquired ID : 14810420  [5425 / 17]    HINT :      list : [TABoost / 30] [TIMEOUT / 1500] 
04-07 12:46:35.410 11253 11253 D ActivityThread: setConscryptValidator
04-07 12:46:35.410 11253 11253 D ActivityThread: setConscryptValidator - put
04-07 12:46:35.410  9216  9329 D CachedBluetoothDevice: getBtClassDrawable :: (A) Lama's soundcore Liberty 4 NC, BluetoothClass = 240404, Appearance = 0
04-07 12:46:35.410  1407  3531 W Thanox-Core: AMS onProcessRemovedInternal: ProcessRecord{packageName='com.samsung.android.applock', processName='com.samsung.android.applock', pid=0, uid=1000}
04-07 12:46:35.410  1407  2506 W Thanox-Core: onProcessRemovedInternal, currentFrontPkg: Pkg{pkgName='com.github.capntrips.kernelflasher', userId=0}, processPkgName: com.samsung.android.applock
04-07 12:46:35.411  4900  4949 D BinderSender: onProcessDied: pid=9035, uid=1000
04-07 12:46:35.412  1407  2506 W Thanox-Core: AMS onPackageStopRunningInternal: Pkg{pkgName='com.samsung.android.applock', userId=0}, uid: 1000
04-07 12:46:35.413  1407  2506 W Thanox-Core: onPkgKilledInternal: Pkg{pkgName='com.samsung.android.applock', userId=0}
04-07 12:46:35.415  4275 10134 I NetworkScheduler.Stats: (REDACTED) Task %s/%s started execution. cause:%s exec_start_elapsed_seconds: %s
04-07 12:46:35.416  9216  9329 D BluetoothAdapter: getActiveDevices(profile= A2DP)
04-07 12:46:35.417  3250  3260 I BluetoothAdapterService: getActiveDevices: A2dp device: null
04-07 12:46:35.418  9216  9329 D BluetoothAdapter: getActiveDevices(profile= HEADSET)
04-07 12:46:35.418  3250  3260 I BluetoothAdapterService: getActiveDevices: Headset device: null
04-07 12:46:35.419  1407  3531 I ActivityManager: DSS OFF for com.samsung.android.scloud
04-07 12:46:35.423  4900  4949 D BinderSender: onUidCachedChanged: uid=5009, cached=false
04-07 12:46:35.423  4900  4949 V BinderSender: Uid 5009 already starts
04-07 12:46:35.424  4275 10134 I NetworkScheduler.Stats: (REDACTED) Task %s/%s finished executing. cause:%s result: %s elapsed_millis: %s uptime_millis: %s exec_start_elapsed_seconds: %s
04-07 12:46:35.424 11253 11253 D CompatibilityChangeReporter: Compat change id reported: 171979766; UID 5009; state: ENABLED
04-07 12:46:35.430 11230 11230 I MyFiles : [0002/MyFilesApplication  ] [Performance] MyFilesApplication
04-07 12:46:35.431  9216  9329 D BluetoothAdapter: getActiveDevices(profile= HEARING_AID)
04-07 12:46:35.432  3250  3260 D HearingAidService: getActiveDevices
04-07 12:46:35.432  3250  3260 I BluetoothAdapterService: getActiveDevices: Hearing Aid devices: Left[null] - Right[null]
04-07 12:46:35.434  1407  2469 I GestureDetector: obtain mCurrentMotionEventRaw. action: 2 id: 88375203
04-07 12:46:35.434  1407  2469 I GestureDetector: obtain mCurrentMotionEventRaw. action: 2 id: 88375203
04-07 12:46:35.434  9216  9329 I CachedBluetoothDevice: MF is NULL
04-07 12:46:35.438  9216  9329 D BluetoothUtils: isGalaxyWatchDevice: uuids = [Landroid.os.ParcelUuid;@43404d2
04-07 12:46:35.440  9216  9329 D CachedBluetoothDevice: fillData :: [E8EECC_2], [12], [false], [240404], [0], [1]
04-07 12:46:35.440  9216  9329 I BluetoothAdapter: STATE_ON
04-07 12:46:35.449  9216  9329 D CachedBluetoothDevice: getBtClassDrawable :: (A) Abdurrahman's Watch6 Classic, BluetoothClass = 704, Appearance = 0
04-07 12:46:35.451 11230 11273 I MyFiles : [0003/DiagMonLogger       ] DiagMon init
04-07 12:46:35.451  9216  9329 D BluetoothAdapter: getActiveDevices(profile= A2DP)
04-07 12:46:35.452  3250  3260 I BluetoothAdapterService: getActiveDevices: A2dp device: null
04-07 12:46:35.453 11230 11230 I MyFiles : [0004/MyFilesReceiver     ] onReceive() ] action : android.os.storage.action.VOLUME_STATE_CHANGED
04-07 12:46:35.453 11230 11230 I MyFiles : [0005/MyFilesReceiver     ] handleVolumeStateChanged() ] volumeId : emulated;0 , state : 2 , fsUuid : null
04-07 12:46:35.453 11230 11230 I MyFiles : [0006/UserInfoUtils       ] getUserIdFromVolumeId() ] userIdToken : 0 , userId : 0
04-07 12:46:35.455 11230 11230 E MyFiles : [0007/MyFilesReceiver     ] handleCloneStorage() ] invalid info. userId : 0 , volumeId : emulated;0
04-07 12:46:35.458  9216  9329 D BluetoothAdapter: getActiveDevices(profile= HEADSET)
04-07 12:46:35.458  4900  4949 D BinderSender: onUidCachedChanged: uid=10111, cached=true
04-07 12:46:35.458  4900  4949 D BinderSender: onUidCachedChanged: uid=10103, cached=false
04-07 12:46:35.458  4900  4949 V BinderSender: Uid 10103 already starts
04-07 12:46:35.460 11230 11273 E DIAGMON_SDK[605070][mf3km12ugy] : DMA Client is not exist
04-07 12:46:35.460 11230 11273 W DIAGMON_SDK[605070]: It is not supported : NO_DMA
04-07 12:46:35.460  3250  3258 I BluetoothAdapterService: getActiveDevices: Headset device: null
04-07 12:46:35.461 11230 11273 W DIAGMON_SDK[605070]: UncaughtExceptionLogging can't be enabled because Configuration is null
04-07 12:46:35.461  9216  9329 D BluetoothAdapter: getActiveDevices(profile= HEARING_AID)
04-07 12:46:35.462  3250  3258 D HearingAidService: getActiveDevices
04-07 12:46:35.462  3250  3258 I BluetoothAdapterService: getActiveDevices: Hearing Aid devices: Left[null] - Right[null]
04-07 12:46:35.464  8885  8885 I Gallery : [  35: TrashUpdateReceiver] received action [android.os.storage.action.VOLUME_STATE_CHANGED] uri [null][com.samsung.android.gallery.app.activity.GalleryApplication@fecc36d]
04-07 12:46:35.465  8885  8885 I Gallery : [  36:           FileUtils] initMountedStorageNames {(/storage/emulated/0,/NoSdCard),('external_primary'),(/storage/emulated/0)} +1
04-07 12:46:35.465  8885  8885 I Gallery : [  37: TrashUpdateReceiver] handleVolumeStateChanged {2,null}
04-07 12:46:35.466 11230 11272 I MyFiles : [0008/EnvManager          ] checkUnder3GBRam() ] Ram : 7623
04-07 12:46:35.468  1407  5539 E Thanox-Core: checkBroadcast, receiverPkgName: null or callPkgName: android is null. return.
04-07 12:46:35.468  1407  5539 W BroadcastQueue: Permission Denial: receiving Intent { act=android.os.storage.action.VOLUME_STATE_CHANGED flg=0x5000010 (has extras) } to com.sec.android.app.sbrowser/.download.DownloadBroadcastReceiver requires android.permission.WRITE_MEDIA_STORAGE due to sender android (uid 1000)
04-07 12:46:35.469  1407  5539 I ActivityManager: Killing 9011:com.roznamaaa/u0a465 (adj 999): empty #37
04-07 12:46:35.470  4900  5646 D BinderSender: onUidCachedChanged: uid=10103, cached=true
04-07 12:46:35.479 11230 11272 I MyFiles : [0009/PackageCheckUtils   ] isPackageInstalled() ] com.samsung.android.scs isPackageInstalled, versionCode: 370001200, minVersionCode: 0
04-07 12:46:35.484 11230 11272 I MyFiles : [0010/PackageCheckUtils   ] com.samsung.android.scs State - 1
04-07 12:46:35.486  9216  9329 D BluetoothUtils: isGalaxyWatchDevice: uuids = [Landroid.os.ParcelUuid;@ddfc859
04-07 12:46:35.489  1407  2482 I libprocessgroup: Successfully killed process cgroup uid 10465 pid 9011 in 12ms
04-07 12:46:35.490  9216  9329 D CachedBluetoothDevice: fillData :: [DCC49C_1 => D1F08C_4], [12], [false], [704], [192], [3], [1], [10 FF 75 00 01 00 02 00 01 03 FF 00 00 43 1E 00 22 ]
04-07 12:46:35.490  9216  9329 I BluetoothAdapter: STATE_ON
04-07 12:46:35.491  4275  4490 I NetworkScheduler.Stats: (REDACTED) Task %s/%s started execution. cause:%s exec_start_elapsed_seconds: %s
04-07 12:46:35.505  9216  9329 D CachedBluetoothDevice: getBtClassDrawable :: (N) Buds2 Pro, BluetoothClass = 244404, Appearance = 0
04-07 12:46:35.506  4497 10170 I AppLinksAsyncVerifierV2: (REDACTED) Verification result: checking for a statement with source %s, relation delegate_permission/common.handle_all_urls, and target %s --> %b.
04-07 12:46:35.506  4497  9924 I AppLinksHostsVerifierV2: (REDACTED) Verification %s complete. Successful hosts: %s. Failed hosts: %s. Error hosts: %s.
04-07 12:46:35.507  9216  9329 D BluetoothAdapter: getActiveDevices(profile= A2DP)
04-07 12:46:35.508  3250  3258 I BluetoothAdapterService: getActiveDevices: A2dp device: null
04-07 12:46:35.508  9216  9329 D BluetoothAdapter: getActiveDevices(profile= HEADSET)
04-07 12:46:35.509  1407  2711 D InputReader: Btn_touch(10): value=0 when=83.372961
04-07 12:46:35.509  1407  2711 I InputReader: Touch event's action is 0x1 (id=3, t=0) [pCnt=1, s=] when=83.372961
04-07 12:46:35.509  3250  3258 I BluetoothAdapterService: getActiveDevices: Headset device: null
04-07 12:46:35.510  9216  9329 D BluetoothAdapter: getActiveDevices(profile= HEARING_AID)
04-07 12:46:35.511  3250  3258 D HearingAidService: getActiveDevices
04-07 12:46:35.511  3250  3258 I BluetoothAdapterService: getActiveDevices: Hearing Aid devices: Left[null] - Right[null]
04-07 12:46:35.512  4497  9924 I AppLinksUtilsV1: Legacy cross-profile verification enabled [CONTEXT service_id=244 ]
04-07 12:46:35.518  9216  9329 D BluetoothUtils: isGalaxyWatchDevice: uuids = [Landroid.os.ParcelUuid;@d7cccff
04-07 12:46:35.519  4275 10134 I NetworkScheduler.Stats: (REDACTED) Task %s/%s finished executing. cause:%s result: %s elapsed_millis: %s uptime_millis: %s exec_start_elapsed_seconds: %s
04-07 12:46:35.521  1407  1407 D InputDispatcher: Inject motion (0/0): action=0x1, time=83372961000, f=0x0, d=0 dsdx=1.000000 dtdx=0.000000
04-07 12:46:35.521  1407  2710 I InputDispatcher: Delivering touch to (10653): action: 0x1, f=0x800, d=0, '2e101ec', t=1 
04-07 12:46:35.522 10653 10653 I ViewRootImpl@5f33d08[MainActivity]: ViewPostIme pointer 1
04-07 12:46:35.522  3501  3501 I TouchInteractionService: reset
04-07 12:46:35.522  2923  2987 V Navbar.Store: handleEvent(0) ResetBottomGestureHintVI(noArguments=true) [Module] 
04-07 12:46:35.522  2923  2987 V Navbar.Store: --[Band]GESTURE_PACK_RESET_HINT_VI
04-07 12:46:35.522  2923  2987 V Navbar.Store: ----apply(0) ResetHintVI
04-07 12:46:35.523 10085 10182 D CompatibilityChangeReporter: Compat change id reported: 183155436; UID 10213; state: ENABLED
04-07 12:46:35.523  5425  5425 I SemDvfsHyPerManager: acquire hyper - TABoost/5425@17, type = 1090523139
04-07 12:46:35.526  1162  1186 I HYPER-HAL: [RequestManager.cpp]releaseLocked(): Released ID : 14810420
04-07 12:46:35.526  1162  1186 I HYPER-HAL: [RequestManager.cpp]acquire(): Acquired ID : 14810420  [5425 / 17]    HINT :      list : [TABoost / 30] [TIMEOUT / 1500] 
04-07 12:46:35.527  9216  9329 D CachedBluetoothDevice: fillData :: [AC80FB_3 => D54A41_9], [12], [false], [244404], [2369], [3], [2], [2E FF 75 00 02 09 01 00 00 00 15 03 00 00 00 00 00 00 00 00 00 00 00 00 00 00 00 00 00 00 00 03 01 47 01 5B 48 65 61 64 70 68 6F 6E 65 5D 20 ]
04-07 12:46:35.527  9216  9329 I BluetoothAdapter: STATE_ON
04-07 12:46:35.537 11230 11271 I MyFiles : [0011/AccountStatus       ] GOOGLE_DRIVE onPropertyChanged : [Feb 9 1:35 AM] androidx.databinding.ObservableLong@3b98a14 0
04-07 12:46:35.541 10373 10547 I com.whatsapp: Background concurrent copying GC freed 12MB AllocSpace bytes, 0(0B) LOS objects, 49% free, 14MB/29MB, paused 239us,59us total 111.436ms
04-07 12:46:35.545 10653 11010 D KernelFlasher/MainViewModel: Saved ramoops to /sdcard/Download/console-ramoops--2025-04-07--12-46.log
04-07 12:46:35.546  9216  9329 D CachedBluetoothDevice: getBtClassDrawable :: (N) RENAULT, BluetoothClass = 360408, Appearance = 0
04-07 12:46:35.546 11230 11282 I MyFiles : [0012/DecryptThread       ] run() ] encAccountId : GOOGLE_DRIVE
04-07 12:46:35.550  1261  1328 I VSyncReactor: Current= 120, TransitioningTo= 0, hwcPeriod= 120, Distance= 0
04-07 12:46:35.550  9216  9329 D BluetoothAdapter: getActiveDevices(profile= A2DP)
04-07 12:46:35.550 10653 10653 W OnBackInvokedCallback: OnBackInvokedCallback is not enabled for the application.
04-07 12:46:35.550 10653 10653 W OnBackInvokedCallback: Set 'android:enableOnBackInvokedCallback="true"' in the application manifest.
04-07 12:46:35.551  3250  3258 I BluetoothAdapterService: getActiveDevices: A2dp device: null
04-07 12:46:35.552  9216  9329 D BluetoothAdapter: getActiveDevices(profile= HEADSET)
04-07 12:46:35.553  3250  3258 I BluetoothAdapterService: getActiveDevices: Headset device: null
04-07 12:46:35.554  9216  9329 D BluetoothAdapter: getActiveDevices(profile= HEARING_AID)
04-07 12:46:35.557  3250  3258 D HearingAidService: getActiveDevices
04-07 12:46:35.557  3250  3258 I BluetoothAdapterService: getActiveDevices: Hearing Aid devices: Left[null] - Right[null]
04-07 12:46:35.559  9216  9329 I CachedBluetoothDevice: MF is NULL
04-07 12:46:35.562  9216  9329 D BluetoothUtils: isGalaxyWatchDevice: uuids = [Landroid.os.ParcelUuid;@f4f5c2a
04-07 12:46:35.563   745   745 W keymaster_tee: [WRN]begin req PARAMS: A32 B2 P64 
04-07 12:46:35.564  9216  9329 D CachedBluetoothDevice: fillData :: [E02DF0_9], [12], [false], [360408], [0], [1]
04-07 12:46:35.564  9216  9329 I BluetoothAdapter: STATE_ON
04-07 12:46:35.566   745   745 D keymaster_swd: keymaster_swd [ERR] (tz_check_oem:74) Device is compromized: fuse loc=5,status=0,sw_fuse_blown=1
04-07 12:46:35.566   745   745 D keymaster_swd: keymaster_swd [WRN] (swd_run_cb:257) swd_begin() returns 0
04-07 12:46:35.566   742   754 I keystore2: keystore2::security_level: In create_operation. Success to create IKeystoreOperation. 10111, None
04-07 12:46:35.568  4497 10968 I GamesModuleInfoProvider: (REDACTED) Retrieved module info: %s
04-07 12:46:35.570   745   745 D keymaster_swd: keymaster_swd [WRN] (swd_run_cb:257) swd_update() returns 0
04-07 12:46:35.572   745   745 D keymaster_swd: keymaster_swd [WRN] (swd_run_cb:257) swd_finish() returns 0
04-07 12:46:35.575  9216  9329 D CachedBluetoothDevice: getBtClassDrawable :: (N) Hyundai Motors3131, BluetoothClass = 240408, Appearance = 0
04-07 12:46:35.581 11230 11283 I MyFiles : [0013/CloudAccountManager ] notifyAccountChanged() ] cloudType : GOOGLE_DRIVE
04-07 12:46:35.583  9216  9329 D BluetoothAdapter: getActiveDevices(profile= A2DP)
04-07 12:46:35.584  3250  3258 I BluetoothAdapterService: getActiveDevices: A2dp device: null
04-07 12:46:35.587  9216  9329 D BluetoothAdapter: getActiveDevices(profile= HEADSET)
04-07 12:46:35.588  3250  3258 I BluetoothAdapterService: getActiveDevices: Headset device: null
04-07 12:46:35.588  9216  9329 D BluetoothAdapter: getActiveDevices(profile= HEARING_AID)
04-07 12:46:35.589  3250  3258 D HearingAidService: getActiveDevices
04-07 12:46:35.589  3250  3258 I BluetoothAdapterService: getActiveDevices: Hearing Aid devices: Left[null] - Right[null]
04-07 12:46:35.590  3250  3260 D BluetoothAdapterService: getBondedDevices, remove custom devices: 
04-07 12:46:35.591  9216  9329 I CachedBluetoothDevice: MF is NULL
04-07 12:46:35.594 11230 11271 I CapsuleProvider_1.0.29: releasing initialize wait lock.
04-07 12:46:35.594 11230 11271 I c_1.0.29: initialized
04-07 12:46:35.596 11230 11282 I MyFiles : [0014/DecryptThread       ] run() ] decrypt is done : GOOGLE_DRIVE
04-07 12:46:35.597  4497  4746 I CryptauthV2: [EnrollCryptauthFramework] EnrollKeysRequest successfully completed.
04-07 12:46:35.597  4497  4746 I CryptauthV2: [EnrollCryptauthFramework] Enrollment successful.
04-07 12:46:35.597  3250  3260 E BluetoothRemoteDevices: mSocketConnectedCount 0
04-07 12:46:35.599 10653 10653 D CompatibilityChangeReporter: Compat change id reported: 147798919; UID 10624; state: ENABLED
04-07 12:46:35.600  9216  9329 D BluetoothUtils: isGalaxyWatchDevice: uuids = [Landroid.os.ParcelUuid;@c235d0
04-07 12:46:35.601  1407  2851 D NetdEventListenerService: DNS Requested by : 101, 10226
04-07 12:46:35.602  9216  9329 D CachedBluetoothDevice: fillData :: [ECAB3E_7], [12], [false], [240408], [0], [1]
04-07 12:46:35.602  9216  9329 I BluetoothAdapter: STATE_ON
04-07 12:46:35.603  1407  6593 I ActivityManager: com.samsung.android.applock is exempt from freezer
04-07 12:46:35.603  1407  6593 D CompatibilityChangeReporter: Compat change id reported: 135634846; UID 1000; state: DISABLED
04-07 12:46:35.603  1407  6593 D CompatibilityChangeReporter: Compat change id reported: 177438394; UID 1000; state: DISABLED
04-07 12:46:35.603  1407  6593 D CompatibilityChangeReporter: Compat change id reported: 135772972; UID 1000; state: DISABLED
04-07 12:46:35.603  1407  6593 D CompatibilityChangeReporter: Compat change id reported: 135754954; UID 1000; state: ENABLED
04-07 12:46:35.605  3250  3260 E BluetoothRemoteDevices: mSocketConnectedCount 0
04-07 12:46:35.607  3250  3258 E BluetoothRemoteDevices: mSocketConnectedCount 0
04-07 12:46:35.608 11253 11253 I [SC]MediaProxyProvider: onCreate()
04-07 12:46:35.608  3250  3258 E BluetoothRemoteDevices: mSocketConnectedCount 0
04-07 12:46:35.608  1407  3521 I GenerationRegistry: mBackingStore.isClosed() : false
04-07 12:46:35.609  1261  1261 D SurfaceFlinger: GPIS:: requestGPIS
04-07 12:46:35.609  4275 10134 I NetworkScheduler.Stats: (REDACTED) Task %s/%s started execution. cause:%s exec_start_elapsed_seconds: %s
04-07 12:46:35.610 10653 10653 V Toast   : show: caller = com.github.capntrips.kernelflasher.ui.screens.main.MainViewModel$log$1.invokeSuspend:131 
04-07 12:46:35.610  3250  3258 E BluetoothRemoteDevices: mSocketConnectedCount 0
04-07 12:46:35.612  3250  3258 E BluetoothRemoteDevices: mSocketConnectedCount 0
04-07 12:46:35.613  4497 10170 I AppLinksAsyncVerifierV2: (REDACTED) Verification result: checking for a statement with source %s, relation delegate_permission/common.handle_all_urls, and target %s --> %b.
04-07 12:46:35.613 11253 11253 I [SC]DataStoreProvider: onCreate() is called
04-07 12:46:35.613  1069  1069 D Zygote  : Forked child process 11292
04-07 12:46:35.613  1407  2481 I ActivityManager: Start proc 11292:com.samsung.android.applock/1000 for broadcast {com.samsung.android.applock/com.samsung.android.applock.settings.MemoryCardActionReceiver}
04-07 12:46:35.614  3250  3258 E BluetoothRemoteDevices: mSocketConnectedCount 0
04-07 12:46:35.614 11253 11253 I [SC]CustomIndexablesSearchProvider: secQueryGetFingerprint: 560113000en_US
04-07 12:46:35.615 10653 10653 V Toast   : show: isFocusInDesktop = false mCustomDisplayId = -1 isDexDualMode = false isActivityContext = true
04-07 12:46:35.615 11253 11253 I CapsuleProvider_1.0.29: onCreate
04-07 12:46:35.616  1407  5539 W ContextImpl: Calling a method in the system process without a qualified user: android.app.ContextImpl.sendBroadcast:1252 com.android.server.notification.sec.DisplayToast.sendIntentForToastDumpLog:156 com.android.server.notification.sec.DisplayToast.outFile:106 com.android.server.notification.sec.DisplayToast.out:62 com.android.server.notification.NotificationManagerService$12.enqueueToastForDex:3989 
04-07 12:46:35.617  1261  1942 I SurfaceFlinger: id=199 createSurf, flag=80004, WindowToken{a0bc592 type=2005 android.os.Binder@3fb9f1d}#199
04-07 12:46:35.620  9216  9329 D CachedBluetoothDevice: getBtClassDrawable :: (N) PRIDE, BluetoothClass = 340408, Appearance = 0
04-07 12:46:35.623  9216  9329 D BluetoothAdapter: getActiveDevices(profile= A2DP)
04-07 12:46:35.625  3250  3260 I BluetoothAdapterService: getActiveDevices: A2dp device: null
04-07 12:46:35.626  9216  9329 D BluetoothAdapter: getActiveDevices(profile= HEADSET)
04-07 12:46:35.628  2923  2923 I AppIconSolution: return adaptive icon for com.github.capntrips.kernelflasher, isNight = true
04-07 12:46:35.630  3250  3260 I BluetoothAdapterService: getActiveDevices: Headset device: null
04-07 12:46:35.630  9216  9329 D BluetoothAdapter: getActiveDevices(profile= HEARING_AID)
04-07 12:46:35.631  3250  3260 D HearingAidService: getActiveDevices
04-07 12:46:35.631  3250  3260 I BluetoothAdapterService: getActiveDevices: Hearing Aid devices: Left[null] - Right[null]
04-07 12:46:35.631  2923  2923 V ToastPresenter: sipHeight = -45
04-07 12:46:35.634  4497  6285 I AppLinksAsyncVerifierV2: (REDACTED) Verification result: checking for a statement with source %s, relation delegate_permission/common.handle_all_urls, and target %s --> %b.
04-07 12:46:35.638  4497  4698 I AppLinksAsyncVerifierV2: (REDACTED) Verification result: checking for a statement with source %s, relation delegate_permission/common.handle_all_urls, and target %s --> %b.
04-07 12:46:35.638  9216  9329 I CachedBluetoothDevice: MF is NULL
04-07 12:46:35.638  4275  6376 I NetworkScheduler.Stats: (REDACTED) Task %s/%s finished executing. cause:%s result: %s elapsed_millis: %s uptime_millis: %s exec_start_elapsed_seconds: %s
04-07 12:46:35.641  9216  9329 D BluetoothUtils: isGalaxyWatchDevice: uuids = [Landroid.os.ParcelUuid;@edcdefc
04-07 12:46:35.641  1407  2479 I SearchManagerService: updateSearchables
04-07 12:46:35.642  1069  1069 I Zygote  : Process 9011 exited due to signal 9 (Killed)
04-07 12:46:35.642  1407  2166 W Thanox-Core: AMS onProcessRemovedInternal: ProcessRecord{packageName='com.roznamaaa', processName='com.roznamaaa', pid=0, uid=10465}
04-07 12:46:35.643  1407  2506 W Thanox-Core: onProcessRemovedInternal, currentFrontPkg: Pkg{pkgName='com.github.capntrips.kernelflasher', userId=0}, processPkgName: com.roznamaaa
04-07 12:46:35.643  2923  2923 V ToastPresenter: yOffset = 192
04-07 12:46:35.643  2923  2923 V ToastPresenter: Text: Tave in android.widget.ToastPresenter@deee36e
04-07 12:46:35.647  2923  2994 D NativeCustomFrequencyManager: [NativeCFMS] BpCustomFrequencyManager::BpCustomFrequencyManager()
04-07 12:46:35.648  1407  2506 W Thanox-Core: AMS onPackageStopRunningInternal: Pkg{pkgName='com.roznamaaa', userId=0}, uid: 10465
04-07 12:46:35.649  9216  9329 D CachedBluetoothDevice: fillData :: [087695_8], [12], [false], [340408], [0], [1]
04-07 12:46:35.649  9216  9329 I BluetoothAdapter: STATE_ON
04-07 12:46:35.649  1407  2506 W Thanox-Core: onPkgKilledInternal: Pkg{pkgName='com.roznamaaa', userId=0}
04-07 12:46:35.650  4900  5646 D BinderSender: onProcessDied: pid=9011, uid=10465
04-07 12:46:35.650  4900  5646 D BinderSender: onUidIdle: uid=10465, disabled=false
04-07 12:46:35.650  4900  5646 V BinderSender: Uid 10465 already starts
04-07 12:46:35.650  4900  5646 D BinderSender: onUidGone: uid=10465, disabled=false
04-07 12:46:35.650  4900  5646 V BinderSender: Uid 10465 dead
04-07 12:46:35.653  1407  3219 D SLocation: SHardwareManager - handleBootCompleted
04-07 12:46:35.653  1407  3219 D SLocation: SHardwareManager - isHardwareGeofenceSupported true
04-07 12:46:35.653  1407  3219 D SLocation: SHardwareManager - changed VendorGeofenceStatus : supported
04-07 12:46:35.655  1407  5532 D CompatibilityChangeReporter: Compat change id reported: 168419799; UID 10040; state: DISABLED
04-07 12:46:35.655  9216  9329 D LocalBluetoothCastAdapter: LocalBluetoothCastAdapter
04-07 12:46:35.655  9216  9329 D SemBluetoothCastAdapter: Binding to BluetoothCastAdapterService
04-07 12:46:35.656  1407  5532 D InputTransport: Input channel constructed: 'fe419ec', fd=1029
04-07 12:46:35.656  1407  5532 D InputTransport: Input channel constructed: 'fe419ec', fd=1030
04-07 12:46:35.656  1407  5532 D InputTransport: Input channel constructed: 'fe419ec', fd=1031
04-07 12:46:35.656  1407  3219 D SemContextLocationCoreAttribute: setAttribute() mode : -1 action : -1
04-07 12:46:35.656  1261  1330 I SurfaceFlinger: id=200 createSurf, flag=80004, fe419ec Toast#200
04-07 12:46:35.656  1407  3219 D SemContextService: lock : registerCallback
04-07 12:46:35.656  1407  3219 W CAE     : registerCallback(ContextAwareService.java:192) - [regi 01] Mutex is locked for SLOCATION_RUNNER
04-07 12:46:35.657  1407  3219 W CAE     : registerCallback(ContextAwareService.java:199) - [regi 04]  com.samsung.android.contextaware.ContextAwareManager$CaListenerDelegate@585d3f6
04-07 12:46:35.657  1407  3219 W CAE     : getListener(ListenerListManager.java:127) - [getListener1]  com.samsung.android.contextaware.ContextAwareManager$CaListenerDelegate@585d3f6
04-07 12:46:35.657  1407  3219 W CAE     : getListener(ListenerListManager.java:128) - [getListener2]  com.samsung.android.contextaware.manager.ContextAwareService$Listener@49d1891
04-07 12:46:35.657  1407  3219 V CAE     : start(ContextProvider.java:128)
04-07 12:46:35.657 11292 11292 I android.applock: Using CollectorTypeCC GC.
04-07 12:46:35.657  1407  5532 D InputTransport: Input channel destroyed: 'fe419ec', fd=1031
04-07 12:46:35.658  4497 10944 I AppLinksAsyncVerifierV2: (REDACTED) Verification result: checking for a statement with source %s, relation delegate_permission/common.handle_all_urls, and target %s --> %b.
04-07 12:46:35.658  4497  9924 I AppLinksHostsVerifierV2: (REDACTED) Verification %s complete. Successful hosts: %s. Failed hosts: %s. Error hosts: %s.
04-07 12:46:35.658  2923  2923 D InsetsController: onStateChanged: InsetsState: {mDisplayFrame=Rect(0, 0 - 1080, 2400), mDisplayCutout=DisplayCutout{insets=Rect(0, 88 - 0, 0) waterfall=Insets{left=0, top=0, right=0, bottom=0} boundingRect={Bounds=[Rect(0, 0 - 0, 0), Rect(512, 0 - 568, 88), Rect(0, 0 - 0, 0), Rect(0, 0 - 0, 0)]} cutoutPathParserInfo={CutoutPathParserInfo{displayWidth=1080 displayHeight=2400 physicalDisplayWidth=1080 physicalDisplayHeight=2400 density={3.0} cutoutSpec={M 0,0 M 0,10.71963616907435 a 9.280363830925644,9.280363830925644 0 1,0 0,18.56072766185129 a 9.280363830925644,9.280363830925644 0 1,0 0,-18.56072766185129 Z @dp} rotation={0} scale={1.0} physicalPixelDisplaySizeRatio={1.0}}}}, mRoundedCorners=RoundedCorners{[RoundedCorner{position=TopLeft, radius=96, center=Point(96, 96)}, RoundedCorner{position=TopRight, radius=96, center=Point(984, 96)}, RoundedCorner{position=BottomRight, radius=96, center=Point(984, 2304)}, RoundedCorner{position=BottomLeft, radius=96, center=Point(96, 2304)}]}  mRoundedCornerFrame=Rect(0, 0 - 0, 0), mPrivacyIndicatorBounds=PrivacyIndicatorBounds {static bounds=Rect(948, 0 - 1080, 88) rotation=0}, mSources= { InsetsSource: {mType=ITYPE_NAVIGATION_BAR, mFrame=[0,2355][1080,2400], mVisible=true, mInsetsRoundedCornerFrame=false}, InsetsSource: {mType=ITYPE_LEFT_GESTURES, mFrame=[0,0][90,2400], mVisible=true, mInsetsRoundedCornerFrame=false}, InsetsSource: {mType=ITYPE_RIGHT_GESTURES, mFrame=[990,0][1080,2400], mVisible=true, mInsetsRoundedCornerFrame=false}, InsetsSource: {mType=ITYPE_TOP_MANDATORY_GESTURES, mFrame=[0,0][1080,124], mVisible=true, mInsetsRoundedCornerFrame=false}, InsetsSource: {mType=ITYPE_BOTTOM_MANDATORY_GESTURES, mFrame=[0,2304][1080,2400], mVisible=true, mInsetsRoundedCornerFrame=false}, InsetsSource: {mType=ITYPE_LEFT_DISPLAY_CUTOUT, mFrame=[0,0][-100000,2400], mVisible=true, mInsetsRoundedCornerFrame=false}, InsetsSource: {mType=ITYPE_TOP_DISPLAY_CUTOUT, mFrame=[0,0][1080,88], mVisible=true, mInsetsRoundedCornerFrame=false}, InsetsSource: {mType=ITYPE_RIGHT_DISPLAY_CUTOUT, mFrame=[100000,0][1080,2400], mVisible=true, mInsetsRoundedCornerFrame=false}, InsetsSource: {mType=ITYPE_BOTTOM_DISPLAY_CUTOUT, mFrame=[0,100000][1080,2400], mVisible=true, mInsetsRoundedCornerFrame=false}, InsetsSource: {mType=ITYPE_BOTTOM_TAPPABLE_ELEMENT, mFrame=[0,0][0,0], mVisible=true, mInsetsRoundedCornerFrame=false} } host=Toast from=android.view.ViewRootImpl.setView:1732
04-07 12:46:35.658  9216  9329 D SemBluetoothCastAdapter: comp : null false
04-07 12:46:35.659  1407  2692 D SensorService: setSContextDataLocked ints length 2 , byte length 4
04-07 12:46:35.659  1407  2692 D SensorService: setSContextDataLocked 37b1
04-07 12:46:35.659  1159  1159 I sensors-hal: inject_sensor_data:407, handle 1501 send inject
04-07 12:46:35.659  1159  1159 I sensors-hal: sendContextData:286, sensor hal 4, (0xb1, 0x37, 0x0, 0x0)
04-07 12:46:35.659  1159  1159 I sensors-hal: sendContextData:344, enable:177, handle:16, algo:16777216
04-07 12:46:35.660  1159  1159 E sensors-hal: is_restrict_mode:142, fread fail
04-07 12:46:35.661  1159  1159 E sensors-hal: sendContextData:132, slocationcore h 177 m 55 s 0
04-07 12:46:35.661  1159  1159 I sensors-hal: get_qmi_debug_flag:241, support_qmi_debug : false
04-07 12:46:35.662  2923  2923 I ViewRootImpl@d168a0f[Toast]: setView = android.widget.LinearLayout@1bbb82b TM=true
04-07 12:46:35.662  1407  2166 D CoreBackPreview: Window{fe419ec u0 Toast}: Setting back callback OnBackInvokedCallbackInfo{mCallback=android.window.IOnBackInvokedCallback$Stub$Proxy@7a6d38f, mPriority=0}
04-07 12:46:35.664  2923  2923 W FaceWidgetRemoteViewsManager: resendRequestRemoteViewsBroadcastToPkg(FaceWidgetKey{packageName='com.sec.android.app.voicenote#record', location=LOCKSCREEN}) count = 1
04-07 12:46:35.664  2923  2923 D FaceWidgetRemoteViewsManager: sendRequestRemoteViewsBroadcastToPkg pkgName = com.sec.android.app.voicenote#record
04-07 12:46:35.664  2923  2923 D KeyguardUpdateMonitor: isUserUnlocked userId:0, unlocked:true
04-07 12:46:35.664  2923  2923 D FaceWidgetRemoteViewsManager: sendRequestRemoteViewsBroadcastToPkg(FaceWidgetKey{packageName='com.sec.android.app.voicenote#record', location=LOCKSCREEN}), 
04-07 12:46:35.664  4497  9924 I AppLinksUtilsV1: Legacy cross-profile verification enabled [CONTEXT service_id=244 ]
04-07 12:46:35.665  9216  9329 D BluetoothCastEventManager: BluetoothCastEventManager
04-07 12:46:35.665  9216  9329 D BluetoothCastEventManager: registerReceiver
04-07 12:46:35.665  9216  9216 D SemBluetoothCastAdapter: Service Connected
04-07 12:46:35.666  3250  3258 E BluetoothCastAdapterService: updateClientDeathRecipient :: token=android.os.BinderProxy@45b34a5, enable=true, packageName=com.android.settings
04-07 12:46:35.667  9216  9329 D LocalBluetoothCastProfileManager: LocalBluetoothCastProfileManager 
04-07 12:46:35.667  9216  9329 D LocalBluetoothCastAdapter: Cannot set BluetoothCastStateOn
04-07 12:46:35.667  9216  9216 D LocalBluetoothCastAdapter: SemBluetoothCastAdapter Connected
04-07 12:46:35.667  9216  9329 D LocalBluetoothCastProfileManager: updateLocalCastProfiles
04-07 12:46:35.667  9216  9329 D LocalBluetoothCastProfileManager: updateLocalCastProfiles mAudioCastProfile
04-07 12:46:35.667  9216  9329 D AudioCastProfile: AudioCastProfile
04-07 12:46:35.667  9216  9329 D SemBluetoothAudioCast: Binding to BluetoothAudioCastService
04-07 12:46:35.667  4497 10966 W ProviderHelper: Unknown dynamite feature providerinstaller.dynamite
04-07 12:46:35.667  4497 10966 I DynamiteModule: Considering local module com.google.android.gms.providerinstaller.dynamite:1 and remote module com.google.android.gms.providerinstaller.dynamite:0
04-07 12:46:35.667  4497 10966 I DynamiteModule: Selected local version of com.google.android.gms.providerinstaller.dynamite
04-07 12:46:35.667  2923  2923 I ViewRootImpl@d168a0f[Toast]: performTraversals params={(0,192)(wrapxwrap) gr=BOTTOM CENTER sim={adjust=pan} ty=TOAST fmt=TRANSLUCENT wanim=0x1030004
04-07 12:46:35.667  2923  2923 I ViewRootImpl@d168a0f[Toast]:   fl=1000098
04-07 12:46:35.667  2923  2923 I ViewRootImpl@d168a0f[Toast]:   pfl=32000000
04-07 12:46:35.667  2923  2923 I ViewRootImpl@d168a0f[Toast]:   bhv=DEFAULT
04-07 12:46:35.667  2923  2923 I ViewRootImpl@d168a0f[Toast]:   fitTypes=STATUS_BARS NAVIGATION_BARS CAPTION_BAR
04-07 12:46:35.667  2923  2923 I ViewRootImpl@d168a0f[Toast]:   fitIgnoreVis naviIconColor=0}
04-07 12:46:35.667  1159  1159 E sensors-hal: create_sensor_config_request:48, slocationcore create_sensor_config_request
04-07 12:46:35.667  1159  1159 I sensors-hal: sendUserData:118, slocationcore sendUserData
04-07 12:46:35.668  1159  1159 E sensors-hal: create_send_context_data:63, slocationcore create_send_context_data
04-07 12:46:35.668  1159  1159 I sensors-hal: send_context_data:632, slocationcore, 4986366670857974562, 1320970896291267344, msgid:700
04-07 12:46:35.668  2923  2923 I ViewRootImpl@d168a0f[Toast]: performTraversals mFirst=true windowShouldResize=false viewVisibilityChanged=false mForceNextWindowRelayout=false params={(0,192)(wrapxwrap) gr=BOTTOM CENTER sim={adjust=pan} ty=TOAST fmt=TRANSLUCENT wanim=0x1030004
04-07 12:46:35.668  2923  2923 I ViewRootImpl@d168a0f[Toast]:   fl=1000098
04-07 12:46:35.668  2923  2923 I ViewRootImpl@d168a0f[Toast]:   pfl=32000000
04-07 12:46:35.668  2923  2923 I ViewRootImpl@d168a0f[Toast]:   bhv=DEFAULT
04-07 12:46:35.668  2923  2923 I ViewRootImpl@d168a0f[Toast]:   fitTypes=STATUS_BARS NAVIGATION_BARS CAPTION_BAR
04-07 12:46:35.668  2923  2923 I ViewRootImpl@d168a0f[Toast]:   fitIgnoreVis naviIconColor=0}
04-07 12:46:35.668  4497 10966 W Conscrypt: Could not set socket write timeout: java.net.SocketException: Socket closed
04-07 12:46:35.668  1407  5539 V WindowManager: Relayout Window{fe419ec u0 Toast}: viewVisibility=0 req=960x187 d0
04-07 12:46:35.668  4497 10966 W Conscrypt: 	at com.google.android.gms.org.conscrypt.Platform.setSocketWriteTimeout(:com.google.android.gms@251134029@25.11.34 (190400-740024306):204)
04-07 12:46:35.668  4497 10966 W Conscrypt: 	at com.google.android.gms.org.conscrypt.ConscryptFileDescriptorSocket.setSoWriteTimeout(:com.google.android.gms@251134029@25.11.34 (190400-740024306):4)
04-07 12:46:35.668  1407  5539 D RestrictionPolicy: isScreenCaptureEnabled : ret=true userId=0
04-07 12:46:35.668  1261  1942 I SurfaceFlinger: id=201 createSurf, flag=40004, Toast$_2923#201
04-07 12:46:35.669  9216  9329 D SemBluetoothAudioCast: comp : null false
04-07 12:46:35.669  1407  5539 D WindowManager: makeSurface duration=1 name=Toast$_2923
04-07 12:46:35.671  9216  9216 D SemBluetoothAudioCast: SemBluetoothAudioCast Proxy object connected
04-07 12:46:35.671 11292 11292 E android.applock: Not starting debugger since process cannot load the jdwp agent.
04-07 12:46:35.671  9216  9216 D AudioCastProfile: AudioCastProfile Proxy object connected
04-07 12:46:35.674  1407  3219 D CAE     : getFaultDetectionResult(SLocationRunner.java:130) - true
04-07 12:46:35.674  1407  3219 I CAE     : notifyCmdProcessResultObserver(ContextProvider.java:627) - CheckResult = 0, Cause = Success
04-07 12:46:35.674 11253 11253 I [SC][Scsp]: setUp
04-07 12:46:35.674 11253 11253 I [SC]SamsungCloudApp: onCreate - start.
04-07 12:46:35.674  9216  9329 D LocalBluetoothManager: LocalBluetoothManager :: onInitCallback != null
04-07 12:46:35.675  1407  5539 V WindowManager: Relayout hash=fe419ec, pid=2923, syncId=-1: mAttrs={(0,192)(wrapxwrap) gr=BOTTOM CENTER sim={adjust=pan} ty=TOAST fmt=TRANSLUCENT wanim=0x1030004
04-07 12:46:35.675  1407  5539 V WindowManager:   fl=1000098
04-07 12:46:35.675  1407  5539 V WindowManager:   pfl=32000000
04-07 12:46:35.675  1407  5539 V WindowManager:   bhv=DEFAULT
04-07 12:46:35.675  1407  5539 V WindowManager:   fitTypes=STATUS_BARS NAVIGATION_BARS CAPTION_BAR
04-07 12:46:35.675  1407  5539 V WindowManager:   fitIgnoreVis naviIconColor=0}
04-07 12:46:35.677  9216  9329 I [CmdL-2.0.3]CommandProvider: call() took time : 474
04-07 12:46:35.679  1407  3219 D CAE     : doCommendProcess(ContextAwareService.java:400) - complete notify the operation result.
04-07 12:46:35.680  1407  3219 I CAE     : displayUsedCountForService(ContextAwareService.java:464) - totalCnt = 1, serviceCount = 1, subCollectionCount = 0
04-07 12:46:35.681  1407  3219 D CAE     : showListenerList(ContextAwareService.java:329) - ===== Context Aware Service List =====
04-07 12:46:35.681  1407  3219 I CAE     : showListenerList(ContextAwareService.java:338) - Listener : com.samsung.android.contextaware.manager.ContextAwareService$Listener@49d1891, Service : SLOCATION_RUNNER(1)
04-07 12:46:35.681  1407  3219 I CAE     : showListenerList(ContextAwareService.java:338) - Listener : com.samsung.android.contextaware.manager.ContextAwareService$Listener@49d1891, Service : FREE_FALL_DETECTION(1)
04-07 12:46:35.682  1407  3219 W CAE     : registerCallback(ContextAwareService.java:213) - [regi 02] Mutex is unlocked for SLOCATION_RUNNER
04-07 12:46:35.682  1407  3219 D SemContext.CaeProvider.LocationCoreImpl: setAttribute() mode : -1 action : -1
04-07 12:46:35.682  1407  3219 D SemContext.CaeProvider.LocationCoreImpl: mode or action value is wrong!!
04-07 12:46:35.682  1407  3219 D SemContextService: 	.registerCallback : 2, client= android
04-07 12:46:35.682  1407  3219 D SemContextConnectionList: client packageName : android
04-07 12:46:35.682  1407  3219 D SemContextService: unlock : registerCallback
04-07 12:46:35.682  1407  3219 D SemContextManager:   .registerListener : listener = com.samsung.android.location.semcontext.a@7f263b2, service=SLocation Core
04-07 12:46:35.682  1407  3219 D SLocation: SLocationCoreSem - Success to register SEM TYPE_SLOCATION_CORE_SEM
04-07 12:46:35.683  1407  3219 D SLocation: SLocationCoreSem - send to coreSem, packet length : 1 / [1]
04-07 12:46:35.683  1407  3219 D SemContextLocationCoreAttribute: setAttribute() mode : 0 action : 23
04-07 12:46:35.683  1407  3219 D SemContextService: lock : changeParameters
04-07 12:46:35.683  1407  3219 D SemContext.CaeProvider.LocationCoreImpl: setAttribute() mode : 0 action : 23
04-07 12:46:35.683  1407  3219 W CAE     : setCAProperty(ContextAwareService.java:513) - [setProperty 01] Mutex is locked for SLOCATION_RUNNER
04-07 12:46:35.683  2923  2923 I ViewRootImpl@d168a0f[Toast]: updateBlastSurfaceIfNeeded mBlastBufferQueue=null isSameSurfaceControl=false
04-07 12:46:35.684  2923  2923 I BLASTBufferQueue: new BLASTBufferQueue, mName= ViewRootImpl@d168a0f[Toast] mNativeObject= 0xb400007d57321080 sc.mNativeObject= 0xb400007cc65e57c0 caller= android.view.ViewRootImpl.updateBlastSurfaceIfNeeded:2909 android.view.ViewRootImpl.relayoutWindow:9847 android.view.ViewRootImpl.performTraversals:3884 android.view.ViewRootImpl.doTraversal:3116 android.view.ViewRootImpl$TraversalRunnable.run:10885 android.view.Choreographer$CallbackRecord.run:1301 android.view.Choreographer$CallbackRecord.run:1309 android.view.Choreographer.doCallbacks:923 android.view.Choreographer.doFrame:852 android.view.Choreographer$FrameDisplayEventReceiver.run:1283 
04-07 12:46:35.684  2923  2923 I BLASTBufferQueue: update, w= 960 h= 187 mName = ViewRootImpl@d168a0f[Toast] mNativeObject= 0xb400007d57321080 sc.mNativeObject= 0xb400007cc65e57c0 format= -3 caller= android.graphics.BLASTBufferQueue.<init>:84 android.view.ViewRootImpl.updateBlastSurfaceIfNeeded:2909 android.view.ViewRootImpl.relayoutWindow:9847 android.view.ViewRootImpl.performTraversals:3884 android.view.ViewRootImpl.doTraversal:3116 android.view.ViewRootImpl$TraversalRunnable.run:10885 
04-07 12:46:35.684  1407  3219 I CAE     : setPropertyValue(SLocationRunner.java:116) - SLocationRunner setProperty header : 1, len : 1
04-07 12:46:35.684  2923  2923 I ViewRootImpl@d168a0f[Toast]: Relayout returned: old=(0,88,1080,2355) new=(60,1976,1020,2163) req=(960,187)0 dur=15 res=0x3 s={true 0xb400007cc5a96800} ch=true seqId=0
04-07 12:46:35.685  2923  2994 D OpenGLRenderer: eglCreateWindowSurface
04-07 12:46:35.685  2923  2923 I ViewRootImpl@d168a0f[Toast]: mThreadedRenderer.initialize() mSurface={isValid=true 0xb400007cc5a96800} hwInitialized=true
04-07 12:46:35.685  9216  9329 I [CmdL-2.0.3]CommandProvider: call() version : 2.0.3, caller : com.samsung.android.app.routines, package : com.android.settings, method : method_LOAD, id : command://com.android.settings.command/notification_vibration_pattern
04-07 12:46:35.686  9216  9329 D ActionsIndexer: Actions already indexed - returning.
04-07 12:46:35.687 11253 11253 I [SC]SamsungCloudApp: time elapsed to initialize ExceptionFilterInitializer: 1
04-07 12:46:35.690  2923  2923 I ViewRootImpl@d168a0f[Toast]: reportNextDraw android.view.ViewRootImpl.performTraversals:4438 android.view.ViewRootImpl.doTraversal:3116 android.view.ViewRootImpl$TraversalRunnable.run:10885 android.view.Choreographer$CallbackRecord.run:1301 android.view.Choreographer$CallbackRecord.run:1309 
04-07 12:46:35.690  2923  2923 I ViewRootImpl@d168a0f[Toast]: Setup new sync id=0
04-07 12:46:35.690  2923  2923 I ViewRootImpl@d168a0f[Toast]: Setting syncFrameCallback
04-07 12:46:35.690  2923  2923 I ViewRootImpl@d168a0f[Toast]: registerCallbacksForSync syncBuffer=false
04-07 12:46:35.693 11253 11253 I [SC]FeatureManager: byod mode enabled: false
04-07 12:46:35.693  9216  9329 I [CmdL-2.0.3]CommandProvider: call() took time : 8
04-07 12:46:35.694  2923  3009 I ViewRootImpl@d168a0f[Toast]: Received frameDrawingCallback syncResult=0 frameNum=1.
04-07 12:46:35.694  2923  3009 I ViewRootImpl@d168a0f[Toast]: Setting up sync and frameCommitCallback
04-07 12:46:35.694  4497  4497 D BoundBrokerSvc: onBind: Intent { act=com.google.android.gms.semanticlocationhistory.deidentifieddata.uploads.BatchDeidentifiedDataUploadService.ACTION_TASK_READY dat=chimera-action:/... cmp=com.google.android.gms/.chimera.GmsInternalBoundBrokerService }
04-07 12:46:35.694  4497  4497 D BoundBrokerSvc: Loading bound service for intent: Intent { act=com.google.android.gms.semanticlocationhistory.deidentifieddata.uploads.BatchDeidentifiedDataUploadService.ACTION_TASK_READY dat=chimera-action:/... cmp=com.google.android.gms/.chimera.GmsInternalBoundBrokerService }
04-07 12:46:35.696  2923  2994 I BLASTBufferQueue: [ViewRootImpl@d168a0f[Toast]#16](f:0,a:0) onFrameAvailable the first frame is available
04-07 12:46:35.696  2923  2994 I ViewRootImpl@d168a0f[Toast]: Received frameCommittedCallback lastAttemptedDrawFrameNum=1 didProduceBuffer=true
04-07 12:46:35.697  2923  2994 D OpenGLRenderer: CFMS:: SetUp Pid : 2923    Tid : 2994
04-07 12:46:35.697  2923  2994 W Parcel  : Expecting binder but got null!
04-07 12:46:35.698  2923  2923 I ViewRootImpl@d168a0f[Toast]: onSyncComplete
04-07 12:46:35.698  2923  2923 I ViewRootImpl@d168a0f[Toast]: setupSync seqId=0 mSyncId=0 fn=1 caller=android.view.ViewRootImpl$$ExternalSyntheticLambda11.accept:6 android.window.SurfaceSyncer.lambda$setupSync$1$android-window-SurfaceSyncer:128 android.window.SurfaceSyncer$$ExternalSyntheticLambda1.accept:8 android.window.SurfaceSyncer$SyncSet.checkIfSyncIsComplete:382 android.window.SurfaceSyncer$SyncSet.markSyncReady:359 android.window.SurfaceSyncer.markSyncReady:151 android.view.ViewRootImpl.performTraversals:4503 
04-07 12:46:35.698  2923  2923 I ViewRootImpl@d168a0f[Toast]: reportDrawFinished seqId=0 mSyncId=-1 fn=1 mSurfaceChangedTransaction=0xb400007d78effa00
04-07 12:46:35.698 11292 11292 D nativeloader: Load libframework-connectivity-tiramisu-jni.so using APEX ns com_android_tethering for caller /apex/com.android.tethering/javalib/framework-connectivity-t.jar: ok
04-07 12:46:35.698  1407  5532 D WindowManager: finishDrawingWindow: Window{fe419ec u0 Toast} mDrawState=DRAW_PENDING seqId=0
04-07 12:46:35.698  4275 10134 I NetworkScheduler.Stats: (REDACTED) Task %s/%s started execution. cause:%s exec_start_elapsed_seconds: %s
04-07 12:46:35.699  1407  2472 I WindowManager: Reparenting to leash, surface=Surface(name=fe419ec Toast)/@0xf01bbe5, leashParent=Surface(name=WindowToken{a0bc592 type=2005 android.os.Binder@3fb9f1d})/@0x31af6ba
04-07 12:46:35.699  1261  1942 I SurfaceFlinger: id=202 createSurf, flag=24004, Surface(name=fe419ec Toast)/@0xf01bbe5 - animation-leash of window_animation#202
04-07 12:46:35.700  1407  2472 D WindowManager: makeSurface duration=1 leash=Surface(name=Surface(name=fe419ec Toast)/@0xf01bbe5 - animation-leash of window_animation)/@0x783e96b
04-07 12:46:35.700 11253 11253 I [SC]FeatureManager: FeatureManager null,[SEC_FLOATING_FEATURE_SAMSUNGCLOUD_ENABLE_SETTING_MENU]:true
04-07 12:46:35.700 11253 11253 I [SC]FeatureManager: [SEC_FLOATING_FEATURE_SAMSUNGCLOUD_SUPPORT_CONTENT_SYNC]bln true
04-07 12:46:35.700 11253 11253 I [SC]FeatureManager: [SEC_FLOATING_FEATURE_GALLERY_CONFIG_IMAGE_TAGGER_VERSION]str "V516"
04-07 12:46:35.700 11253 11253 I [SC]FeatureManager: [SEC_FLOATING_FEATURE_SAMSUNGCLOUD_ENABLE_SETTING_MENU]bln true
04-07 12:46:35.700  1407  2472 V WindowManager: performShowLocked: mDrawState=HAS_DRAWN in Window{fe419ec u0 Toast}
04-07 12:46:35.700 11253 11308 I [SC]UserContext: updateUserContext - listeners:  2
04-07 12:46:35.700 11253 11253 I [SC][Verification]: [FeatureUtil] hasJapanBrandName= false, isChina = false
04-07 12:46:35.701 11253 11253 I [SC]SamsungCloudApp: time elapsed to initialize ContextInitializer: 14
04-07 12:46:35.701 11253 11253 I [SC]SamsungCloudApp: time elapsed to initialize VerificationInitializer: 0
04-07 12:46:35.701  1407  1407 I GestureDetector: handleMessage TAP
04-07 12:46:35.702 11292 11292 D ActivityThread: setConscryptValidator
04-07 12:46:35.702 11292 11292 D ActivityThread: setConscryptValidator - put
04-07 12:46:35.702  1407  2469 I GestureDetector: handleMessage TAP
04-07 12:46:35.703 11253 11307 E DIAGMON_SDK: DMA Client is not exist
