04-07 12:46:17.613  1407  2908 I Pageboost: Reuse the dbinfo for this app info : its.madruga.warevamp /data/app/~~Nnvg8CLmfLa4Ijj-gDQVdQ==/its.madruga.warevamp-yfoW5l-IhMwcnI5AXhbBrw==/base.apk
04-07 12:46:17.613  1407  2908 I Pageboost: pkg info : com.litebyte.samhelper
04-07 12:46:17.613  1407  2908 I Pageboost: Reuse the dbinfo for this app info : com.litebyte.samhelper /data/app/~~1AerhakQudy-QfeGYEOcyg==/com.litebyte.samhelper-4JRmbsM_fhAjsyoBsdiYJA==/base.apk
04-07 12:46:17.615  1407  2908 I Pageboost: pkg info : com.android.settings
04-07 12:46:17.615  1407  2908 I Pageboost: Reuse the dbinfo for this app info : com.android.settings /system/priv-app/SecSettings/SecSettings.apk
04-07 12:46:17.616  1407  2908 I Pageboost: pkg info : com.samsung.android.app.notes
04-07 12:46:17.616  1407  2908 I Pageboost: Reuse the dbinfo for this app info : com.samsung.android.app.notes /data/app/~~cqnxtxWX5a7W9x_QqQ7E7g==/com.samsung.android.app.notes-emVSPu-x3H7OqxbXY7ymhw==/base.apk
04-07 12:46:17.616  1407  2908 I Pageboost: pkg info : com.samsung.android.appbooster
04-07 12:46:17.616  1407  2908 I Pageboost: Reuse the dbinfo for this app info : com.samsung.android.appbooster /data/app/~~a1a-V5WTMDk6_T7p2bcCKA==/com.samsung.android.appbooster-L9uKFCfpBG4BgWYGlx9mjw==/base.apk
04-07 12:46:17.617  1407  2908 I Pageboost: pkg info : com.termux
04-07 12:46:17.618  1407  2908 I Pageboost: Reuse the dbinfo for this app info : com.termux /data/app/~~J0AyehPmwnB0PqqSsIWgBQ==/com.termux-G9408c6OSQZ_20Sme5IZJQ==/base.apk
04-07 12:46:17.618  1407  2908 I Pageboost: pkg info : com.google.android.apps.books
04-07 12:46:17.618  1407  2908 I Pageboost: Reuse the dbinfo for this app info : com.google.android.apps.books /data/app/~~pYubhtE9KoVtlzmBwpv35g==/com.google.android.apps.books-OOg8fTf1UJDeNWnJXPB4fg==/base.apk
04-07 12:46:17.619  1407  2908 I Pageboost: pkg info : org.jellyfin.mobile
04-07 12:46:17.619  1407  2908 I Pageboost: Reuse the dbinfo for this app info : org.jellyfin.mobile /data/app/~~ecapQqij5Etl2q-dnyNw_A==/org.jellyfin.mobile-DgvwOz3c2rq4lCa4YeQeSA==/base.apk
04-07 12:46:17.620  1407  2908 I Pageboost: pkg info : eu.faircode.xlua.pro
04-07 12:46:17.620  1407  2908 I Pageboost: Reuse the dbinfo for this app info : eu.faircode.xlua.pro /data/app/~~GiM0EbLjp6kscDCq-PKsyw==/eu.faircode.xlua.pro-Gz7KbwKaR8K94OQiMwoXIg==/base.apk
04-07 12:46:17.621  1407  2908 I Pageboost: pkg info : com.mycompany.app.soulbrowser
04-07 12:46:17.621  1407  2908 I Pageboost: Reuse the dbinfo for this app info : com.mycompany.app.soulbrowser /data/app/~~e7ry7lAkp6aBLItEFMnr-A==/com.mycompany.app.soulbrowser-hE2duZcFLLIwN-ZIkMWlwA==/base.apk
04-07 12:46:17.621  1407  2908 I Pageboost: pkg info : org.woheller69.audiometry
04-07 12:46:17.621  1407  2908 I Pageboost: Reuse the dbinfo for this app info : org.woheller69.audiometry /data/app/~~zeLnCf-mljLHTQwKFS-6zA==/org.woheller69.audiometry-R05nuWvEqbhXZf12cboyuA==/base.apk
04-07 12:46:17.622  1407  2908 I Pageboost: pkg info : io.github.vvb2060.keyattestation
04-07 12:46:17.622  1407  2908 I Pageboost: Reuse the dbinfo for this app info : io.github.vvb2060.keyattestation /data/app/~~4mXo3kbJR8DB75pCS8__vw==/io.github.vvb2060.keyattestation-Lw_OSkohG6iVci22F-zdag==/base.apk
04-07 12:46:17.622  1407  2908 I Pageboost: pkg info : tr.gov.turkiye.edevlet.kapisi
04-07 12:46:17.622  1407  2908 I Pageboost: Reuse the dbinfo for this app info : tr.gov.turkiye.edevlet.kapisi /data/app/~~inFdxkpYPdQPUC7tO3N0fA==/tr.gov.turkiye.edevlet.kapisi-1mfYb4U2LvFPF9fq3e2d4Q==/base.apk
04-07 12:46:17.623  1407  2908 I Pageboost: pkg info : app.symfonik.music.player
04-07 12:46:17.623  1407  2908 I Pageboost: Reuse the dbinfo for this app info : app.symfonik.music.player /data/app/~~EE_lz_sD3dIrctlONj19Ig==/app.symfonik.music.player-oob9EMCvET5vdQzl6c88ag==/base.apk
04-07 12:46:17.623  1407  2908 I Pageboost: pkg info : com.google.android.apps.wallpaper
04-07 12:46:17.623  1407  2908 I Pageboost: Reuse the dbinfo for this app info : com.google.android.apps.wallpaper /data/app/~~izF_Rv02csYUCw7le7yfHA==/com.google.android.apps.wallpaper-b5CH-Rr8L4ELEJGZbplU_g==/base.apk
04-07 12:46:17.624  1407  2908 I Pageboost: pkg info : com.soundcloud.android
04-07 12:46:17.624  1407  2908 I Pageboost: Reuse the dbinfo for this app info : com.soundcloud.android /data/app/~~JcwxWPwESeX1NnYEffz0Zw==/com.soundcloud.android-qxnBtN6WBpJD_MmQ_HHWcA==/base.apk
04-07 12:46:17.626  1407  2481 I ActivityManager: Start proc 8638:com.sec.android.emergencylauncher/1000 for broadcast {com.sec.android.emergencylauncher/com.sec.android.emergencylauncher.EmergencyReceiver}
04-07 12:46:17.629  1407  2908 I Pageboost: pkg info : com.google.android.hmal
04-07 12:46:17.629  1407  2908 I Pageboost: Reuse the dbinfo for this app info : com.google.android.hmal /data/app/~~VauuL8qRzImw7C52Qng0hw==/com.google.android.hmal-8dDsxAxICPJ62BgPXT4Ang==/base.apk
04-07 12:46:17.633  1407  2908 I Pageboost: pkg info : com.reworewo.prayertimes
04-07 12:46:17.633  1407  2908 I Pageboost: Reuse the dbinfo for this app info : com.reworewo.prayertimes /data/app/~~rQ-e1oSACLo47U25AJAYFQ==/com.reworewo.prayertimes-yUOmx4DHFxv9J-69c1SnEA==/base.apk
04-07 12:46:17.633  1407  2908 I Pageboost: pkg info : com.byxiaorun.detector
04-07 12:46:17.633  1407  2908 I Pageboost: Reuse the dbinfo for this app info : com.byxiaorun.detector /data/app/~~pjqZDIhQW5IqgO6buG4klA==/com.byxiaorun.detector-4MxvgCWrHk2XvUX9sodWzw==/base.apk
04-07 12:46:17.647  1407  2481 W ActivityManager: Slow operation: 65ms so far, now at startProcess: done updating pids map
04-07 12:46:17.653  1407  3576 I ActivityManager: Killing 4543:com.android.carrierdefaultapp/u0a131 (adj 999): empty #37
04-07 12:46:17.658  1407  2908 I Pageboost: pkg info : com.google.android.apps.youtube.music
04-07 12:46:17.658  1407  2908 I Pageboost: Reuse the dbinfo for this app info : com.google.android.apps.youtube.music /data/app/~~ydFEvyDz7Yxxm3eTcbjUwQ==/com.google.android.apps.youtube.music--FPLJrG25ZE8JF9yUhGWaQ==/base.apk
04-07 12:46:17.659  1407  2908 I Pageboost: pkg info : app.organicmaps
04-07 12:46:17.659  1407  2908 I Pageboost: Reuse the dbinfo for this app info : app.organicmaps /data/app/~~M3dq5NasG-5F6Sg_Px1c2g==/app.organicmaps-zCg9sHxt5Czif-QL95tJQg==/base.apk
04-07 12:46:17.659  1407  2908 I Pageboost: pkg info : com.merxury.blocker
04-07 12:46:17.659  1407  2908 I Pageboost: Reuse the dbinfo for this app info : com.merxury.blocker /data/app/~~51SYiyUEJlBul0LTYhLW-g==/com.merxury.blocker-REKtEyLBJcwo7xA57OJ6bA==/base.apk
04-07 12:46:17.660  1407  2908 I Pageboost: pkg info : com.reveny.nativecheck
04-07 12:46:17.660  1407  2908 I Pageboost: Reuse the dbinfo for this app info : com.reveny.nativecheck /data/app/~~j2RdAQrTVL0nxj0sI8bzlA==/com.reveny.nativecheck-DbuyTGJ2QyFeL43jT9Ly2A==/base.apk
04-07 12:46:17.660  1407  2908 I Pageboost: pkg info : com.android.traceur
04-07 12:46:17.660  1407  2908 I Pageboost: Reuse the dbinfo for this app info : com.android.traceur /system/app/Traceur/Traceur.apk
04-07 12:46:17.661  1407  2908 I Pageboost: pkg info : tr.gov.ibb.ibbceptrafik
04-07 12:46:17.661  1407  2908 I Pageboost: Reuse the dbinfo for this app info : tr.gov.ibb.ibbceptrafik /data/app/~~geL54q-J-dS3madSZUGpgg==/tr.gov.ibb.ibbceptrafik-VeSd41keoga48nz8cpGdSQ==/base.apk
04-07 12:46:17.661  1407  2908 I Pageboost: pkg info : gr.nikolasspyr.integritycheck
04-07 12:46:17.661  1407  2908 I Pageboost: Reuse the dbinfo for this app info : gr.nikolasspyr.integritycheck /data/app/~~Zn5h7IHVdKjxzVVywHpKVQ==/gr.nikolasspyr.integritycheck-SuymVAcgEo0pBOjTocGXHA==/base.apk
04-07 12:46:17.661  1407  2908 I Pageboost: pkg info : ru.bluecat.android.xposed.mods.appsettings
04-07 12:46:17.661  1407  2908 I Pageboost: Reuse the dbinfo for this app info : ru.bluecat.android.xposed.mods.appsettings /data/app/~~nRsefDVQYfdFP5zpvHA1Fw==/ru.bluecat.android.xposed.mods.appsettings-BuF3yXAtRWbimKlkmYL4Gg==/base.apk
04-07 12:46:17.662  1407  2908 I Pageboost: pkg info : dqlurkqi.fvjab
04-07 12:46:17.662  1407  2908 I Pageboost: Reuse the dbinfo for this app info : dqlurkqi.fvjab /data/app/~~j7ZvshKOVkWuxD9-oYxLPA==/dqlurkqi.fvjab-kM-srGrmaaz4OuSLoFzdIA==/base.apk
04-07 12:46:17.662  1407  2908 I Pageboost: pkg info : com.albarakaapp
04-07 12:46:17.662  1407  2908 I Pageboost: Reuse the dbinfo for this app info : com.albarakaapp /data/app/~~ygLZdIxBjP-GYGxOIqbtVg==/com.albarakaapp-vzBfJTiJY2MjgTXpuWFT0Q==/base.apk
04-07 12:46:17.663  1407  2908 I Pageboost: pkg info : com.android1500.gpssetter
04-07 12:46:17.663  1407  2908 I Pageboost: Reuse the dbinfo for this app info : com.android1500.gpssetter /data/app/~~bXvNhMsocDywDk-hqzylYQ==/com.android1500.gpssetter-4-PCYc9_GQs0m91SUU6PQA==/base.apk
04-07 12:46:17.663  1407  2908 I Pageboost: pkg info : io.github.vvb2060.mahoshojo
04-07 12:46:17.663  1407  2908 I Pageboost: Reuse the dbinfo for this app info : io.github.vvb2060.mahoshojo /data/app/~~yYSVta-UpGYmLIeDkoXpaw==/io.github.vvb2060.mahoshojo-9f9RHH0dp8HwzG6lBjgXaA==/base.apk
04-07 12:46:17.663  1407  2908 I Pageboost: pkg info : com.sec.android.app.camera
04-07 12:46:17.664  1407  2908 I Pageboost: Reuse the dbinfo for this app info : com.sec.android.app.camera /system/priv-app/SamsungCamera/SamsungCamera.apk
04-07 12:46:17.664  1407  2908 I Pageboost: pkg info : com.wly.ble_speaker
04-07 12:46:17.664  1407  2908 I Pageboost: Reuse the dbinfo for this app info : com.wly.ble_speaker /data/app/~~RDNKcii9ptEAGYSZKRN52w==/com.wly.ble_speaker-8VA5bHmBk2_plMexauu4ow==/base.apk
04-07 12:46:17.664  1407  2908 I Pageboost: pkg info : com.akakce.akakce
04-07 12:46:17.664  1407  2908 I Pageboost: Reuse the dbinfo for this app info : com.akakce.akakce /data/app/~~eFQRXw2XmH_flGcvJ2A20w==/com.akakce.akakce-596YJU35IrMIo7bAhJMiXg==/base.apk
04-07 12:46:17.665  1407  2908 I Pageboost: pkg info : org.akanework.checker
04-07 12:46:17.665  1407  2908 I Pageboost: Reuse the dbinfo for this app info : org.akanework.checker /data/app/~~oJsOK3_NJS7Lh4idlXGu6A==/org.akanework.checker-qQ0ZDrML70BvDtt17YCNkg==/base.apk
04-07 12:46:17.665  1407  2908 I Pageboost: pkg info : com.stremio.one
04-07 12:46:17.665  1407  2908 I Pageboost: Reuse the dbinfo for this app info : com.stremio.one /data/app/~~BAPXz-O7ksDmr7Hy6yPuuQ==/com.stremio.one-u3tNpndFeV_r5nzInYO4lA==/base.apk
04-07 12:46:17.666  1407  2908 I Pageboost: pkg info : com.lulilanguages.j5KjAnd
04-07 12:46:17.666  1407  2908 I Pageboost: Reuse the dbinfo for this app info : com.lulilanguages.j5KjAnd /data/app/~~4vXnNMo2B2EOoYhEwO9TXA==/com.lulilanguages.j5KjAnd-Yu7JFTdlAI9QQGffOJZMfg==/base.apk
04-07 12:46:17.667  1407  2908 I Pageboost: pkg info : nfg.multi_crack.android
04-07 12:46:17.667  1407  2908 I Pageboost: Reuse the dbinfo for this app info : nfg.multi_crack.android /data/app/~~gaUmr8WTvkc2UrrmzHaB8Q==/nfg.multi_crack.android--Fo-3CZrLu3t-7UCivVzTA==/base.apk
04-07 12:46:17.667  1407  2908 I Pageboost: pkg info : com.adguard.android.contentblocker
04-07 12:46:17.667  1407  2908 I Pageboost: Reuse the dbinfo for this app info : com.adguard.android.contentblocker /data/app/~~3JMTeCGsKsF-Ab3iRjayVA==/com.adguard.android.contentblocker-Q1OwtSiaLYAhAfM0v3x98Q==/base.apk
04-07 12:46:17.668  1407  3454 D CompatibilityChangeReporter: Compat change id reported: 168419799; UID 1000; state: DISABLED
04-07 12:46:17.668  1407  3454 I ActivityManager: DSS OFF for com.sec.android.emergencylauncher
04-07 12:46:17.668  1407  2908 I Pageboost: pkg info : idm.internet.download.manager
04-07 12:46:17.668  1407  2908 I Pageboost: Reuse the dbinfo for this app info : idm.internet.download.manager /data/app/~~iY04YvsBQyQrZSltu_tacA==/idm.internet.download.manager-5L6O4_K_rj2S5q7EKS7V_w==/base.apk
04-07 12:46:17.669  1407  2908 I Pageboost: pkg info : com.rajarsheechatterjee.LNReader
04-07 12:46:17.669  1407  2908 I Pageboost: Reuse the dbinfo for this app info : com.rajarsheechatterjee.LNReader /data/app/~~1ffjfRhSInQef54Hjo72rQ==/com.rajarsheechatterjee.LNReader-xnGOA86N2t7C1dAINDj9oA==/base.apk
04-07 12:46:17.669  1407  2908 I Pageboost: pkg info : com.google.android.inputmethod.latin
04-07 12:46:17.669  1407  2908 I Pageboost: Reuse the dbinfo for this app info : com.google.android.inputmethod.latin /data/app/~~0pWggY-4X42p5ZIw66vyvg==/com.google.android.inputmethod.latin-GXqv6ZuCAXoC8x4I3Dtyyg==/base.apk
04-07 12:46:17.670  1407  2908 I Pageboost: pkg info : com.samsung.android.sm_cn
04-07 12:46:17.670  1407  2908 I Pageboost: Reuse the dbinfo for this app info : com.samsung.android.sm_cn /system/priv-app/SmartManagerCN/SmartManagerCN.apk
04-07 12:46:17.671  1407  2908 I Pageboost: pkg info : app.numbiro.free
04-07 12:46:17.671  1407  2908 I Pageboost: Reuse the dbinfo for this app info : app.numbiro.free /data/app/~~39BC-nd19QjIZuPzPfUuSQ==/app.numbiro.free-Pq5Sb8Ym39C2YoE6ghRpxw==/base.apk
04-07 12:46:17.671  1407  2908 I Pageboost: pkg info : com.trendyol.go
04-07 12:46:17.672  1407  2908 I Pageboost: Reuse the dbinfo for this app info : com.trendyol.go /data/app/~~9Q6-EuqdYm50Le4rwtTC3g==/com.trendyol.go-HC6q5iZlFWgtJ4hAbu7OaA==/base.apk
04-07 12:46:17.673  1407  2908 I Pageboost: alp for : org.kde.kdeconnect_tp , 0
04-07 12:46:17.685  1407  3576 D CompatibilityChangeReporter: Compat change id reported: 161252188; UID 1000; state: DISABLED
04-07 12:46:17.784  1407  2908 I Pageboost: stop alp by timeout
04-07 12:46:17.814  8482  8482 W ContextImpl: Calling a method in the system process without a qualified user: android.app.ContextImpl.sendBroadcast:1252 android.content.ContextWrapper.sendBroadcast:509 android.content.ContextWrapper.sendBroadcast:509 com.samsung.android.service.svcagent.BootReceiver.b:318 com.samsung.android.service.svcagent.BootReceiver$a.handleMessage:4 
04-07 12:46:17.836  1407  3454 I GenerationRegistry: mBackingStore.isClosed() : false
04-07 12:46:17.884  1407  5566 D CompatibilityChangeReporter: Compat change id reported: 194532703; UID 10390; state: ENABLED
04-07 12:46:17.919  1407  5566 I GenerationRegistry: mBackingStore.isClosed() : false
04-07 12:46:17.940  1407  5534 W BroadcastQueue: Background execution not allowed: receiving Intent { act=android.intent.action.PACKAGE_RESTARTED dat=package: flg=0x10 (has extras) } to android/com.kddi.android.CpaNotiReceiver
04-07 12:46:17.942  1407  5534 I ActivityManager: Killing 4659:com.sec.android.app.clockpackage/u0a197 (adj 999): empty #37
04-07 12:46:17.946  1407  2480 W BroadcastQueue: Background execution not allowed: receiving Intent { act=android.intent.action.PACKAGE_RESTARTED dat=package: flg=0x10 (has extras) } to android/com.kddi.android.CpaNotiReceiver
04-07 12:46:17.947  1407  2480 W BroadcastQueue: Background execution not allowed: receiving Intent { act=android.intent.action.PACKAGE_RESTARTED dat=package: flg=0x10 (has extras) } to android/com.kddi.android.CpaNotiReceiver
04-07 12:46:17.950  1407  2480 D CompatibilityChangeReporter: Compat change id reported: 135634846; UID 10059; state: DISABLED
04-07 12:46:17.951  1407  2480 D CompatibilityChangeReporter: Compat change id reported: 177438394; UID 10059; state: DISABLED
04-07 12:46:17.951  1407  2480 D CompatibilityChangeReporter: Compat change id reported: 135772972; UID 10059; state: DISABLED
04-07 12:46:17.951  1407  2480 D CompatibilityChangeReporter: Compat change id reported: 135754954; UID 10059; state: ENABLED
04-07 12:46:17.952  1407  2481 D CompatibilityChangeReporter: Compat change id reported: 143937733; UID 10059; state: ENABLED
04-07 12:46:17.981  1407  2481 I ActivityManager: Start proc 8669:com.android.externalstorage/u0a59 for broadcast {com.android.externalstorage/com.android.externalstorage.MountReceiver}
04-07 12:46:18.211  1407  3454 I GenerationRegistry: mBackingStore.isClosed() : false
04-07 12:46:18.233  5425  6175 I SDHMS:D : SIOP:: AP:473 BAT:297 USB:258 CHG:460 CP:395 WIFI:380 CF:343 BLK:0 SUBBAT:0 SKIN:378 SKINF:360 SKINB:377 LRP:378 LRF:360 LRB:377 BLRF:360 BLRB:378 APT:352 APR:371 
04-07 12:46:18.234  1407  3576 I VaultKeeperService: read
04-07 12:46:18.234  1407  3576 I VaultKeeperService: Get service instance by (6201/10074)
04-07 12:46:18.236  1407  3576 I VaultKeeperService: Client info : com.samsung.android.kgclient
04-07 12:46:18.264  1407  3034 E AppOps  : Bad call made by uid 10226. Package "com.google.android.gms" does not belong to uid 10368.
04-07 12:46:18.272  1407  3454 D CompatibilityChangeReporter: Compat change id reported: 168419799; UID 10059; state: DISABLED
04-07 12:46:18.273  1407  3454 I ActivityManager: DSS OFF for com.android.externalstorage
04-07 12:46:18.317  1407  5534 I GenerationRegistry: mBackingStore.isClosed() : false
04-07 12:46:18.579  1407  5620 E TaskPersister: File error accessing recents directory (directory doesn't exist?).
04-07 12:46:18.605  1407  3043 D CompatibilityChangeReporter: Compat change id reported: 194532703; UID 1000; state: ENABLED
04-07 12:46:18.607  1407  3043 D CompatibilityChangeReporter: Compat change id reported: 194532703; UID 1000; state: DISABLED
04-07 12:46:18.630  1407  3043 D CompatibilityChangeReporter: Compat change id reported: 168419799; UID 1000; state: DISABLED
04-07 12:46:18.687  1407  3454 I ActivityManager: Process com.sec.android.emergencylauncher (pid 8638) has died: fg  RCVR(132,2800)
04-07 12:46:18.718  1407  3034 I ActivityManager: com.sec.android.app.clockpackage is exempt from freezer by list
04-07 12:46:18.718  1407  3034 D CompatibilityChangeReporter: Compat change id reported: 135634846; UID 10197; state: DISABLED
04-07 12:46:18.718  1407  3034 D CompatibilityChangeReporter: Compat change id reported: 177438394; UID 10197; state: DISABLED
04-07 12:46:18.718  1407  3034 D CompatibilityChangeReporter: Compat change id reported: 135772972; UID 10197; state: DISABLED
04-07 12:46:18.719  1407  3034 D CompatibilityChangeReporter: Compat change id reported: 135754954; UID 10197; state: ENABLED
04-07 12:46:18.719  1407  2481 D CompatibilityChangeReporter: Compat change id reported: 143937733; UID 10197; state: ENABLED
04-07 12:46:18.725  1407  2481 I ActivityManager: Start proc 8738:com.sec.android.app.clockpackage/u0a197 for broadcast {com.sec.android.app.clockpackage/com.sec.android.app.clockpackage.alarm.receiver.AlarmReceiver}
04-07 12:46:18.727  1407  3043 D SettingsProvider: isChangeAllowed() : name = access_control_enabled
04-07 12:46:18.748  3793  8736 W ContextImpl: Calling a method in the system process without a qualified user: android.app.ContextImpl.sendBroadcast:1252 android.content.ContextWrapper.sendBroadcast:509 android.content.ContextWrapper.sendBroadcast:509 com.samsung.accessibility.vision.color.d.e:7 com.samsung.accessibility.vision.color.d.d:2 
04-07 12:46:18.750  1407  3521 I ActivityManager: Killing 4309:com.google.android.cellbroadcastreceiver/u0a257 (adj 999): empty #37
04-07 12:46:18.766  3793  8736 W ContextImpl: Calling a method in the system process without a qualified user: android.app.ContextImpl.startService:1926 android.content.ContextWrapper.startService:834 android.content.ContextWrapper.startService:834 a4.a.c:5 com.samsung.accessibility.broadcast.AccessibilityBroadcastReceiver$a.run:3 
04-07 12:46:18.770  1407  3043 D CompatibilityChangeReporter: Compat change id reported: 168419799; UID 10390; state: DISABLED
04-07 12:46:18.770  1407  3034 D SettingsProvider: isChangeAllowed() : name = sysui_qs_tiles
04-07 12:46:18.770  1407  3034 D SettingsProvider: edmUri: content://com.sec.knox.provider/RestrictionPolicy3
04-07 12:46:18.771  1407  3034 D SettingsProvider: projectionArgs: isSettingsChangesAllowed
04-07 12:46:18.771  1407  3034 D SettingsProvider: selectionArgs: false
04-07 12:46:18.771  1407  3034 D SettingsProvider: selectionArgs: 10040
04-07 12:46:18.771  1407  3034 D SecContentProvider: called from android.uid.systemui:10040
04-07 12:46:18.771  1407  3034 D RestrictionPolicy: isSettingsChangesAllowedAsUser, userId 0 : true
04-07 12:46:18.771  1407  3034 D SettingsProvider: ret = 1
04-07 12:46:18.774  3793  8736 W ContextImpl: Calling a method in the system process without a qualified user: android.app.ContextImpl.startService:1926 android.content.ContextWrapper.startService:834 android.content.ContextWrapper.startService:834 q3.a.d:4 q3.a.c:0 
04-07 12:46:18.778  3793  8736 W ContextImpl: Calling a method in the system process without a qualified user: android.app.ContextImpl.sendBroadcast:1252 android.content.ContextWrapper.sendBroadcast:509 android.content.ContextWrapper.sendBroadcast:509 com.samsung.accessibility.vision.color.a.e:7 com.samsung.accessibility.vision.color.a.d:2 
04-07 12:46:18.779  1407  3454 I GenerationRegistry: mBackingStore.isClosed() : false
04-07 12:46:18.781  1407  5534 D SettingsProvider: isChangeAllowed() : name = sysui_qs_tiles
04-07 12:46:18.782  1407  5534 D SettingsProvider: edmUri: content://com.sec.knox.provider/RestrictionPolicy3
04-07 12:46:18.782  1407  5534 D SettingsProvider: projectionArgs: isSettingsChangesAllowed
04-07 12:46:18.782  1407  5534 D SettingsProvider: selectionArgs: false
04-07 12:46:18.782  1407  5534 D SettingsProvider: selectionArgs: 10040
04-07 12:46:18.782  1407  5534 D SecContentProvider: called from android.uid.systemui:10040
04-07 12:46:18.782  1407  5534 D RestrictionPolicy: isSettingsChangesAllowedAsUser, userId 0 : true
04-07 12:46:18.782  1407  5534 D SettingsProvider: ret = 1
04-07 12:46:18.784  1407  3521 D CompatibilityChangeReporter: Compat change id reported: 168419799; UID 10197; state: DISABLED
04-07 12:46:18.785  1407  3521 I ActivityManager: DSS OFF for com.sec.android.app.clockpackage
04-07 12:46:18.793  1407  3454 D RestrictionPolicy: isHomeKeyEnabled :true
04-07 12:46:18.794  1407  1407 D RestrictionPolicy: isHomeKeyEnabled :true
04-07 12:46:18.803  3793  8736 W ContextImpl: Calling a method in the system process without a qualified user: android.app.ContextImpl.sendBroadcast:1252 android.content.ContextWrapper.sendBroadcast:509 android.content.ContextWrapper.sendBroadcast:509 com.samsung.accessibility.vision.color.c.e:7 com.samsung.accessibility.vision.color.c.d:2 
04-07 12:46:18.811  1407  5567 D SettingsProvider: isChangeAllowed() : name = sysui_qs_tiles
04-07 12:46:18.811  1407  5567 D SettingsProvider: edmUri: content://com.sec.knox.provider/RestrictionPolicy3
04-07 12:46:18.811  1407  5567 D SettingsProvider: projectionArgs: isSettingsChangesAllowed
04-07 12:46:18.811  1407  5567 D SettingsProvider: selectionArgs: false
04-07 12:46:18.811  1407  5567 D SettingsProvider: selectionArgs: 10040
04-07 12:46:18.812  1407  5567 D SecContentProvider: called from android.uid.systemui:10040
04-07 12:46:18.812  1407  5567 D RestrictionPolicy: isSettingsChangesAllowedAsUser, userId 0 : true
04-07 12:46:18.812  1407  5567 D SettingsProvider: ret = 1
04-07 12:46:18.814  1407  5567 I VaultKeeperService: read
04-07 12:46:18.814  1407  5567 I VaultKeeperService: Get service instance by (6201/10074)
04-07 12:46:18.815  1407  5567 I VaultKeeperService: Client info : com.samsung.android.kgclient
04-07 12:46:18.927  1407  5567 I VaultKeeperService: read
04-07 12:46:18.927  1407  5567 I VaultKeeperService: Get service instance by (6201/10074)
04-07 12:46:18.928  1407  5567 I VaultKeeperService: Client info : com.samsung.android.kgclient
04-07 12:46:18.978   714   714 D io_stats: !@   8,0 r 132273 6374192 w 13455 187556 d 5201 1347224 f 0 0 iot 23244 0 th 0 0 0 pt 0 inp 0 1 66.842
04-07 12:46:19.042  1407  3454 I VaultKeeperService: read
04-07 12:46:19.042  1407  3454 I VaultKeeperService: Get service instance by (6201/10074)
04-07 12:46:19.045  1407  3454 I VaultKeeperService: Client info : com.samsung.android.kgclient
04-07 12:46:19.057  1407  2771 D CompatibilityChangeReporter: Compat change id reported: 168419799; UID 10310; state: DISABLED
04-07 12:46:19.070  1407  3531 I ActivityManager: Changes in 10412 5 to 10, 8 to 0
04-07 12:46:19.104  1407  3034 I ActivityManager: Killing 4858:moe.shizuku.privileged.api/u0a352 (adj 999): empty #37
04-07 12:46:19.155  1407  2165 I ActivityManager: Killing 4899:dqlurkqi.fvjab/u0a398 (adj 999): empty #37
04-07 12:46:19.200  1407  3521 I GenerationRegistry: mBackingStore.isClosed() : false
04-07 12:46:19.204  1407  3521 I VaultKeeperService: write
04-07 12:46:19.204  1407  3521 I VaultKeeperService: Get service instance by (6201/10074)
04-07 12:46:19.205  1407  3521 I VaultKeeperService: Client info : com.samsung.android.kgclient
04-07 12:46:19.350  1407  2470 D SettingsProvider: isChangeAllowed() : name = enabled_notification_listeners
04-07 12:46:19.376  1407  3521 I VaultKeeperService: read
04-07 12:46:19.376  1407  3521 I VaultKeeperService: Get service instance by (6201/10074)
04-07 12:46:19.377  1407  3521 I VaultKeeperService: Client info : com.samsung.android.kgclient
04-07 12:46:19.439  1407  2480 I ActivityManager: Waited long enough for: ServiceRecord{8e5d007 u0 com.samsung.android.knox.analytics.uploader/.job.Job}
04-07 12:46:19.451  1407  2538 I AppsFilter: interaction: PackageSetting{8ef87e6 me.trialunlock/10435} -> PackageSetting{b492127 com.google.android.partnersetup/10213} BLOCKED
04-07 12:46:19.457  1407  1407 D SettingsProvider: isChangeAllowed() : name = next_alarm_formatted
04-07 12:46:19.457  1407  1407 I GenerationRegistry: mBackingStore.isClosed() : false
04-07 12:46:19.458  1407  1407 D ConditionProviders.SCP: onReceive android.app.action.NEXT_ALARM_CLOCK_CHANGED
04-07 12:46:19.459  1407  1407 D ConditionProviders.SCP: evaluateSubscriptionLocked cal=ScheduleCalendar[mDays={1, 2, 3, 4, 5, 6, 7}, mSchedule=ScheduleInfo{days=[1, 2, 3, 4, 5, 6, 7], startHour=22, startMinute=0, endHour=7, endMinute=0, exitAtAlarm=false, nextAlarm=Thu Jan 01 02:00:00 GMT+03:00 1970 (0)}], now=Mon Apr 07 12:46:19 GMT+03:00 2025 (1744019179458), nextUserAlarmTime=Thu Jan 01 02:00:00 GMT+03:00 1970 (0)
04-07 12:46:19.459  1407  1407 D ConditionProviders.SCP: notifyCondition condition://android/schedule?days=1.2.3.4.5.6.7&start=22.0&end=7.0&exitAtAlarm=false STATE_FALSE reason=!meetsSchedule
04-07 12:46:19.459  1407  1407 D SettingsProvider: isChangeAllowed() : name = snoozed_schedule_condition_provider
04-07 12:46:19.463  1407  2538 I AppsFilter: interaction: PackageSetting{5f17540 me.thanoxunlocker/10395} -> PackageSetting{b492127 com.google.android.partnersetup/10213} BLOCKED
04-07 12:46:19.466  1407  3521 D RestrictionPolicy: allowSafeMode : true
04-07 12:46:19.466  1407  3521 D RestrictionPolicy: isSafeModeAllowed : true
04-07 12:46:19.475  1407  2538 I AppsFilter: interaction: PackageSetting{6edadbe me.symfull/10270} -> PackageSetting{b492127 com.google.android.partnersetup/10213} BLOCKED
04-07 12:46:19.491  1407  3454 D CompatibilityChangeReporter: Compat change id reported: 171306433; UID 10197; state: ENABLED
04-07 12:46:19.492  1407  2590 D OverlayManager: reconcileSettingsForPackage pkgName=com.google.android.partnersetup userId=0
04-07 12:46:19.493  1407  2590 I OverlayManager: updateOverlaysForTarget() called with: targetPackage = [com.google.android.partnersetup], userId = [0], flags = [0], skipUpdateState = [true]
04-07 12:46:19.494  1407  3454 D CompatibilityChangeReporter: Compat change id reported: 218533173; UID 10197; state: ENABLED
04-07 12:46:19.495  1407  3454 D CompatibilityChangeReporter: Compat change id reported: 226439802; UID 10197; state: DISABLED
04-07 12:46:19.501  1407  3531 I GenerationRegistry: mBackingStore.isClosed() : false
04-07 12:46:19.515  1407  2626 D CompatibilityChangeReporter: Compat change id reported: 218533173; UID 10213; state: ENABLED
04-07 12:46:19.547  1407  2660 D ActivityTaskManager: SafeActivityOptions created, mOriginalCallingPid=1407, mOriginalCallingUid=1000, options=null, caller=com.android.server.am.PendingIntentRecord.sendInner:486 com.android.server.am.ActivityManagerService.sendIntentSender:6624 com.android.server.am.ActivityManagerService.sendIntentSender:6613 android.app.PendingIntent.sendAndReturnResult:1029 android.app.PendingIntent.send:1000 android.app.PendingIntent.send:908 com.android.server.sepunion.SemDeviceInfoManagerService.sendIntentAction:197 
04-07 12:46:19.553  1407  3454 D SecContentProvider: called from com.samsung.android.app.contacts
04-07 12:46:19.556  1407  2660 D ActivityManager: Received SERVICE intent 0xe79cb59 Key{startService pkg=com.samsung.android.app.routines intent=act=com.samsung.android.routine.ACTION_PACKAGE_CHANGED cmp=com.samsung.android.app.routines/.domainmodel.service.RoutineService flags=0x2000000 u=0} requestCode=10000 from uid 1000
04-07 12:46:19.558  1407  2590 D OverlayManager: reconcileSettingsForPackage pkgName=com.sec.unifiedwfc userId=0
04-07 12:46:19.558  1407  2590 I OverlayManager: updateOverlaysForTarget() called with: targetPackage = [com.sec.unifiedwfc], userId = [0], flags = [0], skipUpdateState = [true]
04-07 12:46:19.565  1407  2590 D OverlayManager: create idmap for com.sec.unifiedwfc and android
04-07 12:46:19.576  1407  2660 D ActivityTaskManager: SafeActivityOptions created, mOriginalCallingPid=1407, mOriginalCallingUid=1000, options=null, caller=com.android.server.am.PendingIntentRecord.sendInner:486 com.android.server.am.ActivityManagerService.sendIntentSender:6624 com.android.server.am.ActivityManagerService.sendIntentSender:6613 android.app.PendingIntent.sendAndReturnResult:1029 android.app.PendingIntent.send:1000 android.app.PendingIntent.send:908 com.android.server.sepunion.SemDeviceInfoManagerService.sendIntentAction:197 
04-07 12:46:19.581  1407  3454 D CompatibilityChangeReporter: Compat change id reported: 135634846; UID 10111; state: DISABLED
04-07 12:46:19.581  1407  3454 D CompatibilityChangeReporter: Compat change id reported: 177438394; UID 10111; state: DISABLED
04-07 12:46:19.582  1407  3454 D CompatibilityChangeReporter: Compat change id reported: 135772972; UID 10111; state: DISABLED
04-07 12:46:19.582  1407  3454 D CompatibilityChangeReporter: Compat change id reported: 135754954; UID 10111; state: ENABLED
04-07 12:46:19.582  1407  2481 D CompatibilityChangeReporter: Compat change id reported: 143937733; UID 10111; state: ENABLED
04-07 12:46:19.584  1407  3454 I ActivityManager: Killing 4919:com.android.providers.calendar/u150a94 (adj 999): empty #37
04-07 12:46:19.590  1407  2660 D ActivityManager: Received SERVICE intent 0xe79cb59 Key{startService pkg=com.samsung.android.app.routines intent=act=com.samsung.android.routine.ACTION_PACKAGE_CHANGED cmp=com.samsung.android.app.routines/.domainmodel.service.RoutineService flags=0x2000000 u=0} requestCode=10000 from uid 1000
04-07 12:46:19.602  1407  2481 I ActivityManager: Start proc 8802:com.sec.android.app.myfiles/u0a111 for broadcast {com.sec.android.app.myfiles/com.sec.android.app.myfiles.external.receiver.MyFilesReceiver}
04-07 12:46:19.602  1407  1407 I Telecom : DefaultDialerCache: Refreshing default dialer for user 0: now com.samsung.android.dialer: DDC.oR@AKk
04-07 12:46:19.603  1407  1407 I Telecom : DefaultDialerCache: Refreshing default dialer for user 150: now null: DDC.oR@AKk
04-07 12:46:19.603  1407  1407 D SettingsProvider: isChangeAllowed() : name = next_alarm_formatted
04-07 12:46:19.604  1407  1407 I GenerationRegistry: mBackingStore.isClosed() : false
04-07 12:46:19.612  1407  3531 D SecContentProvider: called from com.samsung.android.app.contacts
04-07 12:46:19.633  1407  3576 D CompatibilityChangeReporter: Compat change id reported: 174042980; UID 10390; state: DISABLED
04-07 12:46:19.664  1407  1407 I Telecom : DefaultDialerCache: Refreshing default dialer for user 0: now com.samsung.android.dialer: DDC.oR@AKo
04-07 12:46:19.665  1407  1407 I Telecom : DefaultDialerCache: Refreshing default dialer for user 150: now null: DDC.oR@AKo
04-07 12:46:19.665  1407  5567 D SecContentProvider: called from com.samsung.android.app.contacts
04-07 12:46:19.667  1407  1407 D ConditionProviders.SCP: onReceive android.app.action.NEXT_ALARM_CLOCK_CHANGED
04-07 12:46:19.667  1407  1407 D ConditionProviders.SCP: evaluateSubscriptionLocked cal=ScheduleCalendar[mDays={1, 2, 3, 4, 5, 6, 7}, mSchedule=ScheduleInfo{days=[1, 2, 3, 4, 5, 6, 7], startHour=22, startMinute=0, endHour=7, endMinute=0, exitAtAlarm=false, nextAlarm=Thu Jan 01 02:00:00 GMT+03:00 1970 (0)}], now=Mon Apr 07 12:46:19 GMT+03:00 2025 (1744019179667), nextUserAlarmTime=Mon Apr 07 21:00:00 GMT+03:00 2025 (1744048800000)
04-07 12:46:19.667  1407  1407 D ConditionProviders.SCP: notifyCondition condition://android/schedule?days=1.2.3.4.5.6.7&start=22.0&end=7.0&exitAtAlarm=false STATE_FALSE reason=!meetsSchedule
04-07 12:46:19.668  1407  1407 D SettingsProvider: isChangeAllowed() : name = snoozed_schedule_condition_provider
04-07 12:46:19.681  1407  5567 I ActivityManager: Killing 3315:com.android.settings/1000 (adj 999): empty #37
04-07 12:46:19.692  1407  3576 D CompatibilityChangeReporter: Compat change id reported: 168419799; UID 10111; state: DISABLED
04-07 12:46:19.694  1407  2590 E OverlayManager: Idmap generation retry failed for /system/app/UnifiedWFC/UnifiedWFC.apk and /data/resource-cache/android-SemWT_com.sec.unifiedwfc-4z4V.frro
04-07 12:46:19.696  1407  3576 I ActivityManager: DSS OFF for com.sec.android.app.myfiles
04-07 12:46:19.697  1407  2827 D SettingsProvider: isChangeAllowed() : name = wifi_wcm_qos_sharing_score_summary
04-07 12:46:19.758  1407  2468 W Looper  : Slow dispatch took 162ms android.fg h=android.os.Handler c=<recycled PooledLambda@6a5b251> m=0
04-07 12:46:19.782  1407  3576 I ActivityManager: com.sec.phone is exempt from freezer by list
04-07 12:46:19.782  1407  3576 D CompatibilityChangeReporter: Compat change id reported: 135634846; UID 1001; state: DISABLED
04-07 12:46:19.783  1407  3576 D CompatibilityChangeReporter: Compat change id reported: 177438394; UID 1001; state: DISABLED
04-07 12:46:19.783  1407  3576 D CompatibilityChangeReporter: Compat change id reported: 135772972; UID 1001; state: DISABLED
04-07 12:46:19.783  1407  3576 D CompatibilityChangeReporter: Compat change id reported: 135754954; UID 1001; state: ENABLED
04-07 12:46:19.784  1407  3576 I ActivityManager: Killing 5894:com.android.traceur/u0a174 (adj 999): empty #37
04-07 12:46:19.792  1407  2481 I ActivityManager: Start proc 8826:com.sec.phone/1001 for broadcast {com.sec.phone/com.sec.phone.BootCompleteReceiver}
04-07 12:46:19.804  1407  5567 I ActivityManager: Killing 4943:com.google.android.gms/u150a226 (adj 999): empty #37
04-07 12:46:19.840  1407  3531 I ActivityManager: DSS OFF for com.sec.phone
04-07 12:46:19.851  1407  2890 W Looper  : Slow dispatch took 256ms android.perm h=android.os.Handler c=<recycled PooledLambda@7a60ec0> m=0
04-07 12:46:19.902  1407  2514 D PowerManagerService: UserActivityStateListenerState: 0
04-07 12:46:19.903  1407  2890 W Looper  : Slow delivery took 256ms android.perm h=android.os.Handler c=<recycled PooledLambda@b221ab5> m=0
04-07 12:46:19.910  1407  2468 W Looper  : Slow dispatch took 153ms android.fg h=android.os.Handler c=<recycled PooledLambda@f22dc16> m=0
04-07 12:46:19.915  1407  2890 W Looper  : Drained
04-07 12:46:19.957  1407  3034 D CompatibilityChangeReporter: Compat change id reported: 319212206; UID 10576; state: DISABLED
04-07 12:46:20.031  1407  2165 D SecContentProvider: called from com.samsung.android.app.contacts
04-07 12:46:20.035  1407  2165 I VaultKeeperService: read
04-07 12:46:20.035  1407  2165 I VaultKeeperService: Get service instance by (6201/10074)
04-07 12:46:20.040  1407  2165 I VaultKeeperService: Client info : com.samsung.android.kgclient
04-07 12:46:20.045  1407  5566 D InputMethodManagerService: removeClient
04-07 12:46:20.049  1407  2471 W ActivityManager: setHasOverlayUi called on unknown pid: 3315
04-07 12:46:20.055  1407  2468 W Looper  : Slow delivery took 315ms android.fg h=android.os.Handler c=<recycled PooledLambda@6e5214> m=0
04-07 12:46:20.055  1407  2468 W Looper  : Slow dispatch took 144ms android.fg h=android.os.Handler c=<recycled PooledLambda@6e5214> m=0
04-07 12:46:20.103  1407  2599 D SecContentProvider: called from com.samsung.android.app.contacts
04-07 12:46:20.132  1407  2599 D SGM:GameManager: identifyForegroundApp. com.sec.android.app.launcher, mCurrentUserId: 0, callerUserId: 0
04-07 12:46:20.133  1407  5582 D SecContentProvider: called from com.samsung.android.app.contacts
04-07 12:46:20.138  1407  2599 D SGM:PkgDataHelper: getGamePkgData(). com.sec.android.app.launcher
04-07 12:46:20.183  1407  3531 D CompatibilityChangeReporter: Compat change id reported: 74210811; UID 1001; state: DISABLED
04-07 12:46:20.188  1407  2468 W Looper  : Slow dispatch took 133ms android.fg h=android.os.Handler c=<recycled PooledLambda@6be076a> m=0
04-07 12:46:20.236  1407  1407 I ReactiveService: SECURE_FRP_MODE not found
04-07 12:46:20.261  1407  2471 W ContextImpl: Calling a method in the system process without a qualified user: android.app.ContextImpl.sendBroadcast:1252 com.android.server.input.InputKeyCounter.sendBroadcastKeyCountInternal:99 com.android.server.input.InputKeyCounter.kickOldies:142 com.android.server.input.InputManagerService$19.onReceive:6227 android.app.LoadedApk$ReceiverDispatcher$Args.lambda$getRunnable$0$android-app-LoadedApk$ReceiverDispatcher$Args:1919 
04-07 12:46:20.263  1407  3034 I ActivityManager: Killing 6398:com.android.localtransport/1000 (adj 999): empty #37
04-07 12:46:20.278  1407  1407 V CameraService_worker: ACTION***android.intent.action.BOOT_COMPLETED
04-07 12:46:20.280  1407  1407 E VtCameraProviderObserver: providerExistOrNot android.content.pm.PackageManager$NameNotFoundException: com.samsung.android.vtcamerasettings
04-07 12:46:20.280  1407  1407 I VtCameraProviderObserver: VT Camera provider does not exist. Skip observer register.
04-07 12:46:20.281  1407  1407 I VisionServerListManager: loadListFromFile list file is not stored. version : 2022091505
04-07 12:46:20.281  1407  1407 I VisionServerReceiver: mIsUnihalSupport = false
04-07 12:46:20.281  1407  1407 I VisionServerReceiver: notifyPkgListParamChange : size is 51
04-07 12:46:20.281  1407  1407 I VisionServerReceiver: Does not support visionserver connect
04-07 12:46:20.283  1407  1407 I VtCameraProviderObserver: Updating allowed package list for request injector is done
04-07 12:46:20.283  1407  1407 I RequestInjectorService: sendAllExtraRequestsToRequestInjector
04-07 12:46:20.283  1407  1407 I RequestInjectorService: sendExtraRequestsToRequestInjector updated size = 0
04-07 12:46:20.284  1407  1407 I RequestInjectorService: sendExtraRequestsToRequestInjector done
04-07 12:46:20.285  1407  1407 I CameraService_worker: NotifyDeviceStateChange 0x0, sync(false)
04-07 12:46:20.286  1407  5585 I GenerationRegistry: mBackingStore.isClosed() : false
04-07 12:46:20.295  1407  2468 W Looper  : Slow dispatch took 108ms android.fg h=android.os.Handler c=<recycled PooledLambda@4a498be> m=0
04-07 12:46:20.296  1407  1407 V SemContextConnectionList: ACTION***android.intent.action.BOOT_COMPLETED
04-07 12:46:20.296  1407  1407 D SemContextConnectionList: updateSCPMParametersFromDB
04-07 12:46:20.296  1407  1407 D SemContextConnectionList: isSCPMAvailable
04-07 12:46:20.317  1407  1407 D CompatibilityChangeReporter: Compat change id reported: 161145287; UID 1000; state: DISABLED
04-07 12:46:20.336  1407  2700 D SemContextConnectionList: client packageName : android
04-07 12:46:20.372  1407  5582 I ActivityManager: com.sec.android.gallery3d is exempt from freezer by list
04-07 12:46:20.372  1407  5582 D CompatibilityChangeReporter: Compat change id reported: 135634846; UID 10103; state: DISABLED
04-07 12:46:20.372  1407  5582 D CompatibilityChangeReporter: Compat change id reported: 177438394; UID 10103; state: DISABLED
04-07 12:46:20.372  1407  5582 D CompatibilityChangeReporter: Compat change id reported: 135772972; UID 10103; state: DISABLED
04-07 12:46:20.372  1407  5582 D CompatibilityChangeReporter: Compat change id reported: 135754954; UID 10103; state: ENABLED
04-07 12:46:20.373  1407  2481 D CompatibilityChangeReporter: Compat change id reported: 143937733; UID 10103; state: ENABLED
04-07 12:46:20.374  1407  5582 I ActivityManager: Killing 6776:com.sec.facatfunction/1000 (adj 999): empty #37
04-07 12:46:20.383  1407  2481 I ActivityManager: Start proc 8885:com.sec.android.gallery3d/u0a103 for broadcast {com.sec.android.gallery3d/com.samsung.android.gallery.app.receiver.TrashUpdateReceiver}
04-07 12:46:20.406  1407  2468 W Looper  : Slow dispatch took 110ms android.fg h=android.os.Handler c=<recycled PooledLambda@d27012c> m=0
04-07 12:46:20.431   742   742 I keystore2: keystore2::security_level: In create_operation. Success to create IKeystoreOperation. 10111, None
04-07 12:46:20.438  1407  1407 I ActivityManager: Killing 7000:com.samsung.android.providers.factory/1000 (adj 999): empty #37
04-07 12:46:20.440  1407  1407 D IbsQuickDim: handleBootComplete
04-07 12:46:20.443  1407  1407 D SleepModePolicyController: action is >> android.intent.action.BOOT_COMPLETED
04-07 12:46:20.443  1407  1407 D SleepModePolicyController: sendBootCompleteMessage
04-07 12:46:20.443  1407  2751 D SleepModePolicyController: handleBootCompleteEvent
04-07 12:46:20.458  1407  5582 D CompatibilityChangeReporter: Compat change id reported: 168419799; UID 10103; state: DISABLED
04-07 12:46:20.459  1407  5582 I ActivityManager: DSS OFF for com.sec.android.gallery3d
04-07 12:46:20.466  1407  2751 D SleepModePolicyController: isSleepModeActivated to be false
04-07 12:46:20.499  1407  2532 W ActivityThread: Failed to find provider info for myfiles (user not unlocked)
04-07 12:46:20.516  1407  2468 W Looper  : Slow dispatch took 110ms android.fg h=android.os.Handler c=<recycled PooledLambda@30c75ed> m=0
04-07 12:46:20.522  1407  1407 D PowerManagerService: [api] userActivity : event: 0 flags: 0 (uid: 1000 pid: 1407) <- handleMotionEvent() in com.android.server.accessibility.AccessibilityInputFilter:481 eventTime = 68353 displayId = 0
04-07 12:46:20.523  1407  2710 D PowerManagerService: [api] userActivityFromNative :  (event: 2 flags: 0 displayId: 0) eventTime = 68353
04-07 12:46:20.523  1407  2710 D PowerManagerService: UserActivityStateListenerState: 1
04-07 12:46:20.569  1407  5582 I VaultKeeperService: verifyCertificate
04-07 12:46:20.569  1407  5582 I VaultKeeperService: Get service instance by (6201/10074)
04-07 12:46:20.570  1407  2599 D CompatibilityChangeReporter: Compat change id reported: 135634846; UID 10249; state: DISABLED
04-07 12:46:20.570  1407  2599 D CompatibilityChangeReporter: Compat change id reported: 177438394; UID 10249; state: DISABLED
04-07 12:46:20.570  1407  2599 D CompatibilityChangeReporter: Compat change id reported: 135772972; UID 10249; state: DISABLED
04-07 12:46:20.571  1407  2599 D CompatibilityChangeReporter: Compat change id reported: 135754954; UID 10249; state: ENABLED
04-07 12:46:20.571  1407  5582 I VaultKeeperService: Client info : com.samsung.android.kgclient
04-07 12:46:20.571  1407  2481 D CompatibilityChangeReporter: Compat change id reported: 143937733; UID 10249; state: ENABLED
04-07 12:46:20.579  1407  1407 D SemMdnieManagerService: BOOT_ON - mScreenMode : 4 , mAutoModeEnabled - true
04-07 12:46:20.590  1407  6568 D CompatibilityChangeReporter: Compat change id reported: 124107808; UID 1001; state: ENABLED
04-07 12:46:20.591  1407  2481 I ActivityManager: Start proc 8906:com.android.carrierconfig/u0a249 for service {com.android.carrierconfig/com.android.carrierconfig.DefaultCarrierConfigService}
04-07 12:46:20.594  1407  1407 I MdnieScenarioControlService: action  :  android.intent.action.BOOT_COMPLETED
04-07 12:46:20.595  1407  1407 I MdnieScenarioControlService: mActivityManager  :  android.app.ActivityManager@82aeebf, mMdnieManager  :  com.samsung.android.hardware.display.SemMdnieManager@5c0098c, mMediaRouterManager  :  android.media.MediaRouter@3f4e8d5, mSemDisplaySolutionManager  :  com.samsung.android.displaysolution.SemDisplaySolutionManager@829b7db, DesktopModeFeature  :  true
04-07 12:46:20.596  1407  1407 I AdaptiveDisplaySolutionService: action  :  android.intent.action.BOOT_COMPLETED
04-07 12:46:20.600  1407  1407 I EyeComfortSolutionService: action  :  android.intent.action.BOOT_COMPLETED
04-07 12:46:20.601  1407  1407 D EyeComfortSolutionService: mBlueLightFilterModeEnabled : false , mNightDimModeEnabled : false , mBlueLightFilterAdaptiveModeEnabled : false , mDefaultThemeEnabled : true , mBlueLightFilterCustomAlwaysOn : true
04-07 12:46:20.609  1407  1407 I EyeComfortSolutionService: reset blue_light_filter_data_reset
04-07 12:46:20.609  1407  1407 D EyeComfortSolutionService: updateNightDimSettings index : 0 , mNightDimFontConfigValue : 0
04-07 12:46:20.637  1407  2599 D CompatibilityChangeReporter: Compat change id reported: 157233955; UID 1000; state: ENABLED
04-07 12:46:20.648  1407  1407 W BroadcastQueue: Skipping deliver [offload_bg] BroadcastRecord{eb8b70c u0 android.intent.action.BOOT_COMPLETED} to ReceiverList{5e16b7d 3315 com.android.settings/1000/u0 remote:f67cdd4}: process gone or crashing
04-07 12:46:20.652  1407  3001 I Telecom:SamsungTelecomServiceImpl: getDefaultDialerPackageForUser - userId : 0 / callingPid : 2907 / processName : sts
04-07 12:46:20.658  1407  6568 D CompatibilityChangeReporter: Compat change id reported: 161252188; UID 10232; state: DISABLED
04-07 12:46:20.659  1407  6568 D CompatibilityChangeReporter: Compat change id reported: 135634846; UID 99000; state: DISABLED
04-07 12:46:20.659  1407  6568 D CompatibilityChangeReporter: Compat change id reported: 177438394; UID 99000; state: DISABLED
04-07 12:46:20.659  1407  6568 D CompatibilityChangeReporter: Compat change id reported: 135772972; UID 99000; state: DISABLED
04-07 12:46:20.660  1407  6568 D CompatibilityChangeReporter: Compat change id reported: 135754954; UID 99000; state: ENABLED
04-07 12:46:20.660  1407  2481 D CompatibilityChangeReporter: Compat change id reported: 143937733; UID 10576; state: ENABLED
04-07 12:46:20.662  1407  1407 I Telecom : DefaultDialerCache: Refreshing default dialer for user 0: now com.samsung.android.dialer: DDC.oR@AKw
04-07 12:46:20.662  1407  1407 I Telecom : DefaultDialerCache: Refreshing default dialer for user 150: now null: DDC.oR@AKw
04-07 12:46:20.672  1407  2908 I Pageboost: Launcher App Execution
04-07 12:46:20.677  1407  1407 I Telecom : MissedCallNotifierImpl: reloadAfterBootComplete: user=0: TSBCR.oR@AK0
04-07 12:46:20.678  1407  5539 D SettingsProvider: isChangeAllowed() : name = set_network_mode_by_quick_panel
04-07 12:46:20.679  1407  1407 I Telecom:SamsungMissedCallNotifierImpl: reloadFromDatabase - userHandle : UserHandle{0} / isCloneProfile : false / isProfile : false / isManagedProfile : false / isDualAppId : false
04-07 12:46:20.687  1407  5539 D SettingsProvider: isChangeAllowed() : name = reset_fplmn_function_mode_set
04-07 12:46:20.695  1407  1407 I Telecom : MissedCallNotifierImpl: reloadAfterBootComplete: user=150: TSBCR.oR@AK0
04-07 12:46:20.695  1407  1407 I Telecom:SamsungMissedCallNotifierImpl: reloadFromDatabase - userHandle : UserHandle{150} / isCloneProfile : false / isProfile : true / isManagedProfile : true / isDualAppId : false
04-07 12:46:20.695  1407  1407 I Telecom:SamsungCallsManager: onBootCompleted - userHandle : UserHandle{0} / myUserHandle : UserHandle{0}
04-07 12:46:20.697  1407  1407 I Telecom:SamsungCloudPlatformManagement: isAvailable : true
04-07 12:46:20.698  1407  1407 I Telecom:SamsungCloudPlatformManagement: register - packageName : com.android.server.telecom / appId : 0j******x1 / appSignature : 308204d4308203bca003020102020900d20995a79c0daad6300d06092a864886f70d01010505003081a2310b3009060355040613024b52311430120603550408130b536f757468204b6f726561311330110603550407130a5375776f6e2043697479311c301a060355040a131353616d73756e6720436f72706f726174696f6e310c300a060355040b1303444d43311530130603550403130c53616d73756e6720436572743125302306092a864886f70d0109011616616e64726f69642e6f734073616d73756e672e636f6d301e170d3131303632323132323531325a170d3338313130373132323531325a3081a2310b3009060355040613024b52311430120603550408130b536f757468204b6f726561311330110603550407130a5375776f6e2043697479311c301a060355040a131353616d73756e6720436f72706f726174696f6e310c300a060355040b1303444d43311530130603550403130c53616d73756e6720436572743125302306092a864886f70d0109011616616e64726f69642e6f734073616d73756e672e636f6d30820120300d06092a864886f70d01010105000382010d00308201080282010100c986384a3e1f2fb206670e78ef232215c0d26f45a22728db99a44da11c35ac33a71fe071c4a2d6825a9b4c88b333ed96f3c5e6c666d60f3ee94c490885abcf8dc660f707aabc77ead3e2d0d8aee8108c15cd260f2e85042c28d2f292daa3c6da0c7bf2391db7841aade8fdf0c9d0defcf77124e6d2de0a9e0d2da746c3670e4ffcdc85b701bb4744861b96ff7311da3603c5a10336e55ffa34b4353eedc85f51015e1518c67e309e39f87639ff178107f109cd18411a6077f26964b6e63f8a70b9619db04306a323c1a1d23af867e19f14f570ffe573d0e3a0c2b30632aaec3173380994be1e341e3a90bd2e4b615481f46db39ea83816448ec35feb1735c1f3020103a382010b30820107301d0603551d0e04160414932c3af70b627a0c7610b5a0e7427d6cfaea3f1e3081d70603551d230481cf3081cc8014932c3af70b627a0c7610b5a0e7427d6cfaea3f1ea181a8a481a53081a2310b3009060355040613024b52311430120603550408130b536f757468204b6f726561311330110603550407130a5375776f6e2043697479311c301a060355040a131353616d73756e6720436f72706f726174696f6e310c300a060355040b1303444d43311530130603550403130c53616d73756e6720436572743125302306092a864886f70d0109011616616e64726f69642e6f734073616d73756e672e636f6d820900d20995a79c0daad6300c0603551d13040530030101ff300d06092a864886f70d01010505000382010100329601fe40e036a4a86cc5d49dd8c1b5415998e72637538b0d430369ac51530f63aace8c019a1a66616a2f1bb2c5fabd6f313261f380e3471623f053d9e3c53f5fd6d1965d7b000e4dc244c1b27e2fe9a323ff077f52c4675e86247aa801187137e30c9bbf01c567a4299db4bf0b25b7d7107a7b81ee102f72ff47950164e26752e114c42f8b9d2a42e7308897ec640ea1924ed13abbe9d120912b62f4926493a86db94c0b46f44c6161d58c2f648164890c512dfb28d42c855bf470dbee2dab6960cad04e81f71525ded46cdd0f359f99c460db9f007d96ce83b4b218ac2d82c48f12608d469733f05a3375594669ccbf8a495544d6c5701e9369c08c810158
